../app/src/task_system_interface.c:66:6:init_event_task_system	32	static
../app/src/task_system_interface.c:84:6:put_event_task_system	16	static
../app/src/task_system_interface.c:90:18:get_event_task_system	4	static
../app/src/task_system_interface.c:96:6:any_event_task_system	4	static
../app/src/task_system_interface.c:101:10:get_sys_wind_critical_th	4	static
../app/src/task_system_interface.c:106:10:get_sys_wind_moderate_th	4	static
../app/src/task_system_interface.c:111:10:get_sys_irrig_duration_s	4	static
../app/src/task_system_interface.c:116:10:get_sys_enable_night_irrig	4	static
../app/src/task_system_interface.c:121:6:is_night_irrigation_inhibited	4	static
../app/src/task_system_interface.c:127:9:get_sys_web_inhibits	4	static
../app/src/task_system_interface.c:132:10:get_sys_op_mode	4	static
../app/src/task_system_interface.c:137:18:get_system_mode	4	static
../app/src/task_system_interface.c:145:6:set_sys_wind_critical_th	16	static
../app/src/task_system_interface.c:150:6:set_sys_wind_moderate_th	16	static
../app/src/task_system_interface.c:155:6:set_sys_irrig_duration_s	16	static
../app/src/task_system_interface.c:160:6:set_sys_enable_night_irrig	16	static
../app/src/task_system_interface.c:165:6:set_sys_web_inhibits	16	static
../app/src/task_system_interface.c:170:6:set_sys_op_mode	16	static
