Archive member included to satisfy reference by file (symbol)

C:/ST/STM32CubeIDE_1.19.0/STM32CubeIDE/plugins/com.st.stm32cube.ide.mcu.externaltools.gnu-tools-for-stm32.13.3.rel1.win32_1.0.0.202411081344/tools/bin/../lib/gcc/arm-none-eabi/13.3.1/../../../../arm-none-eabi/lib/thumb/v7-m/nofp\libc_nano.a(libc_a-exit.o)
                              C:/ST/STM32CubeIDE_1.19.0/STM32CubeIDE/plugins/com.st.stm32cube.ide.mcu.externaltools.gnu-tools-for-stm32.13.3.rel1.win32_1.0.0.202411081344/tools/bin/../lib/gcc/arm-none-eabi/13.3.1/../../../../arm-none-eabi/lib/thumb/v7-m/nofp/crt0.o (exit)
C:/ST/STM32CubeIDE_1.19.0/STM32CubeIDE/plugins/com.st.stm32cube.ide.mcu.externaltools.gnu-tools-for-stm32.13.3.rel1.win32_1.0.0.202411081344/tools/bin/../lib/gcc/arm-none-eabi/13.3.1/../../../../arm-none-eabi/lib/thumb/v7-m/nofp\libc_nano.a(libc_a-findfp.o)
                              C:/ST/STM32CubeIDE_1.19.0/STM32CubeIDE/plugins/com.st.stm32cube.ide.mcu.externaltools.gnu-tools-for-stm32.13.3.rel1.win32_1.0.0.202411081344/tools/bin/../lib/gcc/arm-none-eabi/13.3.1/../../../../arm-none-eabi/lib/thumb/v7-m/nofp\libc_nano.a(libc_a-exit.o) (__stdio_exit_handler)
C:/ST/STM32CubeIDE_1.19.0/STM32CubeIDE/plugins/com.st.stm32cube.ide.mcu.externaltools.gnu-tools-for-stm32.13.3.rel1.win32_1.0.0.202411081344/tools/bin/../lib/gcc/arm-none-eabi/13.3.1/../../../../arm-none-eabi/lib/thumb/v7-m/nofp\libc_nano.a(libc_a-fwalk.o)
                              C:/ST/STM32CubeIDE_1.19.0/STM32CubeIDE/plugins/com.st.stm32cube.ide.mcu.externaltools.gnu-tools-for-stm32.13.3.rel1.win32_1.0.0.202411081344/tools/bin/../lib/gcc/arm-none-eabi/13.3.1/../../../../arm-none-eabi/lib/thumb/v7-m/nofp\libc_nano.a(libc_a-findfp.o) (_fwalk_sglue)
C:/ST/STM32CubeIDE_1.19.0/STM32CubeIDE/plugins/com.st.stm32cube.ide.mcu.externaltools.gnu-tools-for-stm32.13.3.rel1.win32_1.0.0.202411081344/tools/bin/../lib/gcc/arm-none-eabi/13.3.1/../../../../arm-none-eabi/lib/thumb/v7-m/nofp\libc_nano.a(libc_a-sprintf.o)
                              ./app/src/logger.o (sprintf)
C:/ST/STM32CubeIDE_1.19.0/STM32CubeIDE/plugins/com.st.stm32cube.ide.mcu.externaltools.gnu-tools-for-stm32.13.3.rel1.win32_1.0.0.202411081344/tools/bin/../lib/gcc/arm-none-eabi/13.3.1/../../../../arm-none-eabi/lib/thumb/v7-m/nofp\libc_nano.a(libc_a-sscanf.o)
                              ./app/src/logger.o (sscanf)
C:/ST/STM32CubeIDE_1.19.0/STM32CubeIDE/plugins/com.st.stm32cube.ide.mcu.externaltools.gnu-tools-for-stm32.13.3.rel1.win32_1.0.0.202411081344/tools/bin/../lib/gcc/arm-none-eabi/13.3.1/../../../../arm-none-eabi/lib/thumb/v7-m/nofp\libc_nano.a(libc_a-stdio.o)
                              C:/ST/STM32CubeIDE_1.19.0/STM32CubeIDE/plugins/com.st.stm32cube.ide.mcu.externaltools.gnu-tools-for-stm32.13.3.rel1.win32_1.0.0.202411081344/tools/bin/../lib/gcc/arm-none-eabi/13.3.1/../../../../arm-none-eabi/lib/thumb/v7-m/nofp\libc_nano.a(libc_a-findfp.o) (__sread)
C:/ST/STM32CubeIDE_1.19.0/STM32CubeIDE/plugins/com.st.stm32cube.ide.mcu.externaltools.gnu-tools-for-stm32.13.3.rel1.win32_1.0.0.202411081344/tools/bin/../lib/gcc/arm-none-eabi/13.3.1/../../../../arm-none-eabi/lib/thumb/v7-m/nofp\libc_nano.a(libc_a-memset.o)
                              C:/ST/STM32CubeIDE_1.19.0/STM32CubeIDE/plugins/com.st.stm32cube.ide.mcu.externaltools.gnu-tools-for-stm32.13.3.rel1.win32_1.0.0.202411081344/tools/bin/../lib/gcc/arm-none-eabi/13.3.1/../../../../arm-none-eabi/lib/thumb/v7-m/nofp/crt0.o (memset)
C:/ST/STM32CubeIDE_1.19.0/STM32CubeIDE/plugins/com.st.stm32cube.ide.mcu.externaltools.gnu-tools-for-stm32.13.3.rel1.win32_1.0.0.202411081344/tools/bin/../lib/gcc/arm-none-eabi/13.3.1/../../../../arm-none-eabi/lib/thumb/v7-m/nofp\libc_nano.a(libc_a-strncmp.o)
                              ./app/src/logger.o (strncmp)
C:/ST/STM32CubeIDE_1.19.0/STM32CubeIDE/plugins/com.st.stm32cube.ide.mcu.externaltools.gnu-tools-for-stm32.13.3.rel1.win32_1.0.0.202411081344/tools/bin/../lib/gcc/arm-none-eabi/13.3.1/../../../../arm-none-eabi/lib/thumb/v7-m/nofp\libc_nano.a(libc_a-closer.o)
                              C:/ST/STM32CubeIDE_1.19.0/STM32CubeIDE/plugins/com.st.stm32cube.ide.mcu.externaltools.gnu-tools-for-stm32.13.3.rel1.win32_1.0.0.202411081344/tools/bin/../lib/gcc/arm-none-eabi/13.3.1/../../../../arm-none-eabi/lib/thumb/v7-m/nofp\libc_nano.a(libc_a-stdio.o) (_close_r)
C:/ST/STM32CubeIDE_1.19.0/STM32CubeIDE/plugins/com.st.stm32cube.ide.mcu.externaltools.gnu-tools-for-stm32.13.3.rel1.win32_1.0.0.202411081344/tools/bin/../lib/gcc/arm-none-eabi/13.3.1/../../../../arm-none-eabi/lib/thumb/v7-m/nofp\libc_nano.a(libc_a-reent.o)
                              C:/ST/STM32CubeIDE_1.19.0/STM32CubeIDE/plugins/com.st.stm32cube.ide.mcu.externaltools.gnu-tools-for-stm32.13.3.rel1.win32_1.0.0.202411081344/tools/bin/../lib/gcc/arm-none-eabi/13.3.1/../../../../arm-none-eabi/lib/thumb/v7-m/nofp\libc_nano.a(libc_a-closer.o) (errno)
[...]
Memory Configuration

Name             Origin             Length             Attributes
RAM              0x20000000         0x00005000         xrw
FLASH            0x08000000         0x00020000         xr
*default*        0x00000000         0xffffffff

Linker script and memory map

LOAD C:/ST/STM32CubeIDE_1.19.0/STM32CubeIDE/plugins/com.st.stm32cube.ide.mcu.externaltools.gnu-tools-for-stm32.13.3.rel1.win32_1.0.0.202411081344/tools/bin/../lib/gcc/arm-none-eabi/13.3.1/thumb/v7-m/nofp/crti.o
LOAD C:/ST/STM32CubeIDE_1.19.0/STM32CubeIDE/plugins/com.st.stm32cube.ide.mcu.externaltools.gnu-tools-for-stm32.13.3.rel1.win32_1.0.0.202411081344/tools/bin/../lib/gcc/arm-none-eabi/13.3.1/thumb/v7-m/nofp/crtbegin.o
LOAD C:/ST/STM32CubeIDE_1.19.0/STM32CubeIDE/plugins/com.st.stm32cube.ide.mcu.externaltools.gnu-tools-for-stm32.13.3.rel1.win32_1.0.0.202411081344/tools/bin/../lib/gcc/arm-none-eabi/13.3.1/../../../../arm-none-eabi/lib/thumb/v7-m/nofp/crt0.o
LOAD ./Core/Src/main.o
LOAD ./Core/Src/stm32f1xx_hal_msp.o
LOAD ./Core/Src/stm32f1xx_it.o
LOAD ./Core/Src/syscalls.o
LOAD ./Core/Src/system_stm32f1xx.o
LOAD ./Core/Startup/startup_stm32f103rbtx.o
LOAD ./Drivers/STM32F1xx_HAL_Driver/Src/stm32f1xx_hal.o
LOAD ./Drivers/STM32F1xx_HAL_Driver/Src/stm32f1xx_hal_adc.o
LOAD ./Drivers/STM32F1xx_HAL_Driver/Src/stm32f1xx_hal_adc_ex.o
LOAD ./Drivers/STM32F1xx_HAL_Driver/Src/stm32f1xx_hal_cortex.o
LOAD ./Drivers/STM32F1xx_HAL_Driver/Src/stm32f1xx_hal_dma.o
LOAD ./Drivers/STM32F1xx_HAL_Driver/Src/stm32f1xx_hal_exti.o
LOAD ./Drivers/STM32F1xx_HAL_Driver/Src/stm32f1xx_hal_flash.o
LOAD ./Drivers/STM32F1xx_HAL_Driver/Src/stm32f1xx_hal_flash_ex.o
LOAD ./Drivers/STM32F1xx_HAL_Driver/Src/stm32f1xx_hal_gpio.o
LOAD ./Drivers/STM32F1xx_HAL_Driver/Src/stm32f1xx_hal_gpio_ex.o
LOAD ./Drivers/STM32F1xx_HAL_Driver/Src/stm32f1xx_hal_i2c.o
LOAD ./Drivers/STM32F1xx_HAL_Driver/Src/stm32f1xx_hal_pwr.o
LOAD ./Drivers/STM32F1xx_HAL_Driver/Src/stm32f1xx_hal_rcc.o
LOAD ./Drivers/STM32F1xx_HAL_Driver/Src/stm32f1xx_hal_rcc_ex.o
LOAD ./Drivers/STM32F1xx_HAL_Driver/Src/stm32f1xx_hal_uart.o
LOAD ./app/src/app.o
LOAD ./app/src/display.o
LOAD ./app/src/eeprom.o
LOAD ./app/src/logger.o
LOAD ./app/src/task_actuator.o
LOAD ./app/src/task_actuator_interface.o
LOAD ./app/src/task_display.o
LOAD ./app/src/task_display_interface.o
LOAD ./app/src/task_sensor.o
LOAD ./app/src/task_sensor_interface.o
LOAD ./app/src/task_system.o
LOAD ./app/src/task_system_interface.o
START GROUP
LOAD C:/ST/STM32CubeIDE_1.19.0/STM32CubeIDE/plugins/com.st.stm32cube.ide.mcu.externaltools.gnu-tools-for-stm32.13.3.rel1.win32_1.0.0.202411081344/tools/bin/../lib/gcc/arm-none-eabi/13.3.1/../../../../arm-none-eabi/lib/thumb/v7-m/nofp\libc_nano.a
LOAD C:/ST/STM32CubeIDE_1.19.0/STM32CubeIDE/plugins/com.st.stm32cube.ide.mcu.externaltools.gnu-tools-for-stm32.13.3.rel1.win32_1.0.0.202411081344/tools/bin/../lib/gcc/arm-none-eabi/13.3.1/../../../../arm-none-eabi/lib/thumb/v7-m/nofp\libm.a
END GROUP
START GROUP
LOAD C:/ST/STM32CubeIDE_1.19.0/STM32CubeIDE/plugins/com.st.stm32cube.ide.mcu.externaltools.gnu-tools-for-stm32.13.3.rel1.win32_1.0.0.202411081344/tools/bin/../lib/gcc/arm-none-eabi/13.3.1/thumb/v7-m/nofp\libgcc.a
LOAD C:/ST/STM32CubeIDE_1.19.0/STM32CubeIDE/plugins/com.st.stm32cube.ide.mcu.externaltools.gnu-tools-for-stm32.13.3.rel1.win32_1.0.0.202411081344/tools/bin/../lib/gcc/arm-none-eabi/13.3.1/../../../../arm-none-eabi/lib/thumb/v7-m/nofp\libc_nano.a
END GROUP
START GROUP
LOAD C:/ST/STM32CubeIDE_1.19.0/STM32CubeIDE/plugins/com.st.stm32cube.ide.mcu.externaltools.gnu-tools-for-stm32.13.3.rel1.win32_1.0.0.202411081344/tools/bin/../lib/gcc/arm-none-eabi/13.3.1/thumb/v7-m/nofp\libgcc.a
LOAD C:/ST/STM32CubeIDE_1.19.0/STM32CubeIDE/plugins/com.st.stm32cube.ide.mcu.externaltools.gnu-tools-for-stm32.13.3.rel1.win32_1.0.0.202411081344/tools/bin/../lib/gcc/arm-none-eabi/13.3.1/../../../../arm-none-eabi/lib/thumb/v7-m/nofp\libc_nano.a
LOAD C:/ST/STM32CubeIDE_1.19.0/STM32CubeIDE/plugins/com.st.stm32cube.ide.mcu.externaltools.gnu-tools-for-stm32.13.3.rel1.win32_1.0.0.202411081344/tools/bin/../lib/gcc/arm-none-eabi/13.3.1/../../../../arm-none-eabi/lib/thumb/v7-m/nofp\libnosys.a
END GROUP
START GROUP
LOAD C:/ST/STM32CubeIDE_1.19.0/STM32CubeIDE/plugins/com.st.stm32cube.ide.mcu.externaltools.gnu-tools-for-stm32.13.3.rel1.win32_1.0.0.202411081344/tools/bin/../lib/gcc/arm-none-eabi/13.3.1/thumb/v7-m/nofp\libgcc.a
LOAD C:/ST/STM32CubeIDE_1.19.0/STM32CubeIDE/plugins/com.st.stm32cube.ide.mcu.externaltools.gnu-tools-for-stm32.13.3.rel1.win32_1.0.0.202411081344/tools/bin/../lib/gcc/arm-none-eabi/13.3.1/../../../../arm-none-eabi/lib/thumb/v7-m/nofp\libc_nano.a
LOAD C:/ST/STM32CubeIDE_1.19.0/STM32CubeIDE/plugins/com.st.stm32cube.ide.mcu.externaltools.gnu-tools-for-stm32.13.3.rel1.win32_1.0.0.202411081344/tools/bin/../lib/gcc/arm-none-eabi/13.3.1/../../../../arm-none-eabi/lib/thumb/v7-m/nofp\libnosys.a
END GROUP
LOAD C:/ST/STM32CubeIDE_1.19.0/STM32CubeIDE/plugins/com.st.stm32cube.ide.mcu.externaltools.gnu-tools-for-stm32.13.3.rel1.win32_1.0.0.202411081344/tools/bin/../lib/gcc/arm-none-eabi/13.3.1/thumb/v7-m/nofp/crtend.o
LOAD C:/ST/STM32CubeIDE_1.19.0/STM32CubeIDE/plugins/com.st.stm32cube.ide.mcu.externaltools.gnu-tools-for-stm32.13.3.rel1.win32_1.0.0.202411081344/tools/bin/../lib/gcc/arm-none-eabi/13.3.1/thumb/v7-m/nofp/crtn.o
                0x20005000                        _estack = (ORIGIN (RAM) + LENGTH (RAM))
                0x00000200                        _Min_Heap_Size = 0x200
                0x00000400                        _Min_Stack_Size = 0x400

.isr_vector     0x08000000      0x10c
                0x08000000                        . = ALIGN (0x4)
 *(.isr_vector)
 .isr_vector    0x08000000      0x10c ./Core/Startup/startup_stm32f103rbtx.o
                0x08000000                g_pfnVectors
                0x0800010c                        . = ALIGN (0x4)

.text           0x0800010c     0x715c
                0x0800010c                        . = ALIGN (0x4)
 *(.text)
 .text          0x0800010c       0x40 C:/ST/STM32CubeIDE_1.19.0/STM32CubeIDE/plugins/com.st.stm32cube.ide.mcu.externaltools.gnu-tools-for-stm32.13.3.rel1.win32_1.0.0.202411081344/tools/bin/../lib/gcc/arm-none-eabi/13.3.1/thumb/v7-m/nofp/crtbegin.o
 .text          0x0800014c       0x10 C:/ST/STM32CubeIDE_1.19.0/STM32CubeIDE/plugins/com.st.stm32cube.ide.mcu.externaltools.gnu-tools-for-stm32.13.3.rel1.win32_1.0.0.202411081344/tools/bin/../lib/gcc/arm-none-eabi/13.3.1/../../../../arm-none-eabi/lib/thumb/v7-m/nofp\libc_nano.a(libc_a-strlen.o)
                0x0800014c                strlen
 *(.text*)
 .text.main     0x0800015c       0x2e ./Core/Src/main.o
                0x0800015c                main
 .text.SystemClock_Config
                0x0800018a       0xaa ./Core/Src/main.o
                0x0800018a                SystemClock_Config
 .text.MX_ADC1_Init
                0x08000234       0xb8 ./Core/Src/main.o
 .text.MX_I2C1_Init
                0x080002ec       0x5c ./Core/Src/main.o
 .text.MX_USART1_UART_Init
                0x08000348       0x54 ./Core/Src/main.o
 .text.MX_USART2_UART_Init
                0x0800039c       0x54 ./Core/Src/main.o
 .text.MX_DMA_Init
                0x080003f0       0x2c ./Core/Src/main.o
 .text.MX_GPIO_Init
                0x0800041c      0x164 ./Core/Src/main.o
 .text.Error_Handler
                0x08000580        0xc ./Core/Src/main.o
                0x08000580                Error_Handler
 .text.HAL_MspInit
                0x0800058c       0x64 ./Core/Src/stm32f1xx_hal_msp.o
                0x0800058c                HAL_MspInit
 .text.HAL_ADC_MspInit
                0x080005f0       0xd0 ./Core/Src/stm32f1xx_hal_msp.o
                0x080005f0                HAL_ADC_MspInit
 .text.HAL_I2C_MspInit
                0x080006c0       0xa0 ./Core/Src/stm32f1xx_hal_msp.o
                0x080006c0                HAL_I2C_MspInit
 .text.HAL_UART_MspInit
                0x08000760      0x110 ./Core/Src/stm32f1xx_hal_msp.o
                0x08000760                HAL_UART_MspInit
 .text.NMI_Handler
                0x08000870        0x8 ./Core/Src/stm32f1xx_it.o
                0x08000870                NMI_Handler
 .text.HardFault_Handler
                0x08000878        0x8 ./Core/Src/stm32f1xx_it.o
                0x08000878                HardFault_Handler
 .text.MemManage_Handler
                0x08000880        0x8 ./Core/Src/stm32f1xx_it.o
                0x08000880                MemManage_Handler
 .text.BusFault_Handler
                0x08000888        0x8 ./Core/Src/stm32f1xx_it.o
                0x08000888                BusFault_Handler
 .text.UsageFault_Handler
                0x08000890        0x8 ./Core/Src/stm32f1xx_it.o
                0x08000890                UsageFault_Handler
 .text.SVC_Handler
                0x08000898        0xc ./Core/Src/stm32f1xx_it.o
                0x08000898                SVC_Handler
 .text.DebugMon_Handler
                0x080008a4        0xc ./Core/Src/stm32f1xx_it.o
                0x080008a4                DebugMon_Handler
 .text.PendSV_Handler
                0x080008b0        0xc ./Core/Src/stm32f1xx_it.o
                0x080008b0                PendSV_Handler
 .text.SysTick_Handler
                0x080008bc       0x1c ./Core/Src/stm32f1xx_it.o
                0x080008bc                SysTick_Handler
 .text.USART1_IRQHandler
                0x080008d8       0x14 ./Core/Src/stm32f1xx_it.o
                0x080008d8                USART1_IRQHandler
 .text.USART2_IRQHandler
                0x080008ec       0x14 ./Core/Src/stm32f1xx_it.o
                0x080008ec                USART2_IRQHandler
 .text.EXTI15_10_IRQHandler
                0x08000900       0x10 ./Core/Src/stm32f1xx_it.o
                0x08000900                EXTI15_10_IRQHandler
 .text._sbrk    0x08000910       0x3c ./Core/Src/syscalls.o
                0x08000910                _sbrk
 .text.SystemInit
                0x0800094c        0xc ./Core/Src/system_stm32f1xx.o
                0x0800094c                SystemInit
 .text.Reset_Handler
                0x08000958       0x48 ./Core/Startup/startup_stm32f103rbtx.o
                0x08000958                Reset_Handler
 .text.Default_Handler
                0x080009a0        0x2 ./Core/Startup/startup_stm32f103rbtx.o
                0x080009a0                RTC_Alarm_IRQHandler
                0x080009a0                EXTI2_IRQHandler
                0x080009a0                TIM1_CC_IRQHandler
                0x080009a0                PVD_IRQHandler
                0x080009a0                EXTI3_IRQHandler
                0x080009a0                EXTI0_IRQHandler
                0x080009a0                I2C2_EV_IRQHandler
                0x080009a0                ADC1_2_IRQHandler
                0x080009a0                SPI1_IRQHandler
                0x080009a0                TAMPER_IRQHandler
                0x080009a0                DMA1_Channel4_IRQHandler
                0x080009a0                USART3_IRQHandler
                0x080009a0                RTC_IRQHandler
                0x080009a0                DMA1_Channel7_IRQHandler
                0x080009a0                CAN1_RX1_IRQHandler
                0x080009a0                TIM4_IRQHandler
                0x080009a0                I2C1_EV_IRQHandler
                0x080009a0                DMA1_Channel6_IRQHandler
                0x080009a0                TIM3_IRQHandler
                0x080009a0                RCC_IRQHandler
                0x080009a0                TIM1_TRG_COM_IRQHandler
                0x080009a0                DMA1_Channel1_IRQHandler
                0x080009a0                Default_Handler
                0x080009a0                EXTI9_5_IRQHandler
                0x080009a0                SPI2_IRQHandler
                0x080009a0                DMA1_Channel5_IRQHandler
                0x080009a0                EXTI4_IRQHandler
                0x080009a0                USB_LP_CAN1_RX0_IRQHandler
                0x080009a0                USB_HP_CAN1_TX_IRQHandler
                0x080009a0                DMA1_Channel3_IRQHandler
                0x080009a0                TIM1_UP_IRQHandler
                0x080009a0                WWDG_IRQHandler
                0x080009a0                TIM2_IRQHandler
                0x080009a0                TIM1_BRK_IRQHandler
                0x080009a0                EXTI1_IRQHandler
                0x080009a0                I2C2_ER_IRQHandler
                0x080009a0                DMA1_Channel2_IRQHandler
                0x080009a0                CAN1_SCE_IRQHandler
                0x080009a0                FLASH_IRQHandler
                0x080009a0                I2C1_ER_IRQHandler
                0x080009a0                USBWakeUp_IRQHandler
 *fill*         0x080009a2        0x2 
 .text.HAL_Init
                0x080009a4       0x2c ./Drivers/STM32F1xx_HAL_Driver/Src/stm32f1xx_hal.o
                0x080009a4                HAL_Init
 .text.HAL_InitTick
                0x080009d0       0x60 ./Drivers/STM32F1xx_HAL_Driver/Src/stm32f1xx_hal.o
                0x080009d0                HAL_InitTick
 .text.HAL_IncTick
                0x08000a30       0x24 ./Drivers/STM32F1xx_HAL_Driver/Src/stm32f1xx_hal.o
                0x08000a30                HAL_IncTick
 .text.HAL_GetTick
                0x08000a54       0x14 ./Drivers/STM32F1xx_HAL_Driver/Src/stm32f1xx_hal.o
                0x08000a54                HAL_GetTick
 .text.HAL_Delay
                0x08000a68       0x48 ./Drivers/STM32F1xx_HAL_Driver/Src/stm32f1xx_hal.o
                0x08000a68                HAL_Delay
 .text.HAL_ADC_Init
                0x08000ab0      0x1b0 ./Drivers/STM32F1xx_HAL_Driver/Src/stm32f1xx_hal_adc.o
                0x08000ab0                HAL_ADC_Init
 .text.HAL_ADC_Start_DMA
                0x08000c60      0x1bc ./Drivers/STM32F1xx_HAL_Driver/Src/stm32f1xx_hal_adc.o
                0x08000c60                HAL_ADC_Start_DMA
 .text.HAL_ADC_ConvHalfCpltCallback
                0x08000e1c       0x12 ./Drivers/STM32F1xx_HAL_Driver/Src/stm32f1xx_hal_adc.o
                0x08000e1c                HAL_ADC_ConvHalfCpltCallback
 .text.HAL_ADC_ErrorCallback
                0x08000e2e       0x12 ./Drivers/STM32F1xx_HAL_Driver/Src/stm32f1xx_hal_adc.o
                0x08000e2e                HAL_ADC_ErrorCallback
 .text.HAL_ADC_ConfigChannel
                0x08000e40      0x1f0 ./Drivers/STM32F1xx_HAL_Driver/Src/stm32f1xx_hal_adc.o
                0x08000e40                HAL_ADC_ConfigChannel
 .text.ADC_Enable
                0x08001030       0xb4 ./Drivers/STM32F1xx_HAL_Driver/Src/stm32f1xx_hal_adc.o
                0x08001030                ADC_Enable
 .text.ADC_ConversionStop_Disable
                0x080010e4       0x82 ./Drivers/STM32F1xx_HAL_Driver/Src/stm32f1xx_hal_adc.o
                0x080010e4                ADC_ConversionStop_Disable
 .text.ADC_DMAConvCplt
                0x08001166       0x7c ./Drivers/STM32F1xx_HAL_Driver/Src/stm32f1xx_hal_adc.o
                0x08001166                ADC_DMAConvCplt
 .text.ADC_DMAHalfConvCplt
                0x080011e2       0x1c ./Drivers/STM32F1xx_HAL_Driver/Src/stm32f1xx_hal_adc.o
                0x080011e2                ADC_DMAHalfConvCplt
 .text.ADC_DMAError
                0x080011fe       0x34 ./Drivers/STM32F1xx_HAL_Driver/Src/stm32f1xx_hal_adc.o
                0x080011fe                ADC_DMAError
 *fill*         0x08001232        0x2 
 .text.__NVIC_SetPriorityGrouping
                0x08001234       0x48 ./Drivers/STM32F1xx_HAL_Driver/Src/stm32f1xx_hal_cortex.o
 .text.__NVIC_GetPriorityGrouping
                0x0800127c       0x1c ./Drivers/STM32F1xx_HAL_Driver/Src/stm32f1xx_hal_cortex.o
 .text.__NVIC_EnableIRQ
                0x08001298       0x38 ./Drivers/STM32F1xx_HAL_Driver/Src/stm32f1xx_hal_cortex.o
 .text.__NVIC_DisableIRQ
                0x080012d0       0x48 ./Drivers/STM32F1xx_HAL_Driver/Src/stm32f1xx_hal_cortex.o
 .text.__NVIC_SetPriority
                0x08001318       0x54 ./Drivers/STM32F1xx_HAL_Driver/Src/stm32f1xx_hal_cortex.o
 .text.NVIC_EncodePriority
                0x0800136c       0x64 ./Drivers/STM32F1xx_HAL_Driver/Src/stm32f1xx_hal_cortex.o
 .text.SysTick_Config
                0x080013d0       0x44 ./Drivers/STM32F1xx_HAL_Driver/Src/stm32f1xx_hal_cortex.o
 .text.HAL_NVIC_SetPriorityGrouping
                0x08001414       0x16 ./Drivers/STM32F1xx_HAL_Driver/Src/stm32f1xx_hal_cortex.o
                0x08001414                HAL_NVIC_SetPriorityGrouping
 .text.HAL_NVIC_SetPriority
                0x0800142a       0x38 ./Drivers/STM32F1xx_HAL_Driver/Src/stm32f1xx_hal_cortex.o
                0x0800142a                HAL_NVIC_SetPriority
 .text.HAL_NVIC_EnableIRQ
                0x08001462       0x1c ./Drivers/STM32F1xx_HAL_Driver/Src/stm32f1xx_hal_cortex.o
                0x08001462                HAL_NVIC_EnableIRQ
 .text.HAL_NVIC_DisableIRQ
                0x0800147e       0x1c ./Drivers/STM32F1xx_HAL_Driver/Src/stm32f1xx_hal_cortex.o
                0x0800147e                HAL_NVIC_DisableIRQ
 .text.HAL_SYSTICK_Config
                0x0800149a       0x18 ./Drivers/STM32F1xx_HAL_Driver/Src/stm32f1xx_hal_cortex.o
                0x0800149a                HAL_SYSTICK_Config
 *fill*         0x080014b2        0x2 
 .text.HAL_DMA_Init
                0x080014b4       0xb4 ./Drivers/STM32F1xx_HAL_Driver/Src/stm32f1xx_hal_dma.o
                0x080014b4                HAL_DMA_Init
 .text.HAL_DMA_Start_IT
                0x08001568       0xc0 ./Drivers/STM32F1xx_HAL_Driver/Src/stm32f1xx_hal_dma.o
                0x08001568                HAL_DMA_Start_IT
 .text.HAL_DMA_Abort
                0x08001628       0x76 ./Drivers/STM32F1xx_HAL_Driver/Src/stm32f1xx_hal_dma.o
                0x08001628                HAL_DMA_Abort
 *fill*         0x0800169e        0x2 
 .text.HAL_DMA_Abort_IT
                0x080016a0       0xf0 ./Drivers/STM32F1xx_HAL_Driver/Src/stm32f1xx_hal_dma.o
                0x080016a0                HAL_DMA_Abort_IT
 .text.DMA_SetConfig
                0x08001790       0x5a ./Drivers/STM32F1xx_HAL_Driver/Src/stm32f1xx_hal_dma.o
 *fill*         0x080017ea        0x2 
 .text.HAL_GPIO_Init
                0x080017ec      0x308 ./Drivers/STM32F1xx_HAL_Driver/Src/stm32f1xx_hal_gpio.o
                0x080017ec                HAL_GPIO_Init
 .text.HAL_GPIO_ReadPin
                0x08001af4       0x2e ./Drivers/STM32F1xx_HAL_Driver/Src/stm32f1xx_hal_gpio.o
                0x08001af4                HAL_GPIO_ReadPin
 .text.HAL_GPIO_WritePin
                0x08001b22       0x30 ./Drivers/STM32F1xx_HAL_Driver/Src/stm32f1xx_hal_gpio.o
                0x08001b22                HAL_GPIO_WritePin
 .text.HAL_GPIO_TogglePin
                0x08001b52       0x32 ./Drivers/STM32F1xx_HAL_Driver/Src/stm32f1xx_hal_gpio.o
                0x08001b52                HAL_GPIO_TogglePin
 .text.HAL_GPIO_EXTI_IRQHandler
                0x08001b84       0x30 ./Drivers/STM32F1xx_HAL_Driver/Src/stm32f1xx_hal_gpio.o
                0x08001b84                HAL_GPIO_EXTI_IRQHandler
 .text.HAL_GPIO_EXTI_Callback
                0x08001bb4       0x14 ./Drivers/STM32F1xx_HAL_Driver/Src/stm32f1xx_hal_gpio.o
                0x08001bb4                HAL_GPIO_EXTI_Callback
 .text.HAL_I2C_Init
                0x08001bc8      0x288 ./Drivers/STM32F1xx_HAL_Driver/Src/stm32f1xx_hal_i2c.o
                0x08001bc8                HAL_I2C_Init
 .text.HAL_I2C_Mem_Write
                0x08001e50      0x1f4 ./Drivers/STM32F1xx_HAL_Driver/Src/stm32f1xx_hal_i2c.o
                0x08001e50                HAL_I2C_Mem_Write
 .text.HAL_I2C_Mem_Read
                0x08002044      0x4e8 ./Drivers/STM32F1xx_HAL_Driver/Src/stm32f1xx_hal_i2c.o
                0x08002044                HAL_I2C_Mem_Read
 .text.I2C_RequestMemoryWrite
                0x0800252c      0x12c ./Drivers/STM32F1xx_HAL_Driver/Src/stm32f1xx_hal_i2c.o
 .text.I2C_RequestMemoryRead
                0x08002658      0x1d0 ./Drivers/STM32F1xx_HAL_Driver/Src/stm32f1xx_hal_i2c.o
 .text.I2C_WaitOnFlagUntilTimeout
                0x08002828       0xf4 ./Drivers/STM32F1xx_HAL_Driver/Src/stm32f1xx_hal_i2c.o
 .text.I2C_WaitOnMasterAddressFlagUntilTimeout
                0x0800291c      0x140 ./Drivers/STM32F1xx_HAL_Driver/Src/stm32f1xx_hal_i2c.o
 .text.I2C_WaitOnTXEFlagUntilTimeout
                0x08002a5c       0x90 ./Drivers/STM32F1xx_HAL_Driver/Src/stm32f1xx_hal_i2c.o
 .text.I2C_WaitOnBTFFlagUntilTimeout
                0x08002aec       0x90 ./Drivers/STM32F1xx_HAL_Driver/Src/stm32f1xx_hal_i2c.o
 .text.I2C_WaitOnRXNEFlagUntilTimeout
                0x08002b7c       0xba ./Drivers/STM32F1xx_HAL_Driver/Src/stm32f1xx_hal_i2c.o
 .text.I2C_IsAcknowledgeFailed
                0x08002c36       0x5c ./Drivers/STM32F1xx_HAL_Driver/Src/stm32f1xx_hal_i2c.o
 *fill*         0x08002c92        0x2 
 .text.HAL_PWR_EnterSLEEPMode
                0x08002c94       0x38 ./Drivers/STM32F1xx_HAL_Driver/Src/stm32f1xx_hal_pwr.o
                0x08002c94                HAL_PWR_EnterSLEEPMode
 .text.HAL_RCC_OscConfig
                0x08002ccc      0x504 ./Drivers/STM32F1xx_HAL_Driver/Src/stm32f1xx_hal_rcc.o
                0x08002ccc                HAL_RCC_OscConfig
 .text.HAL_RCC_ClockConfig
                0x080031d0      0x1d4 ./Drivers/STM32F1xx_HAL_Driver/Src/stm32f1xx_hal_rcc.o
                0x080031d0                HAL_RCC_ClockConfig
 .text.HAL_RCC_GetSysClockFreq
                0x080033a4       0xa8 ./Drivers/STM32F1xx_HAL_Driver/Src/stm32f1xx_hal_rcc.o
                0x080033a4                HAL_RCC_GetSysClockFreq
 .text.HAL_RCC_GetHCLKFreq
                0x0800344c       0x14 ./Drivers/STM32F1xx_HAL_Driver/Src/stm32f1xx_hal_rcc.o
                0x0800344c                HAL_RCC_GetHCLKFreq
 .text.HAL_RCC_GetPCLK1Freq
                0x08003460       0x28 ./Drivers/STM32F1xx_HAL_Driver/Src/stm32f1xx_hal_rcc.o
                0x08003460                HAL_RCC_GetPCLK1Freq
 .text.HAL_RCC_GetPCLK2Freq
                0x08003488       0x28 ./Drivers/STM32F1xx_HAL_Driver/Src/stm32f1xx_hal_rcc.o
                0x08003488                HAL_RCC_GetPCLK2Freq
 .text.RCC_Delay
                0x080034b0       0x3c ./Drivers/STM32F1xx_HAL_Driver/Src/stm32f1xx_hal_rcc.o
 .text.HAL_RCCEx_PeriphCLKConfig
                0x080034ec      0x16c ./Drivers/STM32F1xx_HAL_Driver/Src/stm32f1xx_hal_rcc_ex.o
                0x080034ec                HAL_RCCEx_PeriphCLKConfig
 .text.HAL_UART_Init
                0x08003658       0xa0 ./Drivers/STM32F1xx_HAL_Driver/Src/stm32f1xx_hal_uart.o
                0x08003658                HAL_UART_Init
 .text.HAL_UART_Transmit_IT
                0x080036f8       0x6a ./Drivers/STM32F1xx_HAL_Driver/Src/stm32f1xx_hal_uart.o
                0x080036f8                HAL_UART_Transmit_IT
 .text.HAL_UART_Receive_IT
                0x08003762       0x4a ./Drivers/STM32F1xx_HAL_Driver/Src/stm32f1xx_hal_uart.o
                0x08003762                HAL_UART_Receive_IT
 .text.HAL_UART_IRQHandler
                0x080037ac      0x524 ./Drivers/STM32F1xx_HAL_Driver/Src/stm32f1xx_hal_uart.o
                0x080037ac                HAL_UART_IRQHandler
 .text.HAL_UART_ErrorCallback
                0x08003cd0       0x12 ./Drivers/STM32F1xx_HAL_Driver/Src/stm32f1xx_hal_uart.o
                0x08003cd0                HAL_UART_ErrorCallback
 .text.HAL_UARTEx_RxEventCallback
                0x08003ce2       0x16 ./Drivers/STM32F1xx_HAL_Driver/Src/stm32f1xx_hal_uart.o
                0x08003ce2                HAL_UARTEx_RxEventCallback
 .text.UART_Start_Receive_IT
                0x08003cf8       0x72 ./Drivers/STM32F1xx_HAL_Driver/Src/stm32f1xx_hal_uart.o
                0x08003cf8                UART_Start_Receive_IT
 .text.UART_EndRxTransfer
                0x08003d6a       0xc4 ./Drivers/STM32F1xx_HAL_Driver/Src/stm32f1xx_hal_uart.o
 .text.UART_DMAAbortOnError
                0x08003e2e       0x28 ./Drivers/STM32F1xx_HAL_Driver/Src/stm32f1xx_hal_uart.o
 .text.UART_Transmit_IT
                0x08003e56       0x9e ./Drivers/STM32F1xx_HAL_Driver/Src/stm32f1xx_hal_uart.o
 .text.UART_EndTransmit_IT
                0x08003ef4       0x30 ./Drivers/STM32F1xx_HAL_Driver/Src/stm32f1xx_hal_uart.o
 .text.UART_Receive_IT
                0x08003f24      0x17c ./Drivers/STM32F1xx_HAL_Driver/Src/stm32f1xx_hal_uart.o
 .text.UART_SetConfig
                0x080040a0      0x11c ./Drivers/STM32F1xx_HAL_Driver/Src/stm32f1xx_hal_uart.o
 .text.app_init
                0x080041bc       0x58 ./app/src/app.o
                0x080041bc                app_init
 .text.app_update
                0x08004214       0xa0 ./app/src/app.o
                0x08004214                app_update
 .text.lcd_enable_pulse
                0x080042b4       0x2c ./app/src/display.o
 .text.lcd_send_nibble
                0x080042e0       0x70 ./app/src/display.o
 .text.lcd_send_cmd
                0x08004350       0x44 ./app/src/display.o
                0x08004350                lcd_send_cmd
 .text.lcd_send_data
                0x08004394       0x44 ./app/src/display.o
                0x08004394                lcd_send_data
 .text.lcd_init
                0x080043d8       0x94 ./app/src/display.o
                0x080043d8                lcd_init
 .text.lcd_send_string
                0x0800446c       0x2a ./app/src/display.o
                0x0800446c                lcd_send_string
 .text.lcd_set_cursor
                0x08004496       0x3e ./app/src/display.o
                0x08004496                lcd_set_cursor
 .text.lcd_clear
                0x080044d4       0x14 ./app/src/display.o
                0x080044d4                lcd_clear
 .text.eeprom_read_settings
                0x080044e8       0xa0 ./app/src/eeprom.o
                0x080044e8                eeprom_read_settings
 .text.eeprom_write_settings
                0x08004588       0xb0 ./app/src/eeprom.o
                0x08004588                eeprom_write_settings
 .text.calculate_checksum
                0x08004638       0x40 ./app/src/eeprom.o
 .text.logger_init
                0x08004678       0x44 ./app/src/logger.o
                0x08004678                logger_init
 .text.logger_update
                0x080046bc       0x4c ./app/src/logger.o
                0x080046bc                logger_update
 .text.logger_uart_rx_callback
                0x08004708       0x7c ./app/src/logger.o
                0x08004708                logger_uart_rx_callback
 .text.HAL_UART_RxCpltCallback
                0x08004784       0x24 ./app/src/logger.o
                0x08004784                HAL_UART_RxCpltCallback
 .text.HAL_UART_TxCpltCallback
                0x080047a8       0x2c ./app/src/logger.o
                0x080047a8                HAL_UART_TxCpltCallback
 .text.process_bt_command
                0x080047d4      0x140 ./app/src/logger.o
 .text.send_telemetry
                0x08004914      0x168 ./app/src/logger.o
 .text.task_actuator_init
                0x08004a7c       0x88 ./app/src/task_actuator.o
                0x08004a7c                task_actuator_init
 .text.task_actuator_update
                0x08004b04      0x158 ./app/src/task_actuator.o
                0x08004b04                task_actuator_update
 .text.put_actuator_sector
                0x08004c5c       0x2c ./app/src/task_actuator_interface.o
                0x08004c5c                put_actuator_sector
 .text.put_actuator_status_led
                0x08004c88       0x2c ./app/src/task_actuator_interface.o
                0x08004c88                put_actuator_status_led
 .text.put_actuator_buzzer
                0x08004cb4       0x20 ./app/src/task_actuator_interface.o
                0x08004cb4                put_actuator_buzzer
 .text.get_actuator_sector_state
                0x08004cd4       0x2c ./app/src/task_actuator_interface.o
                0x08004cd4                get_actuator_sector_state
 .text.task_display_init
                0x08004d00       0x84 ./app/src/task_display.o
                0x08004d00                task_display_init
 .text.task_display_update
                0x08004d84      0x114 ./app/src/task_display.o
                0x08004d84                task_display_update
 .text.init_and_load_eeprom
                0x08004e98       0x76 ./app/src/task_display.o
 *fill*         0x08004f0e        0x2 
 .text.render_normal_mode
                0x08004f10       0xd4 ./app/src/task_display.o
 .text.handle_setup_navigation
                0x08004fe4      0x2a8 ./app/src/task_display.o
 .text.render_setup_mode
                0x0800528c       0xe4 ./app/src/task_display.o
 .text.render_falla_mode
                0x08005370       0x4c ./app/src/task_display.o
 .text.task_sensor_init
                0x080053bc       0xcc ./app/src/task_sensor.o
                0x080053bc                task_sensor_init
 .text.task_sensor_update
                0x08005488       0x36 ./app/src/task_sensor.o
                0x08005488                task_sensor_update
 .text.task_sensor_adc_cplt_callback
                0x080054be        0xc ./app/src/task_sensor.o
                0x080054be                task_sensor_adc_cplt_callback
 *fill*         0x080054ca        0x2 
 .text.HAL_ADC_ConvCpltCallback
                0x080054cc       0x24 ./app/src/task_sensor.o
                0x080054cc                HAL_ADC_ConvCpltCallback
 .text.process_adc_data
                0x080054f0      0x1b4 ./app/src/task_sensor.o
 .text.button_debounce_update
                0x080056a4      0x178 ./app/src/task_sensor.o
 .text.update_dip_switches
                0x0800581c       0x78 ./app/src/task_sensor.o
 .text.get_sensor_wind_speed
                0x08005894       0x14 ./app/src/task_sensor_interface.o
                0x08005894                get_sensor_wind_speed
 .text.get_sensor_wind_dir
                0x080058a8       0x14 ./app/src/task_sensor_interface.o
                0x080058a8                get_sensor_wind_dir
 .text.get_sensor_light
                0x080058bc       0x14 ./app/src/task_sensor_interface.o
                0x080058bc                get_sensor_light
 .text.get_sensor_adc_error
                0x080058d0       0x18 ./app/src/task_sensor_interface.o
                0x080058d0                get_sensor_adc_error
 .text.get_sensor_dip_switches
                0x080058e8       0x18 ./app/src/task_sensor_interface.o
                0x080058e8                get_sensor_dip_switches
 .text.get_sensor_btn_enter_pressed
                0x08005900       0x24 ./app/src/task_sensor_interface.o
                0x08005900                get_sensor_btn_enter_pressed
 .text.get_sensor_btn_up_pressed
                0x08005924       0x24 ./app/src/task_sensor_interface.o
                0x08005924                get_sensor_btn_up_pressed
 .text.get_sensor_btn_down_pressed
                0x08005948       0x24 ./app/src/task_sensor_interface.o
                0x08005948                get_sensor_btn_down_pressed
 .text.task_system_init
                0x0800596c       0x2c ./app/src/task_system.o
                0x0800596c                task_system_init
 .text.task_system_update
                0x08005998      0x174 ./app/src/task_system.o
                0x08005998                task_system_update
 .text.evaluate_irrigation_logic
                0x08005b0c      0x240 ./app/src/task_system.o
 .text.suspend_irrigation
                0x08005d4c       0x28 ./app/src/task_system.o
 .text.init_event_task_system
                0x08005d74       0x58 ./app/src/task_system_interface.o
                0x08005d74                init_event_task_system
 .text.put_event_task_system
                0x08005dcc       0x28 ./app/src/task_system_interface.o
                0x08005dcc                put_event_task_system
 .text.get_event_task_system
                0x08005df4       0x20 ./app/src/task_system_interface.o
                0x08005df4                get_event_task_system
 .text.any_event_task_system
                0x08005e14       0x14 ./app/src/task_system_interface.o
                0x08005e14                any_event_task_system
 .text.get_sys_wind_critical_th
                0x08005e28       0x14 ./app/src/task_system_interface.o
                0x08005e28                get_sys_wind_critical_th
 .text.get_sys_wind_moderate_th
                0x08005e3c       0x14 ./app/src/task_system_interface.o
                0x08005e3c                get_sys_wind_moderate_th
 .text.get_sys_irrig_duration_s
                0x08005e50       0x14 ./app/src/task_system_interface.o
                0x08005e50                get_sys_irrig_duration_s
 .text.get_sys_enable_night_irrig
                0x08005e64       0x14 ./app/src/task_system_interface.o
                0x08005e64                get_sys_enable_night_irrig
 .text.is_night_irrigation_inhibited
                0x08005e78       0x20 ./app/src/task_system_interface.o
                0x08005e78                is_night_irrigation_inhibited
 .text.get_sys_web_inhibits
                0x08005e98       0x14 ./app/src/task_system_interface.o
                0x08005e98                get_sys_web_inhibits
 .text.get_sys_op_mode
                0x08005eac       0x14 ./app/src/task_system_interface.o
                0x08005eac                get_sys_op_mode
 .text.get_system_mode
                0x08005ec0       0x14 ./app/src/task_system_interface.o
                0x08005ec0                get_system_mode
 .text.set_sys_wind_critical_th
                0x08005ed4       0x1c ./app/src/task_system_interface.o
                0x08005ed4                set_sys_wind_critical_th
 .text.set_sys_wind_moderate_th
                0x08005ef0       0x1c ./app/src/task_system_interface.o
                0x08005ef0                set_sys_wind_moderate_th
 .text.set_sys_irrig_duration_s
                0x08005f0c       0x1c ./app/src/task_system_interface.o
                0x08005f0c                set_sys_irrig_duration_s
 .text.set_sys_enable_night_irrig
                0x08005f28       0x1c ./app/src/task_system_interface.o
                0x08005f28                set_sys_enable_night_irrig
 .text.set_sys_web_inhibits
                0x08005f44       0x20 ./app/src/task_system_interface.o
                0x08005f44                set_sys_web_inhibits
 .text.set_sys_op_mode
                0x08005f64       0x1c ./app/src/task_system_interface.o
                0x08005f64                set_sys_op_mode
 .text.sprintf  0x08005f80       0x44 C:/ST/STM32CubeIDE_1.19.0/STM32CubeIDE/plugins/com.st.stm32cube.ide.mcu.externaltools.gnu-tools-for-stm32.13.3.rel1.win32_1.0.0.202411081344/tools/bin/../lib/gcc/arm-none-eabi/13.3.1/../../../../arm-none-eabi/lib/thumb/v7-m/nofp\libc_nano.a(libc_a-sprintf.o)
                0x08005f80                siprintf
                0x08005f80                sprintf
 .text.sscanf   0x08005fc4       0x58 C:/ST/STM32CubeIDE_1.19.0/STM32CubeIDE/plugins/com.st.stm32cube.ide.mcu.externaltools.gnu-tools-for-stm32.13.3.rel1.win32_1.0.0.202411081344/tools/bin/../lib/gcc/arm-none-eabi/13.3.1/../../../../arm-none-eabi/lib/thumb/v7-m/nofp\libc_nano.a(libc_a-sscanf.o)
                0x08005fc4                siscanf
                0x08005fc4                sscanf
 .text.__seofread
                0x0800601c        0x4 C:/ST/STM32CubeIDE_1.19.0/STM32CubeIDE/plugins/com.st.stm32cube.ide.mcu.externaltools.gnu-tools-for-stm32.13.3.rel1.win32_1.0.0.202411081344/tools/bin/../lib/gcc/arm-none-eabi/13.3.1/../../../../arm-none-eabi/lib/thumb/v7-m/nofp\libc_nano.a(libc_a-stdio.o)
                0x0800601c                __seofread
 .text.memset   0x08006020       0x10 C:/ST/STM32CubeIDE_1.19.0/STM32CubeIDE/plugins/com.st.stm32cube.ide.mcu.externaltools.gnu-tools-for-stm32.13.3.rel1.win32_1.0.0.202411081344/tools/bin/../lib/gcc/arm-none-eabi/13.3.1/../../../../arm-none-eabi/lib/thumb/v7-m/nofp\libc_nano.a(libc_a-memset.o)
                0x08006020                memset
 .text.strncmp  0x08006030       0x24 C:/ST/STM32CubeIDE_1.19.0/STM32CubeIDE/plugins/com.st.stm32cube.ide.mcu.externaltools.gnu-tools-for-stm32.13.3.rel1.win32_1.0.0.202411081344/tools/bin/../lib/gcc/arm-none-eabi/13.3.1/../../../../arm-none-eabi/lib/thumb/v7-m/nofp\libc_nano.a(libc_a-strncmp.o)
                0x08006030                strncmp
 .text.__errno  0x08006054        0xc C:/ST/STM32CubeIDE_1.19.0/STM32CubeIDE/plugins/com.st.stm32cube.ide.mcu.externaltools.gnu-tools-for-stm32.13.3.rel1.win32_1.0.0.202411081344/tools/bin/../lib/gcc/arm-none-eabi/13.3.1/../../../../arm-none-eabi/lib/thumb/v7-m/nofp\libc_nano.a(libc_a-errno.o)
                0x08006054                __errno
 .text.__libc_init_array
                0x08006060       0x48 C:/ST/STM32CubeIDE_1.19.0/STM32CubeIDE/plugins/com.st.stm32cube.ide.mcu.externaltools.gnu-tools-for-stm32.13.3.rel1.win32_1.0.0.202411081344/tools/bin/../lib/gcc/arm-none-eabi/13.3.1/../../../../arm-none-eabi/lib/thumb/v7-m/nofp\libc_nano.a(libc_a-init.o)
                0x08006060                __libc_init_array
 .text.__retarget_lock_acquire_recursive
                0x080060a8        0x2 C:/ST/STM32CubeIDE_1.19.0/STM32CubeIDE/plugins/com.st.stm32cube.ide.mcu.externaltools.gnu-tools-for-stm32.13.3.rel1.win32_1.0.0.202411081344/tools/bin/../lib/gcc/arm-none-eabi/13.3.1/../../../../arm-none-eabi/lib/thumb/v7-m/nofp\libc_nano.a(libc_a-lock.o)
                0x080060a8                __retarget_lock_acquire_recursive
 .text.__retarget_lock_release_recursive
                0x080060aa        0x2 C:/ST/STM32CubeIDE_1.19.0/STM32CubeIDE/plugins/com.st.stm32cube.ide.mcu.externaltools.gnu-tools-for-stm32.13.3.rel1.win32_1.0.0.202411081344/tools/bin/../lib/gcc/arm-none-eabi/13.3.1/../../../../arm-none-eabi/lib/thumb/v7-m/nofp\libc_nano.a(libc_a-lock.o)
                0x080060aa                __retarget_lock_release_recursive
 .text._free_r  0x080060ac       0x90 C:/ST/STM32CubeIDE_1.19.0/STM32CubeIDE/plugins/com.st.stm32cube.ide.mcu.externaltools.gnu-tools-for-stm32.13.3.rel1.win32_1.0.0.202411081344/tools/bin/../lib/gcc/arm-none-eabi/13.3.1/../../../../arm-none-eabi/lib/thumb/v7-m/nofp\libc_nano.a(libc_a-freer.o)
                0x080060ac                _free_r
 .text.sbrk_aligned
                0x0800613c       0x44 C:/ST/STM32CubeIDE_1.19.0/STM32CubeIDE/plugins/com.st.stm32cube.ide.mcu.externaltools.gnu-tools-for-stm32.13.3.rel1.win32_1.0.0.202411081344/tools/bin/../lib/gcc/arm-none-eabi/13.3.1/../../../../arm-none-eabi/lib/thumb/v7-m/nofp\libc_nano.a(libc_a-mallocr.o)
 .text._malloc_r
                0x08006180      0x100 C:/ST/STM32CubeIDE_1.19.0/STM32CubeIDE/plugins/com.st.stm32cube.ide.mcu.externaltools.gnu-tools-for-stm32.13.3.rel1.win32_1.0.0.202411081344/tools/bin/../lib/gcc/arm-none-eabi/13.3.1/../../../../arm-none-eabi/lib/thumb/v7-m/nofp\libc_nano.a(libc_a-mallocr.o)
                0x08006180                _malloc_r
 .text.__malloc_lock
                0x08006280        0xc C:/ST/STM32CubeIDE_1.19.0/STM32CubeIDE/plugins/com.st.stm32cube.ide.mcu.externaltools.gnu-tools-for-stm32.13.3.rel1.win32_1.0.0.202411081344/tools/bin/../lib/gcc/arm-none-eabi/13.3.1/../../../../arm-none-eabi/lib/thumb/v7-m/nofp\libc_nano.a(libc_a-mlock.o)
                0x08006280                __malloc_lock
 .text.__malloc_unlock
                0x0800628c        0xc C:/ST/STM32CubeIDE_1.19.0/STM32CubeIDE/plugins/com.st.stm32cube.ide.mcu.externaltools.gnu-tools-for-stm32.13.3.rel1.win32_1.0.0.202411081344/tools/bin/../lib/gcc/arm-none-eabi/13.3.1/../../../../arm-none-eabi/lib/thumb/v7-m/nofp\libc_nano.a(libc_a-mlock.o)
                0x0800628c                __malloc_unlock
 .text.__ssputs_r
                0x08006298       0xb6 C:/ST/STM32CubeIDE_1.19.0/STM32CubeIDE/plugins/com.st.stm32cube.ide.mcu.externaltools.gnu-tools-for-stm32.13.3.rel1.win32_1.0.0.202411081344/tools/bin/../lib/gcc/arm-none-eabi/13.3.1/../../../../arm-none-eabi/lib/thumb/v7-m/nofp\libc_nano.a(libc_a-nano-svfprintf.o)
                0x08006298                __ssputs_r
 *fill*         0x0800634e        0x2 
 .text._svfprintf_r
                0x08006350      0x1f8 C:/ST/STM32CubeIDE_1.19.0/STM32CubeIDE/plugins/com.st.stm32cube.ide.mcu.externaltools.gnu-tools-for-stm32.13.3.rel1.win32_1.0.0.202411081344/tools/bin/../lib/gcc/arm-none-eabi/13.3.1/../../../../arm-none-eabi/lib/thumb/v7-m/nofp\libc_nano.a(libc_a-nano-svfprintf.o)
                0x08006350                _svfiprintf_r
                0x08006350                _svfprintf_r
 .text._sungetc_r
                0x08006548       0x7a C:/ST/STM32CubeIDE_1.19.0/STM32CubeIDE/plugins/com.st.stm32cube.ide.mcu.externaltools.gnu-tools-for-stm32.13.3.rel1.win32_1.0.0.202411081344/tools/bin/../lib/gcc/arm-none-eabi/13.3.1/../../../../arm-none-eabi/lib/thumb/v7-m/nofp\libc_nano.a(libc_a-nano-svfscanf.o)
                0x08006548                _sungetc_r
 .text.__ssrefill_r
                0x080065c2       0x3a C:/ST/STM32CubeIDE_1.19.0/STM32CubeIDE/plugins/com.st.stm32cube.ide.mcu.externaltools.gnu-tools-for-stm32.13.3.rel1.win32_1.0.0.202411081344/tools/bin/../lib/gcc/arm-none-eabi/13.3.1/../../../../arm-none-eabi/lib/thumb/v7-m/nofp\libc_nano.a(libc_a-nano-svfscanf.o)
                0x080065c2                __ssrefill_r
 .text.__ssvfscanf_r
                0x080065fc      0x2e8 C:/ST/STM32CubeIDE_1.19.0/STM32CubeIDE/plugins/com.st.stm32cube.ide.mcu.externaltools.gnu-tools-for-stm32.13.3.rel1.win32_1.0.0.202411081344/tools/bin/../lib/gcc/arm-none-eabi/13.3.1/../../../../arm-none-eabi/lib/thumb/v7-m/nofp\libc_nano.a(libc_a-nano-svfscanf.o)
                0x080065fc                __ssvfiscanf_r
                0x080065fc                __ssvfscanf_r
 .text._printf_common
                0x080068e4       0xe4 C:/ST/STM32CubeIDE_1.19.0/STM32CubeIDE/plugins/com.st.stm32cube.ide.mcu.externaltools.gnu-tools-for-stm32.13.3.rel1.win32_1.0.0.202411081344/tools/bin/../lib/gcc/arm-none-eabi/13.3.1/../../../../arm-none-eabi/lib/thumb/v7-m/nofp\libc_nano.a(libc_a-nano-vfprintf_i.o)
                0x080068e4                _printf_common
 .text._printf_i
                0x080069c8      0x23c C:/ST/STM32CubeIDE_1.19.0/STM32CubeIDE/plugins/com.st.stm32cube.ide.mcu.externaltools.gnu-tools-for-stm32.13.3.rel1.win32_1.0.0.202411081344/tools/bin/../lib/gcc/arm-none-eabi/13.3.1/../../../../arm-none-eabi/lib/thumb/v7-m/nofp\libc_nano.a(libc_a-nano-vfprintf_i.o)
                0x080069c8                _printf_i
 .text._scanf_chars
                0x08006c04       0xb4 C:/ST/STM32CubeIDE_1.19.0/STM32CubeIDE/plugins/com.st.stm32cube.ide.mcu.externaltools.gnu-tools-for-stm32.13.3.rel1.win32_1.0.0.202411081344/tools/bin/../lib/gcc/arm-none-eabi/13.3.1/../../../../arm-none-eabi/lib/thumb/v7-m/nofp\libc_nano.a(libc_a-nano-vfscanf_i.o)
                0x08006c04                _scanf_chars
 .text._scanf_i
                0x08006cb8      0x1e4 C:/ST/STM32CubeIDE_1.19.0/STM32CubeIDE/plugins/com.st.stm32cube.ide.mcu.externaltools.gnu-tools-for-stm32.13.3.rel1.win32_1.0.0.202411081344/tools/bin/../lib/gcc/arm-none-eabi/13.3.1/../../../../arm-none-eabi/lib/thumb/v7-m/nofp\libc_nano.a(libc_a-nano-vfscanf_i.o)
                0x08006cb8                _scanf_i
 .text.__sccl   0x08006e9c       0x72 C:/ST/STM32CubeIDE_1.19.0/STM32CubeIDE/plugins/com.st.stm32cube.ide.mcu.externaltools.gnu-tools-for-stm32.13.3.rel1.win32_1.0.0.202411081344/tools/bin/../lib/gcc/arm-none-eabi/13.3.1/../../../../arm-none-eabi/lib/thumb/v7-m/nofp\libc_nano.a(libc_a-sccl.o)
                0x08006e9c                __sccl
 .text.__submore
                0x08006f0e       0x70 C:/ST/STM32CubeIDE_1.19.0/STM32CubeIDE/plugins/com.st.stm32cube.ide.mcu.externaltools.gnu-tools-for-stm32.13.3.rel1.win32_1.0.0.202411081344/tools/bin/../lib/gcc/arm-none-eabi/13.3.1/../../../../arm-none-eabi/lib/thumb/v7-m/nofp\libc_nano.a(libc_a-ungetc.o)
                0x08006f0e                __submore
 .text.memmove  0x08006f7e       0x34 C:/ST/STM32CubeIDE_1.19.0/STM32CubeIDE/plugins/com.st.stm32cube.ide.mcu.externaltools.gnu-tools-for-stm32.13.3.rel1.win32_1.0.0.202411081344/tools/bin/../lib/gcc/arm-none-eabi/13.3.1/../../../../arm-none-eabi/lib/thumb/v7-m/nofp\libc_nano.a(libc_a-memmove.o)
                0x08006f7e                memmove
 *fill*         0x08006fb2        0x2 
 .text._sbrk_r  0x08006fb4       0x20 C:/ST/STM32CubeIDE_1.19.0/STM32CubeIDE/plugins/com.st.stm32cube.ide.mcu.externaltools.gnu-tools-for-stm32.13.3.rel1.win32_1.0.0.202411081344/tools/bin/../lib/gcc/arm-none-eabi/13.3.1/../../../../arm-none-eabi/lib/thumb/v7-m/nofp\libc_nano.a(libc_a-sbrkr.o)
                0x08006fb4                _sbrk_r
 .text.memchr   0x08006fd4       0x1c C:/ST/STM32CubeIDE_1.19.0/STM32CubeIDE/plugins/com.st.stm32cube.ide.mcu.externaltools.gnu-tools-for-stm32.13.3.rel1.win32_1.0.0.202411081344/tools/bin/../lib/gcc/arm-none-eabi/13.3.1/../../../../arm-none-eabi/lib/thumb/v7-m/nofp\libc_nano.a(libc_a-memchr-stub.o)
                0x08006fd4                memchr
 .text.memcpy   0x08006ff0       0x1c C:/ST/STM32CubeIDE_1.19.0/STM32CubeIDE/plugins/com.st.stm32cube.ide.mcu.externaltools.gnu-tools-for-stm32.13.3.rel1.win32_1.0.0.202411081344/tools/bin/../lib/gcc/arm-none-eabi/13.3.1/../../../../arm-none-eabi/lib/thumb/v7-m/nofp\libc_nano.a(libc_a-memcpy-stub.o)
                0x08006ff0                memcpy
 .text._realloc_r
                0x0800700c       0x5c C:/ST/STM32CubeIDE_1.19.0/STM32CubeIDE/plugins/com.st.stm32cube.ide.mcu.externaltools.gnu-tools-for-stm32.13.3.rel1.win32_1.0.0.202411081344/tools/bin/../lib/gcc/arm-none-eabi/13.3.1/../../../../arm-none-eabi/lib/thumb/v7-m/nofp\libc_nano.a(libc_a-reallocr.o)
                0x0800700c                _realloc_r
 .text._strtol_l.isra.0
                0x08007068       0xf4 C:/ST/STM32CubeIDE_1.19.0/STM32CubeIDE/plugins/com.st.stm32cube.ide.mcu.externaltools.gnu-tools-for-stm32.13.3.rel1.win32_1.0.0.202411081344/tools/bin/../lib/gcc/arm-none-eabi/13.3.1/../../../../arm-none-eabi/lib/thumb/v7-m/nofp\libc_nano.a(libc_a-strtol.o)
 .text._strtol_r
                0x0800715c        0x4 C:/ST/STM32CubeIDE_1.19.0/STM32CubeIDE/plugins/com.st.stm32cube.ide.mcu.externaltools.gnu-tools-for-stm32.13.3.rel1.win32_1.0.0.202411081344/tools/bin/../lib/gcc/arm-none-eabi/13.3.1/../../../../arm-none-eabi/lib/thumb/v7-m/nofp\libc_nano.a(libc_a-strtol.o)
                0x0800715c                _strtol_r
 .text._strtoul_l.isra.0
                0x08007160       0xdc C:/ST/STM32CubeIDE_1.19.0/STM32CubeIDE/plugins/com.st.stm32cube.ide.mcu.externaltools.gnu-tools-for-stm32.13.3.rel1.win32_1.0.0.202411081344/tools/bin/../lib/gcc/arm-none-eabi/13.3.1/../../../../arm-none-eabi/lib/thumb/v7-m/nofp\libc_nano.a(libc_a-strtoul.o)
 .text._strtoul_r
                0x0800723c        0x4 C:/ST/STM32CubeIDE_1.19.0/STM32CubeIDE/plugins/com.st.stm32cube.ide.mcu.externaltools.gnu-tools-for-stm32.13.3.rel1.win32_1.0.0.202411081344/tools/bin/../lib/gcc/arm-none-eabi/13.3.1/../../../../arm-none-eabi/lib/thumb/v7-m/nofp\libc_nano.a(libc_a-strtoul.o)
                0x0800723c                _strtoul_r
 .text._malloc_usable_size_r
                0x08007240       0x10 C:/ST/STM32CubeIDE_1.19.0/STM32CubeIDE/plugins/com.st.stm32cube.ide.mcu.externaltools.gnu-tools-for-stm32.13.3.rel1.win32_1.0.0.202411081344/tools/bin/../lib/gcc/arm-none-eabi/13.3.1/../../../../arm-none-eabi/lib/thumb/v7-m/nofp\libc_nano.a(libc_a-msizer.o)
                0x08007240                _malloc_usable_size_r
 *(.glue_7)
 .glue_7        0x08007250        0x0 linker stubs
 *(.glue_7t)
 .glue_7t       0x08007250        0x0 linker stubs
 *(.eh_frame)
 .eh_frame      0x08007250        0x0 C:/ST/STM32CubeIDE_1.19.0/STM32CubeIDE/plugins/com.st.stm32cube.ide.mcu.externaltools.gnu-tools-for-stm32.13.3.rel1.win32_1.0.0.202411081344/tools/bin/../lib/gcc/arm-none-eabi/13.3.1/thumb/v7-m/nofp/crtbegin.o
 *(.init)
 .init          0x08007250        0x4 C:/ST/STM32CubeIDE_1.19.0/STM32CubeIDE/plugins/com.st.stm32cube.ide.mcu.externaltools.gnu-tools-for-stm32.13.3.rel1.win32_1.0.0.202411081344/tools/bin/../lib/gcc/arm-none-eabi/13.3.1/thumb/v7-m/nofp/crti.o
                0x08007250                _init
 .init          0x08007254        0x8 C:/ST/STM32CubeIDE_1.19.0/STM32CubeIDE/plugins/com.st.stm32cube.ide.mcu.externaltools.gnu-tools-for-stm32.13.3.rel1.win32_1.0.0.202411081344/tools/bin/../lib/gcc/arm-none-eabi/13.3.1/thumb/v7-m/nofp/crtn.o
 *(.fini)
 .fini          0x0800725c        0x4 C:/ST/STM32CubeIDE_1.19.0/STM32CubeIDE/plugins/com.st.stm32cube.ide.mcu.externaltools.gnu-tools-for-stm32.13.3.rel1.win32_1.0.0.202411081344/tools/bin/../lib/gcc/arm-none-eabi/13.3.1/thumb/v7-m/nofp/crti.o
                0x0800725c                _fini
 .fini          0x08007260        0x8 C:/ST/STM32CubeIDE_1.19.0/STM32CubeIDE/plugins/com.st.stm32cube.ide.mcu.externaltools.gnu-tools-for-stm32.13.3.rel1.win32_1.0.0.202411081344/tools/bin/../lib/gcc/arm-none-eabi/13.3.1/thumb/v7-m/nofp/crtn.o
                0x08007268                        . = ALIGN (0x4)
                0x08007268                        _etext = .

.vfp11_veneer   0x08007268        0x0
 .vfp11_veneer  0x08007268        0x0 linker stubs

.v4_bx          0x08007268        0x0
 .v4_bx         0x08007268        0x0 linker stubs

.iplt           0x08007268        0x0
 .iplt          0x08007268        0x0 C:/ST/STM32CubeIDE_1.19.0/STM32CubeIDE/plugins/com.st.stm32cube.ide.mcu.externaltools.gnu-tools-for-stm32.13.3.rel1.win32_1.0.0.202411081344/tools/bin/../lib/gcc/arm-none-eabi/13.3.1/thumb/v7-m/nofp/crtbegin.o

.rodata         0x08007268      0x43c
                0x08007268                        . = ALIGN (0x4)
 *(.rodata)
 .rodata        0x08007268       0xff ./app/src/logger.o
 *fill*         0x08007367        0x1 
 .rodata        0x08007368      0x175 ./app/src/task_display.o
 *fill*         0x080074dd        0x3 
 .rodata        0x080074e0        0xc C:/ST/STM32CubeIDE_1.19.0/STM32CubeIDE/plugins/com.st.stm32cube.ide.mcu.externaltools.gnu-tools-for-stm32.13.3.rel1.win32_1.0.0.202411081344/tools/bin/../lib/gcc/arm-none-eabi/13.3.1/../../../../arm-none-eabi/lib/thumb/v7-m/nofp\libc_nano.a(libc_a-nano-vfscanf_i.o)
 *(.rodata*)
 .rodata.AHBPrescTable
                0x080074ec       0x10 ./Core/Src/system_stm32f1xx.o
                0x080074ec                AHBPrescTable
 .rodata.APBPrescTable
                0x080074fc        0x8 ./Core/Src/system_stm32f1xx.o
                0x080074fc                APBPrescTable
 .rodata.aPLLMULFactorTable.1
                0x08007504       0x10 ./Drivers/STM32F1xx_HAL_Driver/Src/stm32f1xx_hal_rcc.o
 .rodata.aPredivFactorTable.0
                0x08007514        0x2 ./Drivers/STM32F1xx_HAL_Driver/Src/stm32f1xx_hal_rcc.o
 *fill*         0x08007516        0x2 
 .rodata.task_cfg_list
                0x08007518       0x3c ./app/src/app.o
                0x08007518                task_cfg_list
 .rodata._svfprintf_r.str1.1
                0x08007554       0x4e C:/ST/STM32CubeIDE_1.19.0/STM32CubeIDE/plugins/com.st.stm32cube.ide.mcu.externaltools.gnu-tools-for-stm32.13.3.rel1.win32_1.0.0.202411081344/tools/bin/../lib/gcc/arm-none-eabi/13.3.1/../../../../arm-none-eabi/lib/thumb/v7-m/nofp\libc_nano.a(libc_a-nano-svfprintf.o)
                                 0x11 (size before relaxing)
 .rodata.__ssvfscanf_r.str1.1
                0x080075a2        0x4 C:/ST/STM32CubeIDE_1.19.0/STM32CubeIDE/plugins/com.st.stm32cube.ide.mcu.externaltools.gnu-tools-for-stm32.13.3.rel1.win32_1.0.0.202411081344/tools/bin/../lib/gcc/arm-none-eabi/13.3.1/../../../../arm-none-eabi/lib/thumb/v7-m/nofp\libc_nano.a(libc_a-nano-svfscanf.o)
 .rodata._printf_i.str1.1
                0x080075a2       0x22 C:/ST/STM32CubeIDE_1.19.0/STM32CubeIDE/plugins/com.st.stm32cube.ide.mcu.externaltools.gnu-tools-for-stm32.13.3.rel1.win32_1.0.0.202411081344/tools/bin/../lib/gcc/arm-none-eabi/13.3.1/../../../../arm-none-eabi/lib/thumb/v7-m/nofp\libc_nano.a(libc_a-nano-vfprintf_i.o)
 .rodata._scanf_i.str1.1
                0x080075a2       0x12 C:/ST/STM32CubeIDE_1.19.0/STM32CubeIDE/plugins/com.st.stm32cube.ide.mcu.externaltools.gnu-tools-for-stm32.13.3.rel1.win32_1.0.0.202411081344/tools/bin/../lib/gcc/arm-none-eabi/13.3.1/../../../../arm-none-eabi/lib/thumb/v7-m/nofp\libc_nano.a(libc_a-nano-vfscanf_i.o)
 .rodata.str1.1
                0x080075a2        0x9 C:/ST/STM32CubeIDE_1.19.0/STM32CubeIDE/plugins/com.st.stm32cube.ide.mcu.externaltools.gnu-tools-for-stm32.13.3.rel1.win32_1.0.0.202411081344/tools/bin/../lib/gcc/arm-none-eabi/13.3.1/../../../../arm-none-eabi/lib/thumb/v7-m/nofp\libc_nano.a(libc_a-nano-vfscanf_i.o)
 .rodata._ctype_
                0x080075a2      0x101 C:/ST/STM32CubeIDE_1.19.0/STM32CubeIDE/plugins/com.st.stm32cube.ide.mcu.externaltools.gnu-tools-for-stm32.13.3.rel1.win32_1.0.0.202411081344/tools/bin/../lib/gcc/arm-none-eabi/13.3.1/../../../../arm-none-eabi/lib/thumb/v7-m/nofp\libc_nano.a(libc_a-ctype_.o)
                0x080075a2                _ctype_
                0x080076a4                        . = ALIGN (0x4)
 *fill*         0x080076a3        0x1 

.ARM.extab
 *(.ARM.extab* .gnu.linkonce.armextab.*)

.ARM            0x080076a4        0x8
                0x080076a4                        __exidx_start = .
 *(.ARM.exidx*)
 .ARM.exidx     0x080076a4        0x8 C:/ST/STM32CubeIDE_1.19.0/STM32CubeIDE/plugins/com.st.stm32cube.ide.mcu.externaltools.gnu-tools-for-stm32.13.3.rel1.win32_1.0.0.202411081344/tools/bin/../lib/gcc/arm-none-eabi/13.3.1/../../../../arm-none-eabi/lib/thumb/v7-m/nofp\libc_nano.a(libc_a-strlen.o)
                0x080076ac                        __exidx_end = .

.rel.dyn        0x080076ac        0x0
 .rel.iplt      0x080076ac        0x0 C:/ST/STM32CubeIDE_1.19.0/STM32CubeIDE/plugins/com.st.stm32cube.ide.mcu.externaltools.gnu-tools-for-stm32.13.3.rel1.win32_1.0.0.202411081344/tools/bin/../lib/gcc/arm-none-eabi/13.3.1/thumb/v7-m/nofp/crtbegin.o

.preinit_array  0x080076ac        0x0
                0x080076ac                        PROVIDE (__preinit_array_start = .)
 *(.preinit_array*)
                0x080076ac                        PROVIDE (__preinit_array_end = .)

.init_array     0x080076ac        0x4
                0x080076ac                        PROVIDE (__init_array_start = .)
 *(SORT_BY_NAME(.init_array.*))
 *(.init_array*)
 .init_array    0x080076ac        0x4 C:/ST/STM32CubeIDE_1.19.0/STM32CubeIDE/plugins/com.st.stm32cube.ide.mcu.externaltools.gnu-tools-for-stm32.13.3.rel1.win32_1.0.0.202411081344/tools/bin/../lib/gcc/arm-none-eabi/13.3.1/thumb/v7-m/nofp/crtbegin.o
                0x080076b0                        PROVIDE (__init_array_end = .)

.fini_array     0x080076b0        0x4
                [!provide]                        PROVIDE (__fini_array_start = .)
 *(SORT_BY_NAME(.fini_array.*))
 *(.fini_array*)
 .fini_array    0x080076b0        0x4 C:/ST/STM32CubeIDE_1.19.0/STM32CubeIDE/plugins/com.st.stm32cube.ide.mcu.externaltools.gnu-tools-for-stm32.13.3.rel1.win32_1.0.0.202411081344/tools/bin/../lib/gcc/arm-none-eabi/13.3.1/thumb/v7-m/nofp/crtbegin.o
                [!provide]                        PROVIDE (__fini_array_end = .)
                0x080076b4                        _sidata = LOADADDR (.data)

.data           0x20000000       0x80 load address 0x080076b4
                0x20000000                        . = ALIGN (0x4)
                0x20000000                        _sdata = .
 *(.data)
 *(.data*)
 .data.SystemCoreClock
                0x20000000        0x4 ./Core/Src/system_stm32f1xx.o
                0x20000000                SystemCoreClock
 .data.uwTickPrio
                0x20000004        0x4 ./Drivers/STM32F1xx_HAL_Driver/Src/stm32f1xx_hal.o
                0x20000004                uwTickPrio
 .data.uwTickFreq
                0x20000008        0x1 ./Drivers/STM32F1xx_HAL_Driver/Src/stm32f1xx_hal.o
                0x20000008                uwTickFreq
 *fill*         0x20000009        0x3 
 .data.local_mod_th
                0x2000000c        0x4 ./app/src/task_display.o
 .data.local_crit_th
                0x20000010        0x4 ./app/src/task_display.o
 .data.local_irrig_dur
                0x20000014        0x4 ./app/src/task_display.o
 .data.local_op_mode
                0x20000018        0x4 ./app/src/task_display.o
 .data.is_irrigating_phase
                0x2000001c        0x1 ./app/src/task_system.o
                0x2000001c                is_irrigating_phase
 *fill*         0x2000001d        0x3 
 .data.wind_critical_th
                0x20000020        0x4 ./app/src/task_system_interface.o
 .data.wind_moderate_th
                0x20000024        0x4 ./app/src/task_system_interface.o
 .data.irrig_duration_s
                0x20000028        0x4 ./app/src/task_system_interface.o
 .data.op_mode  0x2000002c        0x4 ./app/src/task_system_interface.o
 .data._impure_ptr
                0x20000030        0x4 C:/ST/STM32CubeIDE_1.19.0/STM32CubeIDE/plugins/com.st.stm32cube.ide.mcu.externaltools.gnu-tools-for-stm32.13.3.rel1.win32_1.0.0.202411081344/tools/bin/../lib/gcc/arm-none-eabi/13.3.1/../../../../arm-none-eabi/lib/thumb/v7-m/nofp\libc_nano.a(libc_a-impure.o)
                0x20000030                _impure_ptr
 .data._impure_data
                0x20000034       0x4c C:/ST/STM32CubeIDE_1.19.0/STM32CubeIDE/plugins/com.st.stm32cube.ide.mcu.externaltools.gnu-tools-for-stm32.13.3.rel1.win32_1.0.0.202411081344/tools/bin/../lib/gcc/arm-none-eabi/13.3.1/../../../../arm-none-eabi/lib/thumb/v7-m/nofp\libc_nano.a(libc_a-impure.o)
                0x20000034                _impure_data
 *(.RamFunc)
 *(.RamFunc*)
                0x20000080                        . = ALIGN (0x4)
                0x20000080                        _edata = .

.igot.plt       0x20000080        0x0 load address 0x08007734
 .igot.plt      0x20000080        0x0 C:/ST/STM32CubeIDE_1.19.0/STM32CubeIDE/plugins/com.st.stm32cube.ide.mcu.externaltools.gnu-tools-for-stm32.13.3.rel1.win32_1.0.0.202411081344/tools/bin/../lib/gcc/arm-none-eabi/13.3.1/thumb/v7-m/nofp/crtbegin.o
                0x20000080                        . = ALIGN (0x4)

.bss            0x20000080      0x4cc load address 0x08007734
                0x20000080                        _sbss = .
                0x20000080                        __bss_start__ = _sbss
 *(.bss)
 .bss           0x20000080       0x1c C:/ST/STM32CubeIDE_1.19.0/STM32CubeIDE/plugins/com.st.stm32cube.ide.mcu.externaltools.gnu-tools-for-stm32.13.3.rel1.win32_1.0.0.202411081344/tools/bin/../lib/gcc/arm-none-eabi/13.3.1/thumb/v7-m/nofp/crtbegin.o
 *(.bss*)
 .bss.hadc1     0x2000009c       0x30 ./Core/Src/main.o
                0x2000009c                hadc1
 .bss.hdma_adc1
                0x200000cc       0x44 ./Core/Src/main.o
                0x200000cc                hdma_adc1
 .bss.hi2c1     0x20000110       0x54 ./Core/Src/main.o
                0x20000110                hi2c1
 .bss.huart1    0x20000164       0x48 ./Core/Src/main.o
                0x20000164                huart1
 .bss.huart2    0x200001ac       0x48 ./Core/Src/main.o
                0x200001ac                huart2
 .bss.heap_end.0
                0x200001f4        0x4 ./Core/Src/syscalls.o
 .bss.uwTick    0x200001f8        0x4 ./Drivers/STM32F1xx_HAL_Driver/Src/stm32f1xx_hal.o
                0x200001f8                uwTick
 .bss.g_app_tick_cnt
                0x200001fc        0x4 ./app/src/app.o
                0x200001fc                g_app_tick_cnt
 .bss.rx_char   0x20000200        0x1 ./app/src/logger.o
 *fill*         0x20000201        0x3 
 .bss.rx_buffer
                0x20000204       0x20 ./app/src/logger.o
 .bss.rx_index  0x20000224        0x1 ./app/src/logger.o
 .bss.msg_received
                0x20000225        0x1 ./app/src/logger.o
 *fill*         0x20000226        0x2 
 .bss.tx_buffer
                0x20000228      0x100 ./app/src/logger.o
 .bss.telemetry_tick_stamp
                0x20000328        0x4 ./app/src/logger.o
 .bss.tx_busy   0x2000032c        0x1 ./app/src/logger.o
 *fill*         0x2000032d        0x3 
 .bss.blink_tick_stamp
                0x20000330        0x4 ./app/src/task_actuator.o
 .bss.blink_state
                0x20000334        0x1 ./app/src/task_actuator.o
 *fill*         0x20000335        0x3 
 .bss.actuator_sectors
                0x20000338        0x4 ./app/src/task_actuator_interface.o
                0x20000338                actuator_sectors
 .bss.actuator_status_leds
                0x2000033c        0x3 ./app/src/task_actuator_interface.o
                0x2000033c                actuator_status_leds
 .bss.actuator_buzzer
                0x2000033f        0x1 ./app/src/task_actuator_interface.o
                0x2000033f                actuator_buzzer
 .bss.prev_sys_state
                0x20000340        0x1 ./app/src/task_display.o
 *fill*         0x20000341        0x3 
 .bss.last_update_tick
                0x20000344        0x4 ./app/src/task_display.o
 .bss.current_menu
                0x20000348        0x1 ./app/src/task_display.o
 *fill*         0x20000349        0x3 
 .bss.local_night_irrig
                0x2000034c        0x4 ./app/src/task_display.o
 .bss.menu_dirty
                0x20000350        0x1 ./app/src/task_display.o
 *fill*         0x20000351        0x3 
 .bss.adc_raw_buffer
                0x20000354        0x6 ./app/src/task_sensor.o
 *fill*         0x2000035a        0x2 
 .bss.wind_filter_buffer
                0x2000035c       0x20 ./app/src/task_sensor.o
 .bss.dir_filter_buffer
                0x2000037c       0x20 ./app/src/task_sensor.o
 .bss.filter_index
                0x2000039c        0x4 ./app/src/task_sensor.o
 .bss.wind_filter_sum
                0x200003a0        0x4 ./app/src/task_sensor.o
 .bss.dir_filter_sum
                0x200003a4        0x4 ./app/src/task_sensor.o
 .bss.filter_initialized
                0x200003a8        0x1 ./app/src/task_sensor.o
 *fill*         0x200003a9        0x3 
 .bss.buttons   0x200003ac       0x30 ./app/src/task_sensor.o
 .bss.sensor_wind_speed
                0x200003dc        0x4 ./app/src/task_sensor_interface.o
                0x200003dc                sensor_wind_speed
 .bss.sensor_wind_dir
                0x200003e0        0x4 ./app/src/task_sensor_interface.o
                0x200003e0                sensor_wind_dir
 .bss.sensor_light
                0x200003e4        0x4 ./app/src/task_sensor_interface.o
                0x200003e4                sensor_light
 .bss.sensor_adc_error
                0x200003e8        0x1 ./app/src/task_sensor_interface.o
                0x200003e8                sensor_adc_error
 .bss.sensor_dip_switches
                0x200003e9        0x1 ./app/src/task_sensor_interface.o
                0x200003e9                sensor_dip_switches
 .bss.flag_btn_enter
                0x200003ea        0x1 ./app/src/task_sensor_interface.o
                0x200003ea                flag_btn_enter
 .bss.flag_btn_up
                0x200003eb        0x1 ./app/src/task_sensor_interface.o
                0x200003eb                flag_btn_up
 .bss.flag_btn_down
                0x200003ec        0x1 ./app/src/task_sensor_interface.o
                0x200003ec                flag_btn_down
 *fill*         0x200003ed        0x3 
 .bss.task_system_dta
                0x200003f0        0x3 ./app/src/task_system.o
 .bss.current_sys_state
                0x200003f3        0x1 ./app/src/task_system.o
                0x200003f3                current_sys_state
 .bss.timer_last_tick
                0x200003f4        0x4 ./app/src/task_system.o
                0x200003f4                timer_last_tick
 .bss.task_system_event
                0x200003f8        0x1 ./app/src/task_system_interface.o
 .bss.b_task_system_event
                0x200003f9        0x1 ./app/src/task_system_interface.o
 *fill*         0x200003fa        0x2 
 .bss.enable_night_irrig
                0x200003fc        0x4 ./app/src/task_system_interface.o
 .bss.web_inhibits
                0x20000400        0x1 ./app/src/task_system_interface.o
 *fill*         0x20000401        0x3 
 .bss.__sf      0x20000404      0x138 C:/ST/STM32CubeIDE_1.19.0/STM32CubeIDE/plugins/com.st.stm32cube.ide.mcu.externaltools.gnu-tools-for-stm32.13.3.rel1.win32_1.0.0.202411081344/tools/bin/../lib/gcc/arm-none-eabi/13.3.1/../../../../arm-none-eabi/lib/thumb/v7-m/nofp\libc_nano.a(libc_a-findfp.o)
                0x20000404                __sf
 .bss.errno     0x2000053c        0x4 C:/ST/STM32CubeIDE_1.19.0/STM32CubeIDE/plugins/com.st.stm32cube.ide.mcu.externaltools.gnu-tools-for-stm32.13.3.rel1.win32_1.0.0.202411081344/tools/bin/../lib/gcc/arm-none-eabi/13.3.1/../../../../arm-none-eabi/lib/thumb/v7-m/nofp\libc_nano.a(libc_a-reent.o)
                0x2000053c                errno
 .bss.__lock___malloc_recursive_mutex
                0x20000540        0x1 C:/ST/STM32CubeIDE_1.19.0/STM32CubeIDE/plugins/com.st.stm32cube.ide.mcu.externaltools.gnu-tools-for-stm32.13.3.rel1.win32_1.0.0.202411081344/tools/bin/../lib/gcc/arm-none-eabi/13.3.1/../../../../arm-none-eabi/lib/thumb/v7-m/nofp\libc_nano.a(libc_a-lock.o)
                0x20000540                __lock___malloc_recursive_mutex
 *fill*         0x20000541        0x3 
 .bss.__malloc_sbrk_start
                0x20000544        0x4 C:/ST/STM32CubeIDE_1.19.0/STM32CubeIDE/plugins/com.st.stm32cube.ide.mcu.externaltools.gnu-tools-for-stm32.13.3.rel1.win32_1.0.0.202411081344/tools/bin/../lib/gcc/arm-none-eabi/13.3.1/../../../../arm-none-eabi/lib/thumb/v7-m/nofp\libc_nano.a(libc_a-mallocr.o)
                0x20000544                __malloc_sbrk_start
 .bss.__malloc_free_list
                0x20000548        0x4 C:/ST/STM32CubeIDE_1.19.0/STM32CubeIDE/plugins/com.st.stm32cube.ide.mcu.externaltools.gnu-tools-for-stm32.13.3.rel1.win32_1.0.0.202411081344/tools/bin/../lib/gcc/arm-none-eabi/13.3.1/../../../../arm-none-eabi/lib/thumb/v7-m/nofp\libc_nano.a(libc_a-mallocr.o)
                0x20000548                __malloc_free_list
 *(COMMON)
                0x2000054c                        . = ALIGN (0x4)
                0x2000054c                        _ebss = .
                0x2000054c                        __bss_end__ = _ebss

._user_heap_stack
                0x2000054c      0x604 load address 0x08007734
                0x20000550                        . = ALIGN (0x8)
 *fill*         0x2000054c        0x4 
                [!provide]                        PROVIDE (end = .)
                0x20000550                        PROVIDE (_end = .)
                0x20000750                        . = (. + _Min_Heap_Size)
 *fill*         0x20000550      0x200 
                0x20000b50                        . = (. + _Min_Stack_Size)
 *fill*         0x20000750      0x400 
                0x20000b50                        . = ALIGN (0x8)

/DISCARD/
 libc.a(*)
 libm.a(*)
 libgcc.a(*)

.ARM.attributes
                0x00000000       0x29
 *(.ARM.attributes)
 .ARM.attributes
                0x00000000       0x1d C:/ST/STM32CubeIDE_1.19.0/STM32CubeIDE/plugins/com.st.stm32cube.ide.mcu.externaltools.gnu-tools-for-stm32.13.3.rel1.win32_1.0.0.202411081344/tools/bin/../lib/gcc/arm-none-eabi/13.3.1/thumb/v7-m/nofp/crti.o
 .ARM.attributes
                0x0000001d       0x2d C:/ST/STM32CubeIDE_1.19.0/STM32CubeIDE/plugins/com.st.stm32cube.ide.mcu.externaltools.gnu-tools-for-stm32.13.3.rel1.win32_1.0.0.202411081344/tools/bin/../lib/gcc/arm-none-eabi/13.3.1/thumb/v7-m/nofp/crtbegin.o
 .ARM.attributes
                0x0000004a       0x2d ./Core/Src/main.o
 .ARM.attributes
                0x00000077       0x2d ./Core/Src/stm32f1xx_hal_msp.o
 .ARM.attributes
                0x000000a4       0x2d ./Core/Src/stm32f1xx_it.o
 .ARM.attributes
                0x000000d1       0x2d ./Core/Src/syscalls.o
 .ARM.attributes
                0x000000fe       0x2d ./Core/Src/system_stm32f1xx.o
 .ARM.attributes
                0x0000012b       0x21 ./Core/Startup/startup_stm32f103rbtx.o
 .ARM.attributes
                0x0000014c       0x2d ./Drivers/STM32F1xx_HAL_Driver/Src/stm32f1xx_hal.o
 .ARM.attributes
                0x00000179       0x2d ./Drivers/STM32F1xx_HAL_Driver/Src/stm32f1xx_hal_adc.o
 .ARM.attributes
                0x000001a6       0x2d ./Drivers/STM32F1xx_HAL_Driver/Src/stm32f1xx_hal_cortex.o
 .ARM.attributes
                0x000001d3       0x2d ./Drivers/STM32F1xx_HAL_Driver/Src/stm32f1xx_hal_dma.o
 .ARM.attributes
                0x00000200       0x2d ./Drivers/STM32F1xx_HAL_Driver/Src/stm32f1xx_hal_gpio.o
 .ARM.attributes
                0x0000022d       0x2d ./Drivers/STM32F1xx_HAL_Driver/Src/stm32f1xx_hal_i2c.o
 .ARM.attributes
                0x0000025a       0x2d ./Drivers/STM32F1xx_HAL_Driver/Src/stm32f1xx_hal_pwr.o
 .ARM.attributes
                0x00000287       0x2d ./Drivers/STM32F1xx_HAL_Driver/Src/stm32f1xx_hal_rcc.o
 .ARM.attributes
                0x000002b4       0x2d ./Drivers/STM32F1xx_HAL_Driver/Src/stm32f1xx_hal_rcc_ex.o
 .ARM.attributes
                0x000002e1       0x2d ./Drivers/STM32F1xx_HAL_Driver/Src/stm32f1xx_hal_uart.o
 .ARM.attributes
                0x0000030e       0x2d ./app/src/app.o
 .ARM.attributes
                0x0000033b       0x2d ./app/src/display.o
 .ARM.attributes
                0x00000368       0x2d ./app/src/eeprom.o
 .ARM.attributes
                0x00000395       0x2d ./app/src/logger.o
 .ARM.attributes
                0x000003c2       0x2d ./app/src/task_actuator.o
 .ARM.attributes
                0x000003ef       0x2d ./app/src/task_actuator_interface.o
 .ARM.attributes
                0x0000041c       0x2d ./app/src/task_display.o
 .ARM.attributes
                0x00000449       0x2d ./app/src/task_sensor.o
 .ARM.attributes
                0x00000476       0x2d ./app/src/task_sensor_interface.o
 .ARM.attributes
                0x000004a3       0x2d ./app/src/task_system.o
 .ARM.attributes
                0x000004d0       0x2d ./app/src/task_system_interface.o
 .ARM.attributes
                0x000004fd       0x2d C:/ST/STM32CubeIDE_1.19.0/STM32CubeIDE/plugins/com.st.stm32cube.ide.mcu.externaltools.gnu-tools-for-stm32.13.3.rel1.win32_1.0.0.202411081344/tools/bin/../lib/gcc/arm-none-eabi/13.3.1/../../../../arm-none-eabi/lib/thumb/v7-m/nofp\libc_nano.a(libc_a-findfp.o)
 .ARM.attributes
                0x0000052a       0x2d C:/ST/STM32CubeIDE_1.19.0/STM32CubeIDE/plugins/com.st.stm32cube.ide.mcu.externaltools.gnu-tools-for-stm32.13.3.rel1.win32_1.0.0.202411081344/tools/bin/../lib/gcc/arm-none-eabi/13.3.1/../../../../arm-none-eabi/lib/thumb/v7-m/nofp\libc_nano.a(libc_a-sprintf.o)
 .ARM.attributes
                0x00000557       0x2d C:/ST/STM32CubeIDE_1.19.0/STM32CubeIDE/plugins/com.st.stm32cube.ide.mcu.externaltools.gnu-tools-for-stm32.13.3.rel1.win32_1.0.0.202411081344/tools/bin/../lib/gcc/arm-none-eabi/13.3.1/../../../../arm-none-eabi/lib/thumb/v7-m/nofp\libc_nano.a(libc_a-sscanf.o)
 .ARM.attributes
                0x00000584       0x2d C:/ST/STM32CubeIDE_1.19.0/STM32CubeIDE/plugins/com.st.stm32cube.ide.mcu.externaltools.gnu-tools-for-stm32.13.3.rel1.win32_1.0.0.202411081344/tools/bin/../lib/gcc/arm-none-eabi/13.3.1/../../../../arm-none-eabi/lib/thumb/v7-m/nofp\libc_nano.a(libc_a-stdio.o)
 .ARM.attributes
                0x000005b1       0x2d C:/ST/STM32CubeIDE_1.19.0/STM32CubeIDE/plugins/com.st.stm32cube.ide.mcu.externaltools.gnu-tools-for-stm32.13.3.rel1.win32_1.0.0.202411081344/tools/bin/../lib/gcc/arm-none-eabi/13.3.1/../../../../arm-none-eabi/lib/thumb/v7-m/nofp\libc_nano.a(libc_a-memset.o)
 .ARM.attributes
                0x000005de       0x2d C:/ST/STM32CubeIDE_1.19.0/STM32CubeIDE/plugins/com.st.stm32cube.ide.mcu.externaltools.gnu-tools-for-stm32.13.3.rel1.win32_1.0.0.202411081344/tools/bin/../lib/gcc/arm-none-eabi/13.3.1/../../../../arm-none-eabi/lib/thumb/v7-m/nofp\libc_nano.a(libc_a-strncmp.o)
 .ARM.attributes
                0x0000060b       0x2d C:/ST/STM32CubeIDE_1.19.0/STM32CubeIDE/plugins/com.st.stm32cube.ide.mcu.externaltools.gnu-tools-for-stm32.13.3.rel1.win32_1.0.0.202411081344/tools/bin/../lib/gcc/arm-none-eabi/13.3.1/../../../../arm-none-eabi/lib/thumb/v7-m/nofp\libc_nano.a(libc_a-reent.o)
 .ARM.attributes
                0x00000638       0x2d C:/ST/STM32CubeIDE_1.19.0/STM32CubeIDE/plugins/com.st.stm32cube.ide.mcu.externaltools.gnu-tools-for-stm32.13.3.rel1.win32_1.0.0.202411081344/tools/bin/../lib/gcc/arm-none-eabi/13.3.1/../../../../arm-none-eabi/lib/thumb/v7-m/nofp\libc_nano.a(libc_a-impure.o)
 .ARM.attributes
                0x00000665       0x2d C:/ST/STM32CubeIDE_1.19.0/STM32CubeIDE/plugins/com.st.stm32cube.ide.mcu.externaltools.gnu-tools-for-stm32.13.3.rel1.win32_1.0.0.202411081344/tools/bin/../lib/gcc/arm-none-eabi/13.3.1/../../../../arm-none-eabi/lib/thumb/v7-m/nofp\libc_nano.a(libc_a-errno.o)
 .ARM.attributes
                0x00000692       0x2d C:/ST/STM32CubeIDE_1.19.0/STM32CubeIDE/plugins/com.st.stm32cube.ide.mcu.externaltools.gnu-tools-for-stm32.13.3.rel1.win32_1.0.0.202411081344/tools/bin/../lib/gcc/arm-none-eabi/13.3.1/../../../../arm-none-eabi/lib/thumb/v7-m/nofp\libc_nano.a(libc_a-init.o)
 .ARM.attributes
                0x000006bf       0x2d C:/ST/STM32CubeIDE_1.19.0/STM32CubeIDE/plugins/com.st.stm32cube.ide.mcu.externaltools.gnu-tools-for-stm32.13.3.rel1.win32_1.0.0.202411081344/tools/bin/../lib/gcc/arm-none-eabi/13.3.1/../../../../arm-none-eabi/lib/thumb/v7-m/nofp\libc_nano.a(libc_a-lock.o)
 .ARM.attributes
                0x000006ec       0x17 C:/ST/STM32CubeIDE_1.19.0/STM32CubeIDE/plugins/com.st.stm32cube.ide.mcu.externaltools.gnu-tools-for-stm32.13.3.rel1.win32_1.0.0.202411081344/tools/bin/../lib/gcc/arm-none-eabi/13.3.1/../../../../arm-none-eabi/lib/thumb/v7-m/nofp\libc_nano.a(libc_a-strlen.o)
 .ARM.attributes
                0x00000703       0x2d C:/ST/STM32CubeIDE_1.19.0/STM32CubeIDE/plugins/com.st.stm32cube.ide.mcu.externaltools.gnu-tools-for-stm32.13.3.rel1.win32_1.0.0.202411081344/tools/bin/../lib/gcc/arm-none-eabi/13.3.1/../../../../arm-none-eabi/lib/thumb/v7-m/nofp\libc_nano.a(libc_a-freer.o)
 .ARM.attributes
                0x00000730       0x2d C:/ST/STM32CubeIDE_1.19.0/STM32CubeIDE/plugins/com.st.stm32cube.ide.mcu.externaltools.gnu-tools-for-stm32.13.3.rel1.win32_1.0.0.202411081344/tools/bin/../lib/gcc/arm-none-eabi/13.3.1/../../../../arm-none-eabi/lib/thumb/v7-m/nofp\libc_nano.a(libc_a-mallocr.o)
 .ARM.attributes
                0x0000075d       0x2d C:/ST/STM32CubeIDE_1.19.0/STM32CubeIDE/plugins/com.st.stm32cube.ide.mcu.externaltools.gnu-tools-for-stm32.13.3.rel1.win32_1.0.0.202411081344/tools/bin/../lib/gcc/arm-none-eabi/13.3.1/../../../../arm-none-eabi/lib/thumb/v7-m/nofp\libc_nano.a(libc_a-mlock.o)
 .ARM.attributes
                0x0000078a       0x2d C:/ST/STM32CubeIDE_1.19.0/STM32CubeIDE/plugins/com.st.stm32cube.ide.mcu.externaltools.gnu-tools-for-stm32.13.3.rel1.win32_1.0.0.202411081344/tools/bin/../lib/gcc/arm-none-eabi/13.3.1/../../../../arm-none-eabi/lib/thumb/v7-m/nofp\libc_nano.a(libc_a-nano-svfprintf.o)
 .ARM.attributes
                0x000007b7       0x2d C:/ST/STM32CubeIDE_1.19.0/STM32CubeIDE/plugins/com.st.stm32cube.ide.mcu.externaltools.gnu-tools-for-stm32.13.3.rel1.win32_1.0.0.202411081344/tools/bin/../lib/gcc/arm-none-eabi/13.3.1/../../../../arm-none-eabi/lib/thumb/v7-m/nofp\libc_nano.a(libc_a-nano-svfscanf.o)
 .ARM.attributes
                0x000007e4       0x2d C:/ST/STM32CubeIDE_1.19.0/STM32CubeIDE/plugins/com.st.stm32cube.ide.mcu.externaltools.gnu-tools-for-stm32.13.3.rel1.win32_1.0.0.202411081344/tools/bin/../lib/gcc/arm-none-eabi/13.3.1/../../../../arm-none-eabi/lib/thumb/v7-m/nofp\libc_nano.a(libc_a-nano-vfprintf_i.o)
 .ARM.attributes
                0x00000811       0x2d C:/ST/STM32CubeIDE_1.19.0/STM32CubeIDE/plugins/com.st.stm32cube.ide.mcu.externaltools.gnu-tools-for-stm32.13.3.rel1.win32_1.0.0.202411081344/tools/bin/../lib/gcc/arm-none-eabi/13.3.1/../../../../arm-none-eabi/lib/thumb/v7-m/nofp\libc_nano.a(libc_a-nano-vfscanf_i.o)
 .ARM.attributes
                0x0000083e       0x2d C:/ST/STM32CubeIDE_1.19.0/STM32CubeIDE/plugins/com.st.stm32cube.ide.mcu.externaltools.gnu-tools-for-stm32.13.3.rel1.win32_1.0.0.202411081344/tools/bin/../lib/gcc/arm-none-eabi/13.3.1/../../../../arm-none-eabi/lib/thumb/v7-m/nofp\libc_nano.a(libc_a-sccl.o)
 .ARM.attributes
                0x0000086b       0x2d C:/ST/STM32CubeIDE_1.19.0/STM32CubeIDE/plugins/com.st.stm32cube.ide.mcu.externaltools.gnu-tools-for-stm32.13.3.rel1.win32_1.0.0.202411081344/tools/bin/../lib/gcc/arm-none-eabi/13.3.1/../../../../arm-none-eabi/lib/thumb/v7-m/nofp\libc_nano.a(libc_a-ungetc.o)
 .ARM.attributes
                0x00000898       0x2d C:/ST/STM32CubeIDE_1.19.0/STM32CubeIDE/plugins/com.st.stm32cube.ide.mcu.externaltools.gnu-tools-for-stm32.13.3.rel1.win32_1.0.0.202411081344/tools/bin/../lib/gcc/arm-none-eabi/13.3.1/../../../../arm-none-eabi/lib/thumb/v7-m/nofp\libc_nano.a(libc_a-memmove.o)
 .ARM.attributes
                0x000008c5       0x2d C:/ST/STM32CubeIDE_1.19.0/STM32CubeIDE/plugins/com.st.stm32cube.ide.mcu.externaltools.gnu-tools-for-stm32.13.3.rel1.win32_1.0.0.202411081344/tools/bin/../lib/gcc/arm-none-eabi/13.3.1/../../../../arm-none-eabi/lib/thumb/v7-m/nofp\libc_nano.a(libc_a-sbrkr.o)
 .ARM.attributes
                0x000008f2       0x2d C:/ST/STM32CubeIDE_1.19.0/STM32CubeIDE/plugins/com.st.stm32cube.ide.mcu.externaltools.gnu-tools-for-stm32.13.3.rel1.win32_1.0.0.202411081344/tools/bin/../lib/gcc/arm-none-eabi/13.3.1/../../../../arm-none-eabi/lib/thumb/v7-m/nofp\libc_nano.a(libc_a-memchr-stub.o)
 .ARM.attributes
                0x0000091f       0x2d C:/ST/STM32CubeIDE_1.19.0/STM32CubeIDE/plugins/com.st.stm32cube.ide.mcu.externaltools.gnu-tools-for-stm32.13.3.rel1.win32_1.0.0.202411081344/tools/bin/../lib/gcc/arm-none-eabi/13.3.1/../../../../arm-none-eabi/lib/thumb/v7-m/nofp\libc_nano.a(libc_a-memcpy-stub.o)
 .ARM.attributes
                0x0000094c       0x2d C:/ST/STM32CubeIDE_1.19.0/STM32CubeIDE/plugins/com.st.stm32cube.ide.mcu.externaltools.gnu-tools-for-stm32.13.3.rel1.win32_1.0.0.202411081344/tools/bin/../lib/gcc/arm-none-eabi/13.3.1/../../../../arm-none-eabi/lib/thumb/v7-m/nofp\libc_nano.a(libc_a-reallocr.o)
 .ARM.attributes
                0x00000979       0x2d C:/ST/STM32CubeIDE_1.19.0/STM32CubeIDE/plugins/com.st.stm32cube.ide.mcu.externaltools.gnu-tools-for-stm32.13.3.rel1.win32_1.0.0.202411081344/tools/bin/../lib/gcc/arm-none-eabi/13.3.1/../../../../arm-none-eabi/lib/thumb/v7-m/nofp\libc_nano.a(libc_a-strtol.o)
 .ARM.attributes
                0x000009a6       0x2d C:/ST/STM32CubeIDE_1.19.0/STM32CubeIDE/plugins/com.st.stm32cube.ide.mcu.externaltools.gnu-tools-for-stm32.13.3.rel1.win32_1.0.0.202411081344/tools/bin/../lib/gcc/arm-none-eabi/13.3.1/../../../../arm-none-eabi/lib/thumb/v7-m/nofp\libc_nano.a(libc_a-strtoul.o)
 .ARM.attributes
                0x000009d3       0x2d C:/ST/STM32CubeIDE_1.19.0/STM32CubeIDE/plugins/com.st.stm32cube.ide.mcu.externaltools.gnu-tools-for-stm32.13.3.rel1.win32_1.0.0.202411081344/tools/bin/../lib/gcc/arm-none-eabi/13.3.1/../../../../arm-none-eabi/lib/thumb/v7-m/nofp\libc_nano.a(libc_a-ctype_.o)
 .ARM.attributes
                0x00000a00       0x2d C:/ST/STM32CubeIDE_1.19.0/STM32CubeIDE/plugins/com.st.stm32cube.ide.mcu.externaltools.gnu-tools-for-stm32.13.3.rel1.win32_1.0.0.202411081344/tools/bin/../lib/gcc/arm-none-eabi/13.3.1/../../../../arm-none-eabi/lib/thumb/v7-m/nofp\libc_nano.a(libc_a-msizer.o)
 .ARM.attributes
                0x00000a2d       0x1d C:/ST/STM32CubeIDE_1.19.0/STM32CubeIDE/plugins/com.st.stm32cube.ide.mcu.externaltools.gnu-tools-for-stm32.13.3.rel1.win32_1.0.0.202411081344/tools/bin/../lib/gcc/arm-none-eabi/13.3.1/thumb/v7-m/nofp/crtn.o
OUTPUT(Trabajo-FINAL_tdse.elf elf32-littlearm)
LOAD linker stubs
LOAD C:/ST/STM32CubeIDE_1.19.0/STM32CubeIDE/plugins/com.st.stm32cube.ide.mcu.externaltools.gnu-tools-for-stm32.13.3.rel1.win32_1.0.0.202411081344/tools/bin/../lib/gcc/arm-none-eabi/13.3.1/../../../../arm-none-eabi/lib/thumb/v7-m/nofp\libc.a
LOAD C:/ST/STM32CubeIDE_1.19.0/STM32CubeIDE/plugins/com.st.stm32cube.ide.mcu.externaltools.gnu-tools-for-stm32.13.3.rel1.win32_1.0.0.202411081344/tools/bin/../lib/gcc/arm-none-eabi/13.3.1/../../../../arm-none-eabi/lib/thumb/v7-m/nofp\libm.a
LOAD C:/ST/STM32CubeIDE_1.19.0/STM32CubeIDE/plugins/com.st.stm32cube.ide.mcu.externaltools.gnu-tools-for-stm32.13.3.rel1.win32_1.0.0.202411081344/tools/bin/../lib/gcc/arm-none-eabi/13.3.1/thumb/v7-m/nofp\libgcc.a

.debug_info     0x00000000     0xf8a4
 .debug_info    0x00000000     0x11bd ./Core/Src/main.o
 .debug_info    0x000011bd     0x100f ./Core/Src/stm32f1xx_hal_msp.o
 .debug_info    0x000021cc      0x635 ./Core/Src/stm32f1xx_it.o
 .debug_info    0x00002801      0x6ff ./Core/Src/syscalls.o
 .debug_info    0x00002f00      0x222 ./Core/Src/system_stm32f1xx.o
 .debug_info    0x00003122       0x30 ./Core/Startup/startup_stm32f103rbtx.o
 .debug_info    0x00003152      0x704 ./Drivers/STM32F1xx_HAL_Driver/Src/stm32f1xx_hal.o
 .debug_info    0x00003856      0xc50 ./Drivers/STM32F1xx_HAL_Driver/Src/stm32f1xx_hal_adc.o
 .debug_info    0x000044a6      0xa87 ./Drivers/STM32F1xx_HAL_Driver/Src/stm32f1xx_hal_cortex.o
 .debug_info    0x00004f2d      0x6d2 ./Drivers/STM32F1xx_HAL_Driver/Src/stm32f1xx_hal_dma.o
 .debug_info    0x000055ff      0x5ab ./Drivers/STM32F1xx_HAL_Driver/Src/stm32f1xx_hal_gpio.o
 .debug_info    0x00005baa     0x2524 ./Drivers/STM32F1xx_HAL_Driver/Src/stm32f1xx_hal_i2c.o
 .debug_info    0x000080ce      0x628 ./Drivers/STM32F1xx_HAL_Driver/Src/stm32f1xx_hal_pwr.o
 .debug_info    0x000086f6      0x7d5 ./Drivers/STM32F1xx_HAL_Driver/Src/stm32f1xx_hal_rcc.o
 .debug_info    0x00008ecb      0x3c0 ./Drivers/STM32F1xx_HAL_Driver/Src/stm32f1xx_hal_rcc_ex.o
 .debug_info    0x0000928b     0x2eed ./Drivers/STM32F1xx_HAL_Driver/Src/stm32f1xx_hal_uart.o
 .debug_info    0x0000c178      0x26f ./app/src/app.o
 .debug_info    0x0000c3e7      0x271 ./app/src/display.o
 .debug_info    0x0000c658      0x7ad ./app/src/eeprom.o
 .debug_info    0x0000ce05      0xa39 ./app/src/logger.o
 .debug_info    0x0000d83e      0x262 ./app/src/task_actuator.o
 .debug_info    0x0000daa0      0x1c7 ./app/src/task_actuator_interface.o
 .debug_info    0x0000dc67      0x5db ./app/src/task_display.o
 .debug_info    0x0000e242      0xb9a ./app/src/task_sensor.o
 .debug_info    0x0000eddc      0x221 ./app/src/task_sensor_interface.o
 .debug_info    0x0000effd      0x499 ./app/src/task_system.o
 .debug_info    0x0000f496      0x40e ./app/src/task_system_interface.o

.debug_abbrev   0x00000000     0x3270
 .debug_abbrev  0x00000000      0x2c1 ./Core/Src/main.o
 .debug_abbrev  0x000002c1      0x248 ./Core/Src/stm32f1xx_hal_msp.o
 .debug_abbrev  0x00000509      0x18b ./Core/Src/stm32f1xx_it.o
 .debug_abbrev  0x00000694      0x1cf ./Core/Src/syscalls.o
 .debug_abbrev  0x00000863      0x13f ./Core/Src/system_stm32f1xx.o
 .debug_abbrev  0x000009a2       0x24 ./Core/Startup/startup_stm32f103rbtx.o
 .debug_abbrev  0x000009c6      0x201 ./Drivers/STM32F1xx_HAL_Driver/Src/stm32f1xx_hal.o
 .debug_abbrev  0x00000bc7      0x225 ./Drivers/STM32F1xx_HAL_Driver/Src/stm32f1xx_hal_adc.o
 .debug_abbrev  0x00000dec      0x2f8 ./Drivers/STM32F1xx_HAL_Driver/Src/stm32f1xx_hal_cortex.o
 .debug_abbrev  0x000010e4      0x20b ./Drivers/STM32F1xx_HAL_Driver/Src/stm32f1xx_hal_dma.o
 .debug_abbrev  0x000012ef      0x1ca ./Drivers/STM32F1xx_HAL_Driver/Src/stm32f1xx_hal_gpio.o
 .debug_abbrev  0x000014b9      0x2a3 ./Drivers/STM32F1xx_HAL_Driver/Src/stm32f1xx_hal_i2c.o
 .debug_abbrev  0x0000175c      0x1f6 ./Drivers/STM32F1xx_HAL_Driver/Src/stm32f1xx_hal_pwr.o
 .debug_abbrev  0x00001952      0x2b3 ./Drivers/STM32F1xx_HAL_Driver/Src/stm32f1xx_hal_rcc.o
 .debug_abbrev  0x00001c05      0x188 ./Drivers/STM32F1xx_HAL_Driver/Src/stm32f1xx_hal_rcc_ex.o
 .debug_abbrev  0x00001d8d      0x2f8 ./Drivers/STM32F1xx_HAL_Driver/Src/stm32f1xx_hal_uart.o
 .debug_abbrev  0x00002085      0x15b ./app/src/app.o
 .debug_abbrev  0x000021e0      0x169 ./app/src/display.o
 .debug_abbrev  0x00002349      0x1e1 ./app/src/eeprom.o
 .debug_abbrev  0x0000252a      0x262 ./app/src/logger.o
 .debug_abbrev  0x0000278c      0x17f ./app/src/task_actuator.o
 .debug_abbrev  0x0000290b       0xd0 ./app/src/task_actuator_interface.o
 .debug_abbrev  0x000029db      0x200 ./app/src/task_display.o
 .debug_abbrev  0x00002bdb      0x2bd ./app/src/task_sensor.o
 .debug_abbrev  0x00002e98       0xa4 ./app/src/task_sensor_interface.o
 .debug_abbrev  0x00002f3c      0x1d8 ./app/src/task_system.o
 .debug_abbrev  0x00003114      0x15c ./app/src/task_system_interface.o

.debug_aranges  0x00000000      0xf38
 .debug_aranges
                0x00000000       0x60 ./Core/Src/main.o
 .debug_aranges
                0x00000060       0x50 ./Core/Src/stm32f1xx_hal_msp.o
 .debug_aranges
                0x000000b0       0x78 ./Core/Src/stm32f1xx_it.o
 .debug_aranges
                0x00000128       0xb0 ./Core/Src/syscalls.o
 .debug_aranges
                0x000001d8       0x28 ./Core/Src/system_stm32f1xx.o
 .debug_aranges
                0x00000200       0x28 ./Core/Startup/startup_stm32f103rbtx.o
 .debug_aranges
                0x00000228       0xe0 ./Drivers/STM32F1xx_HAL_Driver/Src/stm32f1xx_hal.o
 .debug_aranges
                0x00000308       0xf0 ./Drivers/STM32F1xx_HAL_Driver/Src/stm32f1xx_hal_adc.o
 .debug_aranges
                0x000003f8      0x100 ./Drivers/STM32F1xx_HAL_Driver/Src/stm32f1xx_hal_cortex.o
 .debug_aranges
                0x000004f8       0x80 ./Drivers/STM32F1xx_HAL_Driver/Src/stm32f1xx_hal_dma.o
 .debug_aranges
                0x00000578       0x58 ./Drivers/STM32F1xx_HAL_Driver/Src/stm32f1xx_hal_gpio.o
 .debug_aranges
                0x000005d0      0x2a8 ./Drivers/STM32F1xx_HAL_Driver/Src/stm32f1xx_hal_i2c.o
 .debug_aranges
                0x00000878       0xa8 ./Drivers/STM32F1xx_HAL_Driver/Src/stm32f1xx_hal_pwr.o
 .debug_aranges
                0x00000920       0x90 ./Drivers/STM32F1xx_HAL_Driver/Src/stm32f1xx_hal_rcc.o
 .debug_aranges
                0x000009b0       0x30 ./Drivers/STM32F1xx_HAL_Driver/Src/stm32f1xx_hal_rcc_ex.o
 .debug_aranges
                0x000009e0      0x208 ./Drivers/STM32F1xx_HAL_Driver/Src/stm32f1xx_hal_uart.o
 .debug_aranges
                0x00000be8       0x30 ./app/src/app.o
 .debug_aranges
                0x00000c18       0x58 ./app/src/display.o
 .debug_aranges
                0x00000c70       0x38 ./app/src/eeprom.o
 .debug_aranges
                0x00000ca8       0x50 ./app/src/logger.o
 .debug_aranges
                0x00000cf8       0x28 ./app/src/task_actuator.o
 .debug_aranges
                0x00000d20       0x40 ./app/src/task_actuator_interface.o
 .debug_aranges
                0x00000d60       0x50 ./app/src/task_display.o
 .debug_aranges
                0x00000db0       0x50 ./app/src/task_sensor.o
 .debug_aranges
                0x00000e00       0x58 ./app/src/task_sensor_interface.o
 .debug_aranges
                0x00000e58       0x38 ./app/src/task_system.o
 .debug_aranges
                0x00000e90       0xa8 ./app/src/task_system_interface.o

.debug_rnglists
                0x00000000      0xb9a
 .debug_rnglists
                0x00000000       0x46 ./Core/Src/main.o
 .debug_rnglists
                0x00000046       0x3a ./Core/Src/stm32f1xx_hal_msp.o
 .debug_rnglists
                0x00000080       0x55 ./Core/Src/stm32f1xx_it.o
 .debug_rnglists
                0x000000d5       0x7f ./Core/Src/syscalls.o
 .debug_rnglists
                0x00000154       0x1a ./Core/Src/system_stm32f1xx.o
 .debug_rnglists
                0x0000016e       0x19 ./Core/Startup/startup_stm32f103rbtx.o
 .debug_rnglists
                0x00000187       0xa3 ./Drivers/STM32F1xx_HAL_Driver/Src/stm32f1xx_hal.o
 .debug_rnglists
                0x0000022a       0xbc ./Drivers/STM32F1xx_HAL_Driver/Src/stm32f1xx_hal_adc.o
 .debug_rnglists
                0x000002e6       0xbb ./Drivers/STM32F1xx_HAL_Driver/Src/stm32f1xx_hal_cortex.o
 .debug_rnglists
                0x000003a1       0x64 ./Drivers/STM32F1xx_HAL_Driver/Src/stm32f1xx_hal_dma.o
 .debug_rnglists
                0x00000405       0x3f ./Drivers/STM32F1xx_HAL_Driver/Src/stm32f1xx_hal_gpio.o
 .debug_rnglists
                0x00000444      0x23c ./Drivers/STM32F1xx_HAL_Driver/Src/stm32f1xx_hal_i2c.o
 .debug_rnglists
                0x00000680       0x7a ./Drivers/STM32F1xx_HAL_Driver/Src/stm32f1xx_hal_pwr.o
 .debug_rnglists
                0x000006fa       0x6c ./Drivers/STM32F1xx_HAL_Driver/Src/stm32f1xx_hal_rcc.o
 .debug_rnglists
                0x00000766       0x21 ./Drivers/STM32F1xx_HAL_Driver/Src/stm32f1xx_hal_rcc_ex.o
 .debug_rnglists
                0x00000787      0x1bc ./Drivers/STM32F1xx_HAL_Driver/Src/stm32f1xx_hal_uart.o
 .debug_rnglists
                0x00000943       0x20 ./app/src/app.o
 .debug_rnglists
                0x00000963       0x3e ./app/src/display.o
 .debug_rnglists
                0x000009a1       0x27 ./app/src/eeprom.o
 .debug_rnglists
                0x000009c8       0x39 ./app/src/logger.o
 .debug_rnglists
                0x00000a01       0x1b ./app/src/task_actuator.o
 .debug_rnglists
                0x00000a1c       0x2b ./app/src/task_actuator_interface.o
 .debug_rnglists
                0x00000a47       0x3c ./app/src/task_display.o
 .debug_rnglists
                0x00000a83       0x3a ./app/src/task_sensor.o
 .debug_rnglists
                0x00000abd       0x3d ./app/src/task_sensor_interface.o
 .debug_rnglists
                0x00000afa       0x27 ./app/src/task_system.o
 .debug_rnglists
                0x00000b21       0x79 ./app/src/task_system_interface.o

.debug_macro    0x00000000    0x1a213
 .debug_macro   0x00000000      0x1c5 ./Core/Src/main.o
 .debug_macro   0x000001c5      0xacc ./Core/Src/main.o
 .debug_macro   0x00000c91      0x227 ./Core/Src/main.o
 .debug_macro   0x00000eb8       0x2e ./Core/Src/main.o
 .debug_macro   0x00000ee6       0x22 ./Core/Src/main.o
 .debug_macro   0x00000f08       0x22 ./Core/Src/main.o
 .debug_macro   0x00000f2a       0x8e ./Core/Src/main.o
 .debug_macro   0x00000fb8       0x51 ./Core/Src/main.o
 .debug_macro   0x00001009      0x103 ./Core/Src/main.o
 .debug_macro   0x0000110c       0x6a ./Core/Src/main.o
 .debug_macro   0x00001176      0x1df ./Core/Src/main.o
 .debug_macro   0x00001355       0x1c ./Core/Src/main.o
 .debug_macro   0x00001371       0x22 ./Core/Src/main.o
 .debug_macro   0x00001393       0xbd ./Core/Src/main.o
 .debug_macro   0x00001450      0xd23 ./Core/Src/main.o
 .debug_macro   0x00002173     0xe09e ./Core/Src/main.o
 .debug_macro   0x00010211       0x6d ./Core/Src/main.o
 .debug_macro   0x0001027e     0x34a2 ./Core/Src/main.o
 .debug_macro   0x00013720      0x190 ./Core/Src/main.o
 .debug_macro   0x000138b0       0x5c ./Core/Src/main.o
 .debug_macro   0x0001390c      0x5bc ./Core/Src/main.o
 .debug_macro   0x00013ec8      0x289 ./Core/Src/main.o
 .debug_macro   0x00014151      0x1cb ./Core/Src/main.o
 .debug_macro   0x0001431c      0x114 ./Core/Src/main.o
 .debug_macro   0x00014430      0x1b2 ./Core/Src/main.o
 .debug_macro   0x000145e2       0x27 ./Core/Src/main.o
 .debug_macro   0x00014609      0x136 ./Core/Src/main.o
 .debug_macro   0x0001473f      0x1bc ./Core/Src/main.o
 .debug_macro   0x000148fb       0x34 ./Core/Src/main.o
 .debug_macro   0x0001492f       0x3c ./Core/Src/main.o
 .debug_macro   0x0001496b       0x57 ./Core/Src/main.o
 .debug_macro   0x000149c2      0x46a ./Core/Src/main.o
 .debug_macro   0x00014e2c      0x1b5 ./Core/Src/main.o
 .debug_macro   0x00014fe1       0x87 ./Core/Src/main.o
 .debug_macro   0x00015068      0x240 ./Core/Src/main.o
 .debug_macro   0x000152a8      0x287 ./Core/Src/main.o
 .debug_macro   0x0001552f      0x140 ./Core/Src/main.o
 .debug_macro   0x0001566f      0x28e ./Core/Src/main.o
 .debug_macro   0x000158fd       0x83 ./Core/Src/main.o
 .debug_macro   0x00015980      0x172 ./Core/Src/main.o
 .debug_macro   0x00015af2      0x1bb ./Core/Src/stm32f1xx_hal_msp.o
 .debug_macro   0x00015cad      0x1cf ./Core/Src/stm32f1xx_it.o
 .debug_macro   0x00015e7c      0x274 ./Core/Src/syscalls.o
 .debug_macro   0x000160f0       0x5b ./Core/Src/syscalls.o
 .debug_macro   0x0001614b       0x24 ./Core/Src/syscalls.o
 .debug_macro   0x0001616f       0x94 ./Core/Src/syscalls.o
 .debug_macro   0x00016203       0x43 ./Core/Src/syscalls.o
 .debug_macro   0x00016246       0x34 ./Core/Src/syscalls.o
 .debug_macro   0x0001627a       0x57 ./Core/Src/syscalls.o
 .debug_macro   0x000162d1      0x370 ./Core/Src/syscalls.o
 .debug_macro   0x00016641       0x16 ./Core/Src/syscalls.o
 .debug_macro   0x00016657       0x4a ./Core/Src/syscalls.o
 .debug_macro   0x000166a1       0x34 ./Core/Src/syscalls.o
 .debug_macro   0x000166d5       0x10 ./Core/Src/syscalls.o
 .debug_macro   0x000166e5       0x58 ./Core/Src/syscalls.o
 .debug_macro   0x0001673d       0x8e ./Core/Src/syscalls.o
 .debug_macro   0x000167cb       0x1c ./Core/Src/syscalls.o
 .debug_macro   0x000167e7      0x185 ./Core/Src/syscalls.o
 .debug_macro   0x0001696c       0x10 ./Core/Src/syscalls.o
 .debug_macro   0x0001697c       0x3c ./Core/Src/syscalls.o
 .debug_macro   0x000169b8       0x10 ./Core/Src/syscalls.o
 .debug_macro   0x000169c8       0x10 ./Core/Src/syscalls.o
 .debug_macro   0x000169d8       0x10 ./Core/Src/syscalls.o
 .debug_macro   0x000169e8       0x1c ./Core/Src/syscalls.o
 .debug_macro   0x00016a04       0x52 ./Core/Src/syscalls.o
 .debug_macro   0x00016a56       0x22 ./Core/Src/syscalls.o
 .debug_macro   0x00016a78       0x10 ./Core/Src/syscalls.o
 .debug_macro   0x00016a88       0x52 ./Core/Src/syscalls.o
 .debug_macro   0x00016ada       0xcf ./Core/Src/syscalls.o
 .debug_macro   0x00016ba9       0x1c ./Core/Src/syscalls.o
 .debug_macro   0x00016bc5       0x3d ./Core/Src/syscalls.o
 .debug_macro   0x00016c02       0x35 ./Core/Src/syscalls.o
 .debug_macro   0x00016c37      0x12c ./Core/Src/syscalls.o
 .debug_macro   0x00016d63       0x16 ./Core/Src/syscalls.o
 .debug_macro   0x00016d79       0x16 ./Core/Src/syscalls.o
 .debug_macro   0x00016d8f       0x29 ./Core/Src/syscalls.o
 .debug_macro   0x00016db8       0x10 ./Core/Src/syscalls.o
 .debug_macro   0x00016dc8      0x242 ./Core/Src/syscalls.o
 .debug_macro   0x0001700a       0x1c ./Core/Src/syscalls.o
 .debug_macro   0x00017026       0x10 ./Core/Src/syscalls.o
 .debug_macro   0x00017036       0x10 ./Core/Src/syscalls.o
 .debug_macro   0x00017046       0x16 ./Core/Src/syscalls.o
 .debug_macro   0x0001705c      0x146 ./Core/Src/syscalls.o
 .debug_macro   0x000171a2      0x18a ./Core/Src/syscalls.o
 .debug_macro   0x0001732c       0x16 ./Core/Src/syscalls.o
 .debug_macro   0x00017342       0xce ./Core/Src/syscalls.o
 .debug_macro   0x00017410      0x1ac ./Core/Src/system_stm32f1xx.o
 .debug_macro   0x000175bc      0x1d0 ./Drivers/STM32F1xx_HAL_Driver/Src/stm32f1xx_hal.o
 .debug_macro   0x0001778c      0x1c9 ./Drivers/STM32F1xx_HAL_Driver/Src/stm32f1xx_hal_adc.o
 .debug_macro   0x00017955      0x1ac ./Drivers/STM32F1xx_HAL_Driver/Src/stm32f1xx_hal_cortex.o