Archive member included to satisfy reference by file (symbol)

C:/ST/STM32CubeIDE_1.19.0/STM32CubeIDE/plugins/com.st.stm32cube.ide.mcu.externaltools.gnu-tools-for-stm32.13.3.rel1.win32_1.0.0.202411081344/tools/bin/../lib/gcc/arm-none-eabi/13.3.1/../../../../arm-none-eabi/lib/thumb/v7-m/nofp\libc_nano.a(libc_a-exit.o)
                              C:/ST/STM32CubeIDE_1.19.0/STM32CubeIDE/plugins/com.st.stm32cube.ide.mcu.externaltools.gnu-tools-for-stm32.13.3.rel1.win32_1.0.0.202411081344/tools/bin/../lib/gcc/arm-none-eabi/13.3.1/../../../../arm-none-eabi/lib/thumb/v7-m/nofp/crt0.o (exit)
C:/ST/STM32CubeIDE_1.19.0/STM32CubeIDE/plugins/com.st.stm32cube.ide.mcu.externaltools.gnu-tools-for-stm32.13.3.rel1.win32_1.0.0.202411081344/tools/bin/../lib/gcc/arm-none-eabi/13.3.1/../../../../arm-none-eabi/lib/thumb/v7-m/nofp\libc_nano.a(libc_a-findfp.o)
                              C:/ST/STM32CubeIDE_1.19.0/STM32CubeIDE/plugins/com.st.stm32cube.ide.mcu.externaltools.gnu-tools-for-stm32.13.3.rel1.win32_1.0.0.202411081344/tools/bin/../lib/gcc/arm-none-eabi/13.3.1/../../../../arm-none-eabi/lib/thumb/v7-m/nofp\libc_nano.a(libc_a-exit.o) (__stdio_exit_handler)
C:/ST/STM32CubeIDE_1.19.0/STM32CubeIDE/plugins/com.st.stm32cube.ide.mcu.externaltools.gnu-tools-for-stm32.13.3.rel1.win32_1.0.0.202411081344/tools/bin/../lib/gcc/arm-none-eabi/13.3.1/../../../../arm-none-eabi/lib/thumb/v7-m/nofp\libc_nano.a(libc_a-fwalk.o)
                              C:/ST/STM32CubeIDE_1.19.0/STM32CubeIDE/plugins/com.st.stm32cube.ide.mcu.externaltools.gnu-tools-for-stm32.13.3.rel1.win32_1.0.0.202411081344/tools/bin/../lib/gcc/arm-none-eabi/13.3.1/../../../../arm-none-eabi/lib/thumb/v7-m/nofp\libc_nano.a(libc_a-findfp.o) (_fwalk_sglue)
C:/ST/STM32CubeIDE_1.19.0/STM32CubeIDE/plugins/com.st.stm32cube.ide.mcu.externaltools.gnu-tools-for-stm32.13.3.rel1.win32_1.0.0.202411081344/tools/bin/../lib/gcc/arm-none-eabi/13.3.1/../../../../arm-none-eabi/lib/thumb/v7-m/nofp\libc_nano.a(libc_a-sprintf.o)
                              ./app/src/logger.o (sprintf)
C:/ST/STM32CubeIDE_1.19.0/STM32CubeIDE/plugins/com.st.stm32cube.ide.mcu.externaltools.gnu-tools-for-stm32.13.3.rel1.win32_1.0.0.202411081344/tools/bin/../lib/gcc/arm-none-eabi/13.3.1/../../../../arm-none-eabi/lib/thumb/v7-m/nofp\libc_nano.a(libc_a-sscanf.o)
                              ./app/src/logger.o (sscanf)
C:/ST/STM32CubeIDE_1.19.0/STM32CubeIDE/plugins/com.st.stm32cube.ide.mcu.externaltools.gnu-tools-for-stm32.13.3.rel1.win32_1.0.0.202411081344/tools/bin/../lib/gcc/arm-none-eabi/13.3.1/../../../../arm-none-eabi/lib/thumb/v7-m/nofp\libc_nano.a(libc_a-stdio.o)
                              C:/ST/STM32CubeIDE_1.19.0/STM32CubeIDE/plugins/com.st.stm32cube.ide.mcu.externaltools.gnu-tools-for-stm32.13.3.rel1.win32_1.0.0.202411081344/tools/bin/../lib/gcc/arm-none-eabi/13.3.1/../../../../arm-none-eabi/lib/thumb/v7-m/nofp\libc_nano.a(libc_a-findfp.o) (__sread)
C:/ST/STM32CubeIDE_1.19.0/STM32CubeIDE/plugins/com.st.stm32cube.ide.mcu.externaltools.gnu-tools-for-stm32.13.3.rel1.win32_1.0.0.202411081344/tools/bin/../lib/gcc/arm-none-eabi/13.3.1/../../../../arm-none-eabi/lib/thumb/v7-m/nofp\libc_nano.a(libc_a-memset.o)
                              C:/ST/STM32CubeIDE_1.19.0/STM32CubeIDE/plugins/com.st.stm32cube.ide.mcu.externaltools.gnu-tools-for-stm32.13.3.rel1.win32_1.0.0.202411081344/tools/bin/../lib/gcc/arm-none-eabi/13.3.1/../../../../arm-none-eabi/lib/thumb/v7-m/nofp/crt0.o (memset)
C:/ST/STM32CubeIDE_1.19.0/STM32CubeIDE/plugins/com.st.stm32cube.ide.mcu.externaltools.gnu-tools-for-stm32.13.3.rel1.win32_1.0.0.202411081344/tools/bin/../lib/gcc/arm-none-eabi/13.3.1/../../../../arm-none-eabi/lib/thumb/v7-m/nofp\libc_nano.a(libc_a-strncmp.o)
                              ./app/src/logger.o (strncmp)
C:/ST/STM32CubeIDE_1.19.0/STM32CubeIDE/plugins/com.st.stm32cube.ide.mcu.externaltools.gnu-tools-for-stm32.13.3.rel1.win32_1.0.0.202411081344/tools/bin/../lib/gcc/arm-none-eabi/13.3.1/../../../../arm-none-eabi/lib/thumb/v7-m/nofp\libc_nano.a(libc_a-closer.o)
                              C:/ST/STM32CubeIDE_1.19.0/STM32CubeIDE/plugins/com.st.stm32cube.ide.mcu.externaltools.gnu-tools-for-stm32.13.3.rel1.win32_1.0.0.202411081344/tools/bin/../lib/gcc/arm-none-eabi/13.3.1/../../../../arm-none-eabi/lib/thumb/v7-m/nofp\libc_nano.a(libc_a-stdio.o) (_close_r)
C:/ST/STM32CubeIDE_1.19.0/STM32CubeIDE/plugins/com.st.stm32cube.ide.mcu.externaltools.gnu-tools-for-stm32.13.3.rel1.win32_1.0.0.202411081344/tools/bin/../lib/gcc/arm-none-eabi/13.3.1/../../../../arm-none-eabi/lib/thumb/v7-m/nofp\libc_nano.a(libc_a-reent.o)
                              C:/ST/STM32CubeIDE_1.19.0/STM32CubeIDE/plugins/com.st.stm32cube.ide.mcu.externaltools.gnu-tools-for-stm32.13.3.rel1.win32_1.0.0.202411081344/tools/bin/../lib/gcc/arm-none-eabi/13.3.1/../../../../arm-none-eabi/lib/thumb/v7-m/nofp\libc_nano.a(libc_a-closer.o) (errno)
[...]
Memory Configuration

Name             Origin             Length             Attributes
RAM              0x20000000         0x00005000         xrw
FLASH            0x08000000         0x00020000         xr
*default*        0x00000000         0xffffffff

Linker script and memory map

LOAD C:/ST/STM32CubeIDE_1.19.0/STM32CubeIDE/plugins/com.st.stm32cube.ide.mcu.externaltools.gnu-tools-for-stm32.13.3.rel1.win32_1.0.0.202411081344/tools/bin/../lib/gcc/arm-none-eabi/13.3.1/thumb/v7-m/nofp/crti.o
LOAD C:/ST/STM32CubeIDE_1.19.0/STM32CubeIDE/plugins/com.st.stm32cube.ide.mcu.externaltools.gnu-tools-for-stm32.13.3.rel1.win32_1.0.0.202411081344/tools/bin/../lib/gcc/arm-none-eabi/13.3.1/thumb/v7-m/nofp/crtbegin.o
LOAD C:/ST/STM32CubeIDE_1.19.0/STM32CubeIDE/plugins/com.st.stm32cube.ide.mcu.externaltools.gnu-tools-for-stm32.13.3.rel1.win32_1.0.0.202411081344/tools/bin/../lib/gcc/arm-none-eabi/13.3.1/../../../../arm-none-eabi/lib/thumb/v7-m/nofp/crt0.o
LOAD ./Core/Src/main.o
LOAD ./Core/Src/stm32f1xx_hal_msp.o
LOAD ./Core/Src/stm32f1xx_it.o
LOAD ./Core/Src/syscalls.o
LOAD ./Core/Src/system_stm32f1xx.o
LOAD ./Core/Startup/startup_stm32f103rbtx.o
LOAD ./Drivers/STM32F1xx_HAL_Driver/Src/stm32f1xx_hal.o
LOAD ./Drivers/STM32F1xx_HAL_Driver/Src/stm32f1xx_hal_adc.o
LOAD ./Drivers/STM32F1xx_HAL_Driver/Src/stm32f1xx_hal_adc_ex.o
LOAD ./Drivers/STM32F1xx_HAL_Driver/Src/stm32f1xx_hal_cortex.o
LOAD ./Drivers/STM32F1xx_HAL_Driver/Src/stm32f1xx_hal_dma.o
LOAD ./Drivers/STM32F1xx_HAL_Driver/Src/stm32f1xx_hal_exti.o
LOAD ./Drivers/STM32F1xx_HAL_Driver/Src/stm32f1xx_hal_flash.o
LOAD ./Drivers/STM32F1xx_HAL_Driver/Src/stm32f1xx_hal_flash_ex.o
LOAD ./Drivers/STM32F1xx_HAL_Driver/Src/stm32f1xx_hal_gpio.o
LOAD ./Drivers/STM32F1xx_HAL_Driver/Src/stm32f1xx_hal_gpio_ex.o
LOAD ./Drivers/STM32F1xx_HAL_Driver/Src/stm32f1xx_hal_i2c.o
LOAD ./Drivers/STM32F1xx_HAL_Driver/Src/stm32f1xx_hal_pwr.o
LOAD ./Drivers/STM32F1xx_HAL_Driver/Src/stm32f1xx_hal_rcc.o
LOAD ./Drivers/STM32F1xx_HAL_Driver/Src/stm32f1xx_hal_rcc_ex.o
LOAD ./Drivers/STM32F1xx_HAL_Driver/Src/stm32f1xx_hal_uart.o
LOAD ./app/src/app.o
LOAD ./app/src/display.o
LOAD ./app/src/eeprom.o
LOAD ./app/src/logger.o
LOAD ./app/src/task_actuator.o
LOAD ./app/src/task_actuator_interface.o
LOAD ./app/src/task_display.o
LOAD ./app/src/task_display_interface.o
LOAD ./app/src/task_sensor.o
LOAD ./app/src/task_sensor_interface.o
LOAD ./app/src/task_system.o
LOAD ./app/src/task_system_interface.o
START GROUP
LOAD C:/ST/STM32CubeIDE_1.19.0/STM32CubeIDE/plugins/com.st.stm32cube.ide.mcu.externaltools.gnu-tools-for-stm32.13.3.rel1.win32_1.0.0.202411081344/tools/bin/../lib/gcc/arm-none-eabi/13.3.1/../../../../arm-none-eabi/lib/thumb/v7-m/nofp\libc_nano.a
LOAD C:/ST/STM32CubeIDE_1.19.0/STM32CubeIDE/plugins/com.st.stm32cube.ide.mcu.externaltools.gnu-tools-for-stm32.13.3.rel1.win32_1.0.0.202411081344/tools/bin/../lib/gcc/arm-none-eabi/13.3.1/../../../../arm-none-eabi/lib/thumb/v7-m/nofp\libm.a
END GROUP
START GROUP
LOAD C:/ST/STM32CubeIDE_1.19.0/STM32CubeIDE/plugins/com.st.stm32cube.ide.mcu.externaltools.gnu-tools-for-stm32.13.3.rel1.win32_1.0.0.202411081344/tools/bin/../lib/gcc/arm-none-eabi/13.3.1/thumb/v7-m/nofp\libgcc.a
LOAD C:/ST/STM32CubeIDE_1.19.0/STM32CubeIDE/plugins/com.st.stm32cube.ide.mcu.externaltools.gnu-tools-for-stm32.13.3.rel1.win32_1.0.0.202411081344/tools/bin/../lib/gcc/arm-none-eabi/13.3.1/../../../../arm-none-eabi/lib/thumb/v7-m/nofp\libc_nano.a
END GROUP
START GROUP
LOAD C:/ST/STM32CubeIDE_1.19.0/STM32CubeIDE/plugins/com.st.stm32cube.ide.mcu.externaltools.gnu-tools-for-stm32.13.3.rel1.win32_1.0.0.202411081344/tools/bin/../lib/gcc/arm-none-eabi/13.3.1/thumb/v7-m/nofp\libgcc.a
LOAD C:/ST/STM32CubeIDE_1.19.0/STM32CubeIDE/plugins/com.st.stm32cube.ide.mcu.externaltools.gnu-tools-for-stm32.13.3.rel1.win32_1.0.0.202411081344/tools/bin/../lib/gcc/arm-none-eabi/13.3.1/../../../../arm-none-eabi/lib/thumb/v7-m/nofp\libc_nano.a
LOAD C:/ST/STM32CubeIDE_1.19.0/STM32CubeIDE/plugins/com.st.stm32cube.ide.mcu.externaltools.gnu-tools-for-stm32.13.3.rel1.win32_1.0.0.202411081344/tools/bin/../lib/gcc/arm-none-eabi/13.3.1/../../../../arm-none-eabi/lib/thumb/v7-m/nofp\libnosys.a
END GROUP
START GROUP
LOAD C:/ST/STM32CubeIDE_1.19.0/STM32CubeIDE/plugins/com.st.stm32cube.ide.mcu.externaltools.gnu-tools-for-stm32.13.3.rel1.win32_1.0.0.202411081344/tools/bin/../lib/gcc/arm-none-eabi/13.3.1/thumb/v7-m/nofp\libgcc.a
LOAD C:/ST/STM32CubeIDE_1.19.0/STM32CubeIDE/plugins/com.st.stm32cube.ide.mcu.externaltools.gnu-tools-for-stm32.13.3.rel1.win32_1.0.0.202411081344/tools/bin/../lib/gcc/arm-none-eabi/13.3.1/../../../../arm-none-eabi/lib/thumb/v7-m/nofp\libc_nano.a
LOAD C:/ST/STM32CubeIDE_1.19.0/STM32CubeIDE/plugins/com.st.stm32cube.ide.mcu.externaltools.gnu-tools-for-stm32.13.3.rel1.win32_1.0.0.202411081344/tools/bin/../lib/gcc/arm-none-eabi/13.3.1/../../../../arm-none-eabi/lib/thumb/v7-m/nofp\libnosys.a
END GROUP
LOAD C:/ST/STM32CubeIDE_1.19.0/STM32CubeIDE/plugins/com.st.stm32cube.ide.mcu.externaltools.gnu-tools-for-stm32.13.3.rel1.win32_1.0.0.202411081344/tools/bin/../lib/gcc/arm-none-eabi/13.3.1/thumb/v7-m/nofp/crtend.o
LOAD C:/ST/STM32CubeIDE_1.19.0/STM32CubeIDE/plugins/com.st.stm32cube.ide.mcu.externaltools.gnu-tools-for-stm32.13.3.rel1.win32_1.0.0.202411081344/tools/bin/../lib/gcc/arm-none-eabi/13.3.1/thumb/v7-m/nofp/crtn.o
                0x20005000                        _estack = (ORIGIN (RAM) + LENGTH (RAM))
                0x00000200                        _Min_Heap_Size = 0x200
                0x00000400                        _Min_Stack_Size = 0x400

.isr_vector     0x08000000      0x10c
                0x08000000                        . = ALIGN (0x4)
 *(.isr_vector)
 .isr_vector    0x08000000      0x10c ./Core/Startup/startup_stm32f103rbtx.o
                0x08000000                g_pfnVectors
                0x0800010c                        . = ALIGN (0x4)

.text           0x0800010c     0x6920
                0x0800010c                        . = ALIGN (0x4)
 *(.text)
 .text          0x0800010c       0x40 C:/ST/STM32CubeIDE_1.19.0/STM32CubeIDE/plugins/com.st.stm32cube.ide.mcu.externaltools.gnu-tools-for-stm32.13.3.rel1.win32_1.0.0.202411081344/tools/bin/../lib/gcc/arm-none-eabi/13.3.1/thumb/v7-m/nofp/crtbegin.o
 .text          0x0800014c       0x10 C:/ST/STM32CubeIDE_1.19.0/STM32CubeIDE/plugins/com.st.stm32cube.ide.mcu.externaltools.gnu-tools-for-stm32.13.3.rel1.win32_1.0.0.202411081344/tools/bin/../lib/gcc/arm-none-eabi/13.3.1/../../../../arm-none-eabi/lib/thumb/v7-m/nofp\libc_nano.a(libc_a-strlen.o)
                0x0800014c                strlen
 *(.text*)
 .text.main     0x0800015c       0x2a ./Core/Src/main.o
                0x0800015c                main
 .text.SystemClock_Config
                0x08000186       0xaa ./Core/Src/main.o
                0x08000186                SystemClock_Config
 .text.MX_ADC1_Init
                0x08000230       0xb8 ./Core/Src/main.o
 .text.MX_I2C1_Init
                0x080002e8       0x5c ./Core/Src/main.o
 .text.MX_USART2_UART_Init
                0x08000344       0x54 ./Core/Src/main.o
 .text.MX_DMA_Init
                0x08000398       0x2c ./Core/Src/main.o
 .text.MX_GPIO_Init
                0x080003c4      0x164 ./Core/Src/main.o
 .text.Error_Handler
                0x08000528        0xc ./Core/Src/main.o
                0x08000528                Error_Handler
 .text.HAL_MspInit
                0x08000534       0x64 ./Core/Src/stm32f1xx_hal_msp.o
                0x08000534                HAL_MspInit
 .text.HAL_ADC_MspInit
                0x08000598       0xd0 ./Core/Src/stm32f1xx_hal_msp.o
                0x08000598                HAL_ADC_MspInit
 .text.HAL_I2C_MspInit
                0x08000668       0xa0 ./Core/Src/stm32f1xx_hal_msp.o
                0x08000668                HAL_I2C_MspInit
 .text.HAL_UART_MspInit
                0x08000708       0x8c ./Core/Src/stm32f1xx_hal_msp.o
                0x08000708                HAL_UART_MspInit
 .text.NMI_Handler
                0x08000794        0x8 ./Core/Src/stm32f1xx_it.o
                0x08000794                NMI_Handler
 .text.HardFault_Handler
                0x0800079c        0x8 ./Core/Src/stm32f1xx_it.o
                0x0800079c                HardFault_Handler
 .text.MemManage_Handler
                0x080007a4        0x8 ./Core/Src/stm32f1xx_it.o
                0x080007a4                MemManage_Handler
 .text.BusFault_Handler
                0x080007ac        0x8 ./Core/Src/stm32f1xx_it.o
                0x080007ac                BusFault_Handler
 .text.UsageFault_Handler
                0x080007b4        0x8 ./Core/Src/stm32f1xx_it.o
                0x080007b4                UsageFault_Handler
 .text.SVC_Handler
                0x080007bc        0xc ./Core/Src/stm32f1xx_it.o
                0x080007bc                SVC_Handler
 .text.DebugMon_Handler
                0x080007c8        0xc ./Core/Src/stm32f1xx_it.o
                0x080007c8                DebugMon_Handler
 .text.PendSV_Handler
                0x080007d4        0xc ./Core/Src/stm32f1xx_it.o
                0x080007d4                PendSV_Handler
 .text.SysTick_Handler
                0x080007e0        0xc ./Core/Src/stm32f1xx_it.o
                0x080007e0                SysTick_Handler
 .text.USART2_IRQHandler
                0x080007ec       0x14 ./Core/Src/stm32f1xx_it.o
                0x080007ec                USART2_IRQHandler
 .text.EXTI15_10_IRQHandler
                0x08000800       0x10 ./Core/Src/stm32f1xx_it.o
                0x08000800                EXTI15_10_IRQHandler
 .text._sbrk    0x08000810       0x3c ./Core/Src/syscalls.o
                0x08000810                _sbrk
 .text.SystemInit
                0x0800084c        0xc ./Core/Src/system_stm32f1xx.o
                0x0800084c                SystemInit
 .text.Reset_Handler
                0x08000858       0x48 ./Core/Startup/startup_stm32f103rbtx.o
                0x08000858                Reset_Handler
 .text.Default_Handler
                0x080008a0        0x2 ./Core/Startup/startup_stm32f103rbtx.o
                0x080008a0                RTC_Alarm_IRQHandler
                0x080008a0                EXTI2_IRQHandler
                0x080008a0                TIM1_CC_IRQHandler
                0x080008a0                PVD_IRQHandler
                0x080008a0                EXTI3_IRQHandler
                0x080008a0                EXTI0_IRQHandler
                0x080008a0                I2C2_EV_IRQHandler
                0x080008a0                ADC1_2_IRQHandler
                0x080008a0                SPI1_IRQHandler
                0x080008a0                TAMPER_IRQHandler
                0x080008a0                DMA1_Channel4_IRQHandler
                0x080008a0                USART3_IRQHandler
                0x080008a0                RTC_IRQHandler
                0x080008a0                DMA1_Channel7_IRQHandler
                0x080008a0                CAN1_RX1_IRQHandler
                0x080008a0                TIM4_IRQHandler
                0x080008a0                I2C1_EV_IRQHandler
                0x080008a0                DMA1_Channel6_IRQHandler
                0x080008a0                TIM3_IRQHandler
                0x080008a0                RCC_IRQHandler
                0x080008a0                TIM1_TRG_COM_IRQHandler
                0x080008a0                DMA1_Channel1_IRQHandler
                0x080008a0                Default_Handler
                0x080008a0                EXTI9_5_IRQHandler
                0x080008a0                SPI2_IRQHandler
                0x080008a0                DMA1_Channel5_IRQHandler
                0x080008a0                EXTI4_IRQHandler
                0x080008a0                USB_LP_CAN1_RX0_IRQHandler
                0x080008a0                USB_HP_CAN1_TX_IRQHandler
                0x080008a0                DMA1_Channel3_IRQHandler
                0x080008a0                TIM1_UP_IRQHandler
                0x080008a0                WWDG_IRQHandler
                0x080008a0                TIM2_IRQHandler
                0x080008a0                TIM1_BRK_IRQHandler
                0x080008a0                EXTI1_IRQHandler
                0x080008a0                I2C2_ER_IRQHandler
                0x080008a0                DMA1_Channel2_IRQHandler
                0x080008a0                CAN1_SCE_IRQHandler
                0x080008a0                FLASH_IRQHandler
                0x080008a0                USART1_IRQHandler
                0x080008a0                I2C1_ER_IRQHandler
                0x080008a0                USBWakeUp_IRQHandler
 *fill*         0x080008a2        0x2 
 .text.HAL_Init
                0x080008a4       0x2c ./Drivers/STM32F1xx_HAL_Driver/Src/stm32f1xx_hal.o
                0x080008a4                HAL_Init
 .text.HAL_InitTick
                0x080008d0       0x60 ./Drivers/STM32F1xx_HAL_Driver/Src/stm32f1xx_hal.o
                0x080008d0                HAL_InitTick
 .text.HAL_IncTick
                0x08000930       0x24 ./Drivers/STM32F1xx_HAL_Driver/Src/stm32f1xx_hal.o
                0x08000930                HAL_IncTick
 .text.HAL_GetTick
                0x08000954       0x14 ./Drivers/STM32F1xx_HAL_Driver/Src/stm32f1xx_hal.o
                0x08000954                HAL_GetTick
 .text.HAL_Delay
                0x08000968       0x48 ./Drivers/STM32F1xx_HAL_Driver/Src/stm32f1xx_hal.o
                0x08000968                HAL_Delay
 .text.HAL_ADC_Init
                0x080009b0      0x1b0 ./Drivers/STM32F1xx_HAL_Driver/Src/stm32f1xx_hal_adc.o
                0x080009b0                HAL_ADC_Init
 .text.HAL_ADC_Start_DMA
                0x08000b60      0x1bc ./Drivers/STM32F1xx_HAL_Driver/Src/stm32f1xx_hal_adc.o
                0x08000b60                HAL_ADC_Start_DMA
 .text.HAL_ADC_ConvHalfCpltCallback
                0x08000d1c       0x12 ./Drivers/STM32F1xx_HAL_Driver/Src/stm32f1xx_hal_adc.o
                0x08000d1c                HAL_ADC_ConvHalfCpltCallback
 .text.HAL_ADC_ErrorCallback
                0x08000d2e       0x12 ./Drivers/STM32F1xx_HAL_Driver/Src/stm32f1xx_hal_adc.o
                0x08000d2e                HAL_ADC_ErrorCallback
 .text.HAL_ADC_ConfigChannel
                0x08000d40      0x1f0 ./Drivers/STM32F1xx_HAL_Driver/Src/stm32f1xx_hal_adc.o
                0x08000d40                HAL_ADC_ConfigChannel
 .text.ADC_Enable
                0x08000f30       0xb4 ./Drivers/STM32F1xx_HAL_Driver/Src/stm32f1xx_hal_adc.o
                0x08000f30                ADC_Enable
 .text.ADC_ConversionStop_Disable
                0x08000fe4       0x82 ./Drivers/STM32F1xx_HAL_Driver/Src/stm32f1xx_hal_adc.o
                0x08000fe4                ADC_ConversionStop_Disable
 .text.ADC_DMAConvCplt
                0x08001066       0x7c ./Drivers/STM32F1xx_HAL_Driver/Src/stm32f1xx_hal_adc.o
                0x08001066                ADC_DMAConvCplt
 .text.ADC_DMAHalfConvCplt
                0x080010e2       0x1c ./Drivers/STM32F1xx_HAL_Driver/Src/stm32f1xx_hal_adc.o
                0x080010e2                ADC_DMAHalfConvCplt
 .text.ADC_DMAError
                0x080010fe       0x34 ./Drivers/STM32F1xx_HAL_Driver/Src/stm32f1xx_hal_adc.o
                0x080010fe                ADC_DMAError
 *fill*         0x08001132        0x2 
 .text.__NVIC_SetPriorityGrouping
                0x08001134       0x48 ./Drivers/STM32F1xx_HAL_Driver/Src/stm32f1xx_hal_cortex.o
 .text.__NVIC_GetPriorityGrouping
                0x0800117c       0x1c ./Drivers/STM32F1xx_HAL_Driver/Src/stm32f1xx_hal_cortex.o
 .text.__NVIC_EnableIRQ
                0x08001198       0x38 ./Drivers/STM32F1xx_HAL_Driver/Src/stm32f1xx_hal_cortex.o
 .text.__NVIC_DisableIRQ
                0x080011d0       0x48 ./Drivers/STM32F1xx_HAL_Driver/Src/stm32f1xx_hal_cortex.o
 .text.__NVIC_SetPriority
                0x08001218       0x54 ./Drivers/STM32F1xx_HAL_Driver/Src/stm32f1xx_hal_cortex.o
 .text.NVIC_EncodePriority
                0x0800126c       0x64 ./Drivers/STM32F1xx_HAL_Driver/Src/stm32f1xx_hal_cortex.o
 .text.SysTick_Config
                0x080012d0       0x44 ./Drivers/STM32F1xx_HAL_Driver/Src/stm32f1xx_hal_cortex.o
 .text.HAL_NVIC_SetPriorityGrouping
                0x08001314       0x16 ./Drivers/STM32F1xx_HAL_Driver/Src/stm32f1xx_hal_cortex.o
                0x08001314                HAL_NVIC_SetPriorityGrouping
 .text.HAL_NVIC_SetPriority
                0x0800132a       0x38 ./Drivers/STM32F1xx_HAL_Driver/Src/stm32f1xx_hal_cortex.o
                0x0800132a                HAL_NVIC_SetPriority
 .text.HAL_NVIC_EnableIRQ
                0x08001362       0x1c ./Drivers/STM32F1xx_HAL_Driver/Src/stm32f1xx_hal_cortex.o
                0x08001362                HAL_NVIC_EnableIRQ
 .text.HAL_NVIC_DisableIRQ
                0x0800137e       0x1c ./Drivers/STM32F1xx_HAL_Driver/Src/stm32f1xx_hal_cortex.o
                0x0800137e                HAL_NVIC_DisableIRQ
 .text.HAL_SYSTICK_Config
                0x0800139a       0x18 ./Drivers/STM32F1xx_HAL_Driver/Src/stm32f1xx_hal_cortex.o
                0x0800139a                HAL_SYSTICK_Config
 *fill*         0x080013b2        0x2 
 .text.HAL_DMA_Init
                0x080013b4       0xb4 ./Drivers/STM32F1xx_HAL_Driver/Src/stm32f1xx_hal_dma.o
                0x080013b4                HAL_DMA_Init
 .text.HAL_DMA_Start_IT
                0x08001468       0xc0 ./Drivers/STM32F1xx_HAL_Driver/Src/stm32f1xx_hal_dma.o
                0x08001468                HAL_DMA_Start_IT
 .text.HAL_DMA_Abort
                0x08001528       0x76 ./Drivers/STM32F1xx_HAL_Driver/Src/stm32f1xx_hal_dma.o
                0x08001528                HAL_DMA_Abort
 *fill*         0x0800159e        0x2 
 .text.HAL_DMA_Abort_IT
                0x080015a0       0xf0 ./Drivers/STM32F1xx_HAL_Driver/Src/stm32f1xx_hal_dma.o
                0x080015a0                HAL_DMA_Abort_IT
 .text.DMA_SetConfig
                0x08001690       0x5a ./Drivers/STM32F1xx_HAL_Driver/Src/stm32f1xx_hal_dma.o
 *fill*         0x080016ea        0x2 
 .text.HAL_GPIO_Init
                0x080016ec      0x308 ./Drivers/STM32F1xx_HAL_Driver/Src/stm32f1xx_hal_gpio.o
                0x080016ec                HAL_GPIO_Init
 .text.HAL_GPIO_ReadPin
                0x080019f4       0x2e ./Drivers/STM32F1xx_HAL_Driver/Src/stm32f1xx_hal_gpio.o
                0x080019f4                HAL_GPIO_ReadPin
 .text.HAL_GPIO_WritePin
                0x08001a22       0x30 ./Drivers/STM32F1xx_HAL_Driver/Src/stm32f1xx_hal_gpio.o
                0x08001a22                HAL_GPIO_WritePin
 *fill*         0x08001a52        0x2 
 .text.HAL_GPIO_EXTI_IRQHandler
                0x08001a54       0x30 ./Drivers/STM32F1xx_HAL_Driver/Src/stm32f1xx_hal_gpio.o
                0x08001a54                HAL_GPIO_EXTI_IRQHandler
 .text.HAL_GPIO_EXTI_Callback
                0x08001a84       0x14 ./Drivers/STM32F1xx_HAL_Driver/Src/stm32f1xx_hal_gpio.o
                0x08001a84                HAL_GPIO_EXTI_Callback
 .text.HAL_I2C_Init
                0x08001a98      0x288 ./Drivers/STM32F1xx_HAL_Driver/Src/stm32f1xx_hal_i2c.o
                0x08001a98                HAL_I2C_Init
 .text.HAL_I2C_Mem_Write
                0x08001d20      0x1f4 ./Drivers/STM32F1xx_HAL_Driver/Src/stm32f1xx_hal_i2c.o
                0x08001d20                HAL_I2C_Mem_Write
 .text.HAL_I2C_Mem_Read
                0x08001f14      0x4e8 ./Drivers/STM32F1xx_HAL_Driver/Src/stm32f1xx_hal_i2c.o
                0x08001f14                HAL_I2C_Mem_Read
 .text.I2C_RequestMemoryWrite
                0x080023fc      0x12c ./Drivers/STM32F1xx_HAL_Driver/Src/stm32f1xx_hal_i2c.o
 .text.I2C_RequestMemoryRead
                0x08002528      0x1d0 ./Drivers/STM32F1xx_HAL_Driver/Src/stm32f1xx_hal_i2c.o
 .text.I2C_WaitOnFlagUntilTimeout
                0x080026f8       0xf4 ./Drivers/STM32F1xx_HAL_Driver/Src/stm32f1xx_hal_i2c.o
 .text.I2C_WaitOnMasterAddressFlagUntilTimeout
                0x080027ec      0x140 ./Drivers/STM32F1xx_HAL_Driver/Src/stm32f1xx_hal_i2c.o
 .text.I2C_WaitOnTXEFlagUntilTimeout
                0x0800292c       0x90 ./Drivers/STM32F1xx_HAL_Driver/Src/stm32f1xx_hal_i2c.o
 .text.I2C_WaitOnBTFFlagUntilTimeout
                0x080029bc       0x90 ./Drivers/STM32F1xx_HAL_Driver/Src/stm32f1xx_hal_i2c.o
 .text.I2C_WaitOnRXNEFlagUntilTimeout
                0x08002a4c       0xba ./Drivers/STM32F1xx_HAL_Driver/Src/stm32f1xx_hal_i2c.o
 .text.I2C_IsAcknowledgeFailed
                0x08002b06       0x5c ./Drivers/STM32F1xx_HAL_Driver/Src/stm32f1xx_hal_i2c.o
 *fill*         0x08002b62        0x2 
 .text.HAL_PWR_EnterSLEEPMode
                0x08002b64       0x38 ./Drivers/STM32F1xx_HAL_Driver/Src/stm32f1xx_hal_pwr.o
                0x08002b64                HAL_PWR_EnterSLEEPMode
 .text.HAL_RCC_OscConfig
                0x08002b9c      0x504 ./Drivers/STM32F1xx_HAL_Driver/Src/stm32f1xx_hal_rcc.o
                0x08002b9c                HAL_RCC_OscConfig
 .text.HAL_RCC_ClockConfig
                0x080030a0      0x1d4 ./Drivers/STM32F1xx_HAL_Driver/Src/stm32f1xx_hal_rcc.o
                0x080030a0                HAL_RCC_ClockConfig
 .text.HAL_RCC_GetSysClockFreq
                0x08003274       0xa8 ./Drivers/STM32F1xx_HAL_Driver/Src/stm32f1xx_hal_rcc.o
                0x08003274                HAL_RCC_GetSysClockFreq
 .text.HAL_RCC_GetHCLKFreq
                0x0800331c       0x14 ./Drivers/STM32F1xx_HAL_Driver/Src/stm32f1xx_hal_rcc.o
                0x0800331c                HAL_RCC_GetHCLKFreq
 .text.HAL_RCC_GetPCLK1Freq
                0x08003330       0x28 ./Drivers/STM32F1xx_HAL_Driver/Src/stm32f1xx_hal_rcc.o
                0x08003330                HAL_RCC_GetPCLK1Freq
 .text.HAL_RCC_GetPCLK2Freq
                0x08003358       0x28 ./Drivers/STM32F1xx_HAL_Driver/Src/stm32f1xx_hal_rcc.o
                0x08003358                HAL_RCC_GetPCLK2Freq
 .text.RCC_Delay
                0x08003380       0x3c ./Drivers/STM32F1xx_HAL_Driver/Src/stm32f1xx_hal_rcc.o
 .text.HAL_RCCEx_PeriphCLKConfig
                0x080033bc      0x16c ./Drivers/STM32F1xx_HAL_Driver/Src/stm32f1xx_hal_rcc_ex.o
                0x080033bc                HAL_RCCEx_PeriphCLKConfig
 .text.HAL_UART_Init
                0x08003528       0xa0 ./Drivers/STM32F1xx_HAL_Driver/Src/stm32f1xx_hal_uart.o
                0x08003528                HAL_UART_Init
 .text.HAL_UART_Transmit_IT
                0x080035c8       0x6a ./Drivers/STM32F1xx_HAL_Driver/Src/stm32f1xx_hal_uart.o
                0x080035c8                HAL_UART_Transmit_IT
 .text.HAL_UART_Receive_IT
                0x08003632       0x4a ./Drivers/STM32F1xx_HAL_Driver/Src/stm32f1xx_hal_uart.o
                0x08003632                HAL_UART_Receive_IT
 .text.HAL_UART_IRQHandler
                0x0800367c      0x524 ./Drivers/STM32F1xx_HAL_Driver/Src/stm32f1xx_hal_uart.o
                0x0800367c                HAL_UART_IRQHandler
 .text.HAL_UART_TxCpltCallback
                0x08003ba0       0x12 ./Drivers/STM32F1xx_HAL_Driver/Src/stm32f1xx_hal_uart.o
                0x08003ba0                HAL_UART_TxCpltCallback
 .text.HAL_UART_ErrorCallback
                0x08003bb2       0x12 ./Drivers/STM32F1xx_HAL_Driver/Src/stm32f1xx_hal_uart.o
                0x08003bb2                HAL_UART_ErrorCallback
 .text.HAL_UARTEx_RxEventCallback
                0x08003bc4       0x16 ./Drivers/STM32F1xx_HAL_Driver/Src/stm32f1xx_hal_uart.o
                0x08003bc4                HAL_UARTEx_RxEventCallback
 .text.UART_Start_Receive_IT
                0x08003bda       0x72 ./Drivers/STM32F1xx_HAL_Driver/Src/stm32f1xx_hal_uart.o
                0x08003bda                UART_Start_Receive_IT
 .text.UART_EndRxTransfer
                0x08003c4c       0xc4 ./Drivers/STM32F1xx_HAL_Driver/Src/stm32f1xx_hal_uart.o
 .text.UART_DMAAbortOnError
                0x08003d10       0x28 ./Drivers/STM32F1xx_HAL_Driver/Src/stm32f1xx_hal_uart.o
 .text.UART_Transmit_IT
                0x08003d38       0x9e ./Drivers/STM32F1xx_HAL_Driver/Src/stm32f1xx_hal_uart.o
 .text.UART_EndTransmit_IT
                0x08003dd6       0x30 ./Drivers/STM32F1xx_HAL_Driver/Src/stm32f1xx_hal_uart.o
 .text.UART_Receive_IT
                0x08003e06      0x17c ./Drivers/STM32F1xx_HAL_Driver/Src/stm32f1xx_hal_uart.o
 *fill*         0x08003f82        0x2 
 .text.UART_SetConfig
                0x08003f84      0x11c ./Drivers/STM32F1xx_HAL_Driver/Src/stm32f1xx_hal_uart.o
 .text.app_init
                0x080040a0       0x58 ./app/src/app.o
                0x080040a0                app_init
 .text.app_update
                0x080040f8       0xa0 ./app/src/app.o
                0x080040f8                app_update
 .text.lcd_enable_pulse
                0x08004198       0x2c ./app/src/display.o
 .text.lcd_send_nibble
                0x080041c4       0x70 ./app/src/display.o
 .text.lcd_send_cmd
                0x08004234       0x44 ./app/src/display.o
                0x08004234                lcd_send_cmd
 .text.lcd_send_data
                0x08004278       0x44 ./app/src/display.o
                0x08004278                lcd_send_data
 .text.lcd_init
                0x080042bc       0x94 ./app/src/display.o
                0x080042bc                lcd_init
 .text.lcd_send_string
                0x08004350       0x2a ./app/src/display.o
                0x08004350                lcd_send_string
 .text.lcd_set_cursor
                0x0800437a       0x3e ./app/src/display.o
                0x0800437a                lcd_set_cursor
 .text.lcd_clear
                0x080043b8       0x14 ./app/src/display.o
                0x080043b8                lcd_clear
 .text.eeprom_read_settings
                0x080043cc       0x84 ./app/src/eeprom.o
                0x080043cc                eeprom_read_settings
 .text.eeprom_write_settings
                0x08004450       0x94 ./app/src/eeprom.o
                0x08004450                eeprom_write_settings
 .text.calculate_checksum
                0x080044e4       0x3e ./app/src/eeprom.o
 *fill*         0x08004522        0x2 
 .text.logger_init
                0x08004524       0x44 ./app/src/logger.o
                0x08004524                logger_init
 .text.logger_update
                0x08004568       0x4c ./app/src/logger.o
                0x08004568                logger_update
 .text.logger_uart_rx_callback
                0x080045b4       0x7c ./app/src/logger.o
                0x080045b4                logger_uart_rx_callback
 .text.HAL_UART_RxCpltCallback
                0x08004630       0x24 ./app/src/logger.o
                0x08004630                HAL_UART_RxCpltCallback
 .text.process_bt_command
                0x08004654       0x84 ./app/src/logger.o
 .text.send_telemetry
                0x080046d8       0xf8 ./app/src/logger.o
 .text.task_actuator_init
                0x080047d0       0x88 ./app/src/task_actuator.o
                0x080047d0                task_actuator_init
 .text.task_actuator_update
                0x08004858      0x148 ./app/src/task_actuator.o
                0x08004858                task_actuator_update
 .text.put_actuator_sector
                0x080049a0       0x2c ./app/src/task_actuator_interface.o
                0x080049a0                put_actuator_sector
 .text.put_actuator_status_led
                0x080049cc       0x2c ./app/src/task_actuator_interface.o
                0x080049cc                put_actuator_status_led
 .text.put_actuator_buzzer
                0x080049f8       0x20 ./app/src/task_actuator_interface.o
                0x080049f8                put_actuator_buzzer
 .text.get_actuator_sector_state
                0x08004a18       0x2c ./app/src/task_actuator_interface.o
                0x08004a18                get_actuator_sector_state
 .text.task_display_init
                0x08004a44       0x68 ./app/src/task_display.o
                0x08004a44                task_display_init
 .text.task_display_update
                0x08004aac      0x140 ./app/src/task_display.o
                0x08004aac                task_display_update
 .text.init_and_load_eeprom
                0x08004bec       0x52 ./app/src/task_display.o
 *fill*         0x08004c3e        0x2 
 .text.render_normal_mode
                0x08004c40       0xd4 ./app/src/task_display.o
 .text.handle_setup_navigation
                0x08004d14       0xb0 ./app/src/task_display.o
 .text.render_setup_mode
                0x08004dc4       0x74 ./app/src/task_display.o
 .text.render_falla_mode
                0x08004e38       0x4c ./app/src/task_display.o
 .text.task_sensor_init
                0x08004e84       0xd4 ./app/src/task_sensor.o
                0x08004e84                task_sensor_init
 .text.task_sensor_update
                0x08004f58       0x28 ./app/src/task_sensor.o
                0x08004f58                task_sensor_update
 .text.task_sensor_adc_cplt_callback
                0x08004f80        0xc ./app/src/task_sensor.o
                0x08004f80                task_sensor_adc_cplt_callback
 .text.HAL_ADC_ConvCpltCallback
                0x08004f8c       0x24 ./app/src/task_sensor.o
                0x08004f8c                HAL_ADC_ConvCpltCallback
 .text.process_adc_data
                0x08004fb0      0x120 ./app/src/task_sensor.o
 .text.button_debounce_update
                0x080050d0      0x178 ./app/src/task_sensor.o
 .text.update_dip_switches
                0x08005248       0x78 ./app/src/task_sensor.o
 .text.get_sensor_wind_speed
                0x080052c0       0x14 ./app/src/task_sensor_interface.o
                0x080052c0                get_sensor_wind_speed
 .text.get_sensor_wind_dir
                0x080052d4       0x14 ./app/src/task_sensor_interface.o
                0x080052d4                get_sensor_wind_dir
 .text.get_sensor_light
                0x080052e8       0x14 ./app/src/task_sensor_interface.o
                0x080052e8                get_sensor_light
 .text.get_sensor_adc_error
                0x080052fc       0x18 ./app/src/task_sensor_interface.o
                0x080052fc                get_sensor_adc_error
 .text.get_sensor_btn_enter_pressed
                0x08005314       0x24 ./app/src/task_sensor_interface.o
                0x08005314                get_sensor_btn_enter_pressed
 .text.get_sensor_btn_up_pressed
                0x08005338       0x24 ./app/src/task_sensor_interface.o
                0x08005338                get_sensor_btn_up_pressed
 .text.get_sensor_btn_down_pressed
                0x0800535c       0x24 ./app/src/task_sensor_interface.o
                0x0800535c                get_sensor_btn_down_pressed
 .text.task_system_init
                0x08005380       0x2c ./app/src/task_system.o
                0x08005380                task_system_init
 .text.task_system_update
                0x080053ac      0x158 ./app/src/task_system.o
                0x080053ac                task_system_update
 .text.evaluate_irrigation_logic
                0x08005504      0x114 ./app/src/task_system.o
 .text.suspend_irrigation
                0x08005618       0x28 ./app/src/task_system.o
 .text.init_event_task_system
                0x08005640       0x20 ./app/src/task_system_interface.o
                0x08005640                init_event_task_system
 .text.put_event_task_system
                0x08005660       0x28 ./app/src/task_system_interface.o
                0x08005660                put_event_task_system
 .text.get_event_task_system
                0x08005688       0x20 ./app/src/task_system_interface.o
                0x08005688                get_event_task_system
 .text.any_event_task_system
                0x080056a8       0x14 ./app/src/task_system_interface.o
                0x080056a8                any_event_task_system
 .text.get_sys_wind_critical_th
                0x080056bc       0x14 ./app/src/task_system_interface.o
                0x080056bc                get_sys_wind_critical_th
 .text.get_sys_wind_moderate_th
                0x080056d0       0x14 ./app/src/task_system_interface.o
                0x080056d0                get_sys_wind_moderate_th
 .text.is_night_irrigation_inhibited
                0x080056e4       0x14 ./app/src/task_system_interface.o
                0x080056e4                is_night_irrigation_inhibited
 .text.get_system_mode
                0x080056f8       0x14 ./app/src/task_system_interface.o
                0x080056f8                get_system_mode
 .text.set_sys_wind_critical_th
                0x0800570c       0x1c ./app/src/task_system_interface.o
                0x0800570c                set_sys_wind_critical_th
 .text.set_sys_wind_moderate_th
                0x08005728       0x1c ./app/src/task_system_interface.o
                0x08005728                set_sys_wind_moderate_th
 .text.sprintf  0x08005744       0x44 C:/ST/STM32CubeIDE_1.19.0/STM32CubeIDE/plugins/com.st.stm32cube.ide.mcu.externaltools.gnu-tools-for-stm32.13.3.rel1.win32_1.0.0.202411081344/tools/bin/../lib/gcc/arm-none-eabi/13.3.1/../../../../arm-none-eabi/lib/thumb/v7-m/nofp\libc_nano.a(libc_a-sprintf.o)
                0x08005744                siprintf
                0x08005744                sprintf
 .text.sscanf   0x08005788       0x58 C:/ST/STM32CubeIDE_1.19.0/STM32CubeIDE/plugins/com.st.stm32cube.ide.mcu.externaltools.gnu-tools-for-stm32.13.3.rel1.win32_1.0.0.202411081344/tools/bin/../lib/gcc/arm-none-eabi/13.3.1/../../../../arm-none-eabi/lib/thumb/v7-m/nofp\libc_nano.a(libc_a-sscanf.o)
                0x08005788                siscanf
                0x08005788                sscanf
 .text.__seofread
                0x080057e0        0x4 C:/ST/STM32CubeIDE_1.19.0/STM32CubeIDE/plugins/com.st.stm32cube.ide.mcu.externaltools.gnu-tools-for-stm32.13.3.rel1.win32_1.0.0.202411081344/tools/bin/../lib/gcc/arm-none-eabi/13.3.1/../../../../arm-none-eabi/lib/thumb/v7-m/nofp\libc_nano.a(libc_a-stdio.o)
                0x080057e0                __seofread
 .text.memset   0x080057e4       0x10 C:/ST/STM32CubeIDE_1.19.0/STM32CubeIDE/plugins/com.st.stm32cube.ide.mcu.externaltools.gnu-tools-for-stm32.13.3.rel1.win32_1.0.0.202411081344/tools/bin/../lib/gcc/arm-none-eabi/13.3.1/../../../../arm-none-eabi/lib/thumb/v7-m/nofp\libc_nano.a(libc_a-memset.o)
                0x080057e4                memset
 .text.strncmp  0x080057f4       0x24 C:/ST/STM32CubeIDE_1.19.0/STM32CubeIDE/plugins/com.st.stm32cube.ide.mcu.externaltools.gnu-tools-for-stm32.13.3.rel1.win32_1.0.0.202411081344/tools/bin/../lib/gcc/arm-none-eabi/13.3.1/../../../../arm-none-eabi/lib/thumb/v7-m/nofp\libc_nano.a(libc_a-strncmp.o)
                0x080057f4                strncmp
 .text.__errno  0x08005818        0xc C:/ST/STM32CubeIDE_1.19.0/STM32CubeIDE/plugins/com.st.stm32cube.ide.mcu.externaltools.gnu-tools-for-stm32.13.3.rel1.win32_1.0.0.202411081344/tools/bin/../lib/gcc/arm-none-eabi/13.3.1/../../../../arm-none-eabi/lib/thumb/v7-m/nofp\libc_nano.a(libc_a-errno.o)
                0x08005818                __errno
 .text.__libc_init_array
                0x08005824       0x48 C:/ST/STM32CubeIDE_1.19.0/STM32CubeIDE/plugins/com.st.stm32cube.ide.mcu.externaltools.gnu-tools-for-stm32.13.3.rel1.win32_1.0.0.202411081344/tools/bin/../lib/gcc/arm-none-eabi/13.3.1/../../../../arm-none-eabi/lib/thumb/v7-m/nofp\libc_nano.a(libc_a-init.o)
                0x08005824                __libc_init_array
 .text.__retarget_lock_acquire_recursive
                0x0800586c        0x2 C:/ST/STM32CubeIDE_1.19.0/STM32CubeIDE/plugins/com.st.stm32cube.ide.mcu.externaltools.gnu-tools-for-stm32.13.3.rel1.win32_1.0.0.202411081344/tools/bin/../lib/gcc/arm-none-eabi/13.3.1/../../../../arm-none-eabi/lib/thumb/v7-m/nofp\libc_nano.a(libc_a-lock.o)
                0x0800586c                __retarget_lock_acquire_recursive
 .text.__retarget_lock_release_recursive
                0x0800586e        0x2 C:/ST/STM32CubeIDE_1.19.0/STM32CubeIDE/plugins/com.st.stm32cube.ide.mcu.externaltools.gnu-tools-for-stm32.13.3.rel1.win32_1.0.0.202411081344/tools/bin/../lib/gcc/arm-none-eabi/13.3.1/../../../../arm-none-eabi/lib/thumb/v7-m/nofp\libc_nano.a(libc_a-lock.o)
                0x0800586e                __retarget_lock_release_recursive
 .text._free_r  0x08005870       0x90 C:/ST/STM32CubeIDE_1.19.0/STM32CubeIDE/plugins/com.st.stm32cube.ide.mcu.externaltools.gnu-tools-for-stm32.13.3.rel1.win32_1.0.0.202411081344/tools/bin/../lib/gcc/arm-none-eabi/13.3.1/../../../../arm-none-eabi/lib/thumb/v7-m/nofp\libc_nano.a(libc_a-freer.o)
                0x08005870                _free_r
 .text.sbrk_aligned
                0x08005900       0x44 C:/ST/STM32CubeIDE_1.19.0/STM32CubeIDE/plugins/com.st.stm32cube.ide.mcu.externaltools.gnu-tools-for-stm32.13.3.rel1.win32_1.0.0.202411081344/tools/bin/../lib/gcc/arm-none-eabi/13.3.1/../../../../arm-none-eabi/lib/thumb/v7-m/nofp\libc_nano.a(libc_a-mallocr.o)
 .text._malloc_r
                0x08005944      0x100 C:/ST/STM32CubeIDE_1.19.0/STM32CubeIDE/plugins/com.st.stm32cube.ide.mcu.externaltools.gnu-tools-for-stm32.13.3.rel1.win32_1.0.0.202411081344/tools/bin/../lib/gcc/arm-none-eabi/13.3.1/../../../../arm-none-eabi/lib/thumb/v7-m/nofp\libc_nano.a(libc_a-mallocr.o)
                0x08005944                _malloc_r
 .text.__malloc_lock
                0x08005a44        0xc C:/ST/STM32CubeIDE_1.19.0/STM32CubeIDE/plugins/com.st.stm32cube.ide.mcu.externaltools.gnu-tools-for-stm32.13.3.rel1.win32_1.0.0.202411081344/tools/bin/../lib/gcc/arm-none-eabi/13.3.1/../../../../arm-none-eabi/lib/thumb/v7-m/nofp\libc_nano.a(libc_a-mlock.o)
                0x08005a44                __malloc_lock
 .text.__malloc_unlock
                0x08005a50        0xc C:/ST/STM32CubeIDE_1.19.0/STM32CubeIDE/plugins/com.st.stm32cube.ide.mcu.externaltools.gnu-tools-for-stm32.13.3.rel1.win32_1.0.0.202411081344/tools/bin/../lib/gcc/arm-none-eabi/13.3.1/../../../../arm-none-eabi/lib/thumb/v7-m/nofp\libc_nano.a(libc_a-mlock.o)
                0x08005a50                __malloc_unlock
 .text.__ssputs_r
                0x08005a5c       0xb6 C:/ST/STM32CubeIDE_1.19.0/STM32CubeIDE/plugins/com.st.stm32cube.ide.mcu.externaltools.gnu-tools-for-stm32.13.3.rel1.win32_1.0.0.202411081344/tools/bin/../lib/gcc/arm-none-eabi/13.3.1/../../../../arm-none-eabi/lib/thumb/v7-m/nofp\libc_nano.a(libc_a-nano-svfprintf.o)
                0x08005a5c                __ssputs_r
 *fill*         0x08005b12        0x2 
 .text._svfprintf_r
                0x08005b14      0x1f8 C:/ST/STM32CubeIDE_1.19.0/STM32CubeIDE/plugins/com.st.stm32cube.ide.mcu.externaltools.gnu-tools-for-stm32.13.3.rel1.win32_1.0.0.202411081344/tools/bin/../lib/gcc/arm-none-eabi/13.3.1/../../../../arm-none-eabi/lib/thumb/v7-m/nofp\libc_nano.a(libc_a-nano-svfprintf.o)
                0x08005b14                _svfiprintf_r
                0x08005b14                _svfprintf_r
 .text._sungetc_r
                0x08005d0c       0x7a C:/ST/STM32CubeIDE_1.19.0/STM32CubeIDE/plugins/com.st.stm32cube.ide.mcu.externaltools.gnu-tools-for-stm32.13.3.rel1.win32_1.0.0.202411081344/tools/bin/../lib/gcc/arm-none-eabi/13.3.1/../../../../arm-none-eabi/lib/thumb/v7-m/nofp\libc_nano.a(libc_a-nano-svfscanf.o)
                0x08005d0c                _sungetc_r
 .text.__ssrefill_r
                0x08005d86       0x3a C:/ST/STM32CubeIDE_1.19.0/STM32CubeIDE/plugins/com.st.stm32cube.ide.mcu.externaltools.gnu-tools-for-stm32.13.3.rel1.win32_1.0.0.202411081344/tools/bin/../lib/gcc/arm-none-eabi/13.3.1/../../../../arm-none-eabi/lib/thumb/v7-m/nofp\libc_nano.a(libc_a-nano-svfscanf.o)
                0x08005d86                __ssrefill_r
 .text.__ssvfscanf_r
                0x08005dc0      0x2e8 C:/ST/STM32CubeIDE_1.19.0/STM32CubeIDE/plugins/com.st.stm32cube.ide.mcu.externaltools.gnu-tools-for-stm32.13.3.rel1.win32_1.0.0.202411081344/tools/bin/../lib/gcc/arm-none-eabi/13.3.1/../../../../arm-none-eabi/lib/thumb/v7-m/nofp\libc_nano.a(libc_a-nano-svfscanf.o)
                0x08005dc0                __ssvfiscanf_r
                0x08005dc0                __ssvfscanf_r
 .text._printf_common
                0x080060a8       0xe4 C:/ST/STM32CubeIDE_1.19.0/STM32CubeIDE/plugins/com.st.stm32cube.ide.mcu.externaltools.gnu-tools-for-stm32.13.3.rel1.win32_1.0.0.202411081344/tools/bin/../lib/gcc/arm-none-eabi/13.3.1/../../../../arm-none-eabi/lib/thumb/v7-m/nofp\libc_nano.a(libc_a-nano-vfprintf_i.o)
                0x080060a8                _printf_common
 .text._printf_i
                0x0800618c      0x23c C:/ST/STM32CubeIDE_1.19.0/STM32CubeIDE/plugins/com.st.stm32cube.ide.mcu.externaltools.gnu-tools-for-stm32.13.3.rel1.win32_1.0.0.202411081344/tools/bin/../lib/gcc/arm-none-eabi/13.3.1/../../../../arm-none-eabi/lib/thumb/v7-m/nofp\libc_nano.a(libc_a-nano-vfprintf_i.o)
                0x0800618c                _printf_i
 .text._scanf_chars
                0x080063c8       0xb4 C:/ST/STM32CubeIDE_1.19.0/STM32CubeIDE/plugins/com.st.stm32cube.ide.mcu.externaltools.gnu-tools-for-stm32.13.3.rel1.win32_1.0.0.202411081344/tools/bin/../lib/gcc/arm-none-eabi/13.3.1/../../../../arm-none-eabi/lib/thumb/v7-m/nofp\libc_nano.a(libc_a-nano-vfscanf_i.o)
                0x080063c8                _scanf_chars
 .text._scanf_i
                0x0800647c      0x1e4 C:/ST/STM32CubeIDE_1.19.0/STM32CubeIDE/plugins/com.st.stm32cube.ide.mcu.externaltools.gnu-tools-for-stm32.13.3.rel1.win32_1.0.0.202411081344/tools/bin/../lib/gcc/arm-none-eabi/13.3.1/../../../../arm-none-eabi/lib/thumb/v7-m/nofp\libc_nano.a(libc_a-nano-vfscanf_i.o)
                0x0800647c                _scanf_i
 .text.__sccl   0x08006660       0x72 C:/ST/STM32CubeIDE_1.19.0/STM32CubeIDE/plugins/com.st.stm32cube.ide.mcu.externaltools.gnu-tools-for-stm32.13.3.rel1.win32_1.0.0.202411081344/tools/bin/../lib/gcc/arm-none-eabi/13.3.1/../../../../arm-none-eabi/lib/thumb/v7-m/nofp\libc_nano.a(libc_a-sccl.o)
                0x08006660                __sccl
 .text.__submore
                0x080066d2       0x70 C:/ST/STM32CubeIDE_1.19.0/STM32CubeIDE/plugins/com.st.stm32cube.ide.mcu.externaltools.gnu-tools-for-stm32.13.3.rel1.win32_1.0.0.202411081344/tools/bin/../lib/gcc/arm-none-eabi/13.3.1/../../../../arm-none-eabi/lib/thumb/v7-m/nofp\libc_nano.a(libc_a-ungetc.o)
                0x080066d2                __submore
 .text.memmove  0x08006742       0x34 C:/ST/STM32CubeIDE_1.19.0/STM32CubeIDE/plugins/com.st.stm32cube.ide.mcu.externaltools.gnu-tools-for-stm32.13.3.rel1.win32_1.0.0.202411081344/tools/bin/../lib/gcc/arm-none-eabi/13.3.1/../../../../arm-none-eabi/lib/thumb/v7-m/nofp\libc_nano.a(libc_a-memmove.o)
                0x08006742                memmove
 *fill*         0x08006776        0x2 
 .text._sbrk_r  0x08006778       0x20 C:/ST/STM32CubeIDE_1.19.0/STM32CubeIDE/plugins/com.st.stm32cube.ide.mcu.externaltools.gnu-tools-for-stm32.13.3.rel1.win32_1.0.0.202411081344/tools/bin/../lib/gcc/arm-none-eabi/13.3.1/../../../../arm-none-eabi/lib/thumb/v7-m/nofp\libc_nano.a(libc_a-sbrkr.o)
                0x08006778                _sbrk_r
 .text.memchr   0x08006798       0x1c C:/ST/STM32CubeIDE_1.19.0/STM32CubeIDE/plugins/com.st.stm32cube.ide.mcu.externaltools.gnu-tools-for-stm32.13.3.rel1.win32_1.0.0.202411081344/tools/bin/../lib/gcc/arm-none-eabi/13.3.1/../../../../arm-none-eabi/lib/thumb/v7-m/nofp\libc_nano.a(libc_a-memchr-stub.o)
                0x08006798                memchr
 .text.memcpy   0x080067b4       0x1c C:/ST/STM32CubeIDE_1.19.0/STM32CubeIDE/plugins/com.st.stm32cube.ide.mcu.externaltools.gnu-tools-for-stm32.13.3.rel1.win32_1.0.0.202411081344/tools/bin/../lib/gcc/arm-none-eabi/13.3.1/../../../../arm-none-eabi/lib/thumb/v7-m/nofp\libc_nano.a(libc_a-memcpy-stub.o)
                0x080067b4                memcpy
 .text._realloc_r
                0x080067d0       0x5c C:/ST/STM32CubeIDE_1.19.0/STM32CubeIDE/plugins/com.st.stm32cube.ide.mcu.externaltools.gnu-tools-for-stm32.13.3.rel1.win32_1.0.0.202411081344/tools/bin/../lib/gcc/arm-none-eabi/13.3.1/../../../../arm-none-eabi/lib/thumb/v7-m/nofp\libc_nano.a(libc_a-reallocr.o)
                0x080067d0                _realloc_r
 .text._strtol_l.isra.0
                0x0800682c       0xf4 C:/ST/STM32CubeIDE_1.19.0/STM32CubeIDE/plugins/com.st.stm32cube.ide.mcu.externaltools.gnu-tools-for-stm32.13.3.rel1.win32_1.0.0.202411081344/tools/bin/../lib/gcc/arm-none-eabi/13.3.1/../../../../arm-none-eabi/lib/thumb/v7-m/nofp\libc_nano.a(libc_a-strtol.o)
 .text._strtol_r
                0x08006920        0x4 C:/ST/STM32CubeIDE_1.19.0/STM32CubeIDE/plugins/com.st.stm32cube.ide.mcu.externaltools.gnu-tools-for-stm32.13.3.rel1.win32_1.0.0.202411081344/tools/bin/../lib/gcc/arm-none-eabi/13.3.1/../../../../arm-none-eabi/lib/thumb/v7-m/nofp\libc_nano.a(libc_a-strtol.o)
                0x08006920                _strtol_r
 .text._strtoul_l.isra.0
                0x08006924       0xdc C:/ST/STM32CubeIDE_1.19.0/STM32CubeIDE/plugins/com.st.stm32cube.ide.mcu.externaltools.gnu-tools-for-stm32.13.3.rel1.win32_1.0.0.202411081344/tools/bin/../lib/gcc/arm-none-eabi/13.3.1/../../../../arm-none-eabi/lib/thumb/v7-m/nofp\libc_nano.a(libc_a-strtoul.o)
 .text._strtoul_r
                0x08006a00        0x4 C:/ST/STM32CubeIDE_1.19.0/STM32CubeIDE/plugins/com.st.stm32cube.ide.mcu.externaltools.gnu-tools-for-stm32.13.3.rel1.win32_1.0.0.202411081344/tools/bin/../lib/gcc/arm-none-eabi/13.3.1/../../../../arm-none-eabi/lib/thumb/v7-m/nofp\libc_nano.a(libc_a-strtoul.o)
                0x08006a00                _strtoul_r
 .text._malloc_usable_size_r
                0x08006a04       0x10 C:/ST/STM32CubeIDE_1.19.0/STM32CubeIDE/plugins/com.st.stm32cube.ide.mcu.externaltools.gnu-tools-for-stm32.13.3.rel1.win32_1.0.0.202411081344/tools/bin/../lib/gcc/arm-none-eabi/13.3.1/../../../../arm-none-eabi/lib/thumb/v7-m/nofp\libc_nano.a(libc_a-msizer.o)
                0x08006a04                _malloc_usable_size_r
 *(.glue_7)
 .glue_7        0x08006a14        0x0 linker stubs
 *(.glue_7t)
 .glue_7t       0x08006a14        0x0 linker stubs
 *(.eh_frame)
 .eh_frame      0x08006a14        0x0 C:/ST/STM32CubeIDE_1.19.0/STM32CubeIDE/plugins/com.st.stm32cube.ide.mcu.externaltools.gnu-tools-for-stm32.13.3.rel1.win32_1.0.0.202411081344/tools/bin/../lib/gcc/arm-none-eabi/13.3.1/thumb/v7-m/nofp/crtbegin.o
 *(.init)
 .init          0x08006a14        0x4 C:/ST/STM32CubeIDE_1.19.0/STM32CubeIDE/plugins/com.st.stm32cube.ide.mcu.externaltools.gnu-tools-for-stm32.13.3.rel1.win32_1.0.0.202411081344/tools/bin/../lib/gcc/arm-none-eabi/13.3.1/thumb/v7-m/nofp/crti.o
                0x08006a14                _init
 .init          0x08006a18        0x8 C:/ST/STM32CubeIDE_1.19.0/STM32CubeIDE/plugins/com.st.stm32cube.ide.mcu.externaltools.gnu-tools-for-stm32.13.3.rel1.win32_1.0.0.202411081344/tools/bin/../lib/gcc/arm-none-eabi/13.3.1/thumb/v7-m/nofp/crtn.o
 *(.fini)
 .fini          0x08006a20        0x4 C:/ST/STM32CubeIDE_1.19.0/STM32CubeIDE/plugins/com.st.stm32cube.ide.mcu.externaltools.gnu-tools-for-stm32.13.3.rel1.win32_1.0.0.202411081344/tools/bin/../lib/gcc/arm-none-eabi/13.3.1/thumb/v7-m/nofp/crti.o
                0x08006a20                _fini
 .fini          0x08006a24        0x8 C:/ST/STM32CubeIDE_1.19.0/STM32CubeIDE/plugins/com.st.stm32cube.ide.mcu.externaltools.gnu-tools-for-stm32.13.3.rel1.win32_1.0.0.202411081344/tools/bin/../lib/gcc/arm-none-eabi/13.3.1/thumb/v7-m/nofp/crtn.o
                0x08006a2c                        . = ALIGN (0x4)
                0x08006a2c                        _etext = .

.vfp11_veneer   0x08006a2c        0x0
 .vfp11_veneer  0x08006a2c        0x0 linker stubs

.v4_bx          0x08006a2c        0x0
 .v4_bx         0x08006a2c        0x0 linker stubs

.iplt           0x08006a2c        0x0
 .iplt          0x08006a2c        0x0 C:/ST/STM32CubeIDE_1.19.0/STM32CubeIDE/plugins/com.st.stm32cube.ide.mcu.externaltools.gnu-tools-for-stm32.13.3.rel1.win32_1.0.0.202411081344/tools/bin/../lib/gcc/arm-none-eabi/13.3.1/thumb/v7-m/nofp/crtbegin.o

.rodata         0x08006a2c      0x350
                0x08006a2c                        . = ALIGN (0x4)
 *(.rodata)
 .rodata        0x08006a2c       0x92 ./app/src/logger.o
 *fill*         0x08006abe        0x2 
 .rodata        0x08006ac0       0xf5 ./app/src/task_display.o
 *fill*         0x08006bb5        0x3 
 .rodata        0x08006bb8        0xc C:/ST/STM32CubeIDE_1.19.0/STM32CubeIDE/plugins/com.st.stm32cube.ide.mcu.externaltools.gnu-tools-for-stm32.13.3.rel1.win32_1.0.0.202411081344/tools/bin/../lib/gcc/arm-none-eabi/13.3.1/../../../../arm-none-eabi/lib/thumb/v7-m/nofp\libc_nano.a(libc_a-nano-vfscanf_i.o)
 *(.rodata*)
 .rodata.AHBPrescTable
                0x08006bc4       0x10 ./Core/Src/system_stm32f1xx.o
                0x08006bc4                AHBPrescTable
 .rodata.APBPrescTable
                0x08006bd4        0x8 ./Core/Src/system_stm32f1xx.o
                0x08006bd4                APBPrescTable
 .rodata.aPLLMULFactorTable.1
                0x08006bdc       0x10 ./Drivers/STM32F1xx_HAL_Driver/Src/stm32f1xx_hal_rcc.o
 .rodata.aPredivFactorTable.0
                0x08006bec        0x2 ./Drivers/STM32F1xx_HAL_Driver/Src/stm32f1xx_hal_rcc.o
 *fill*         0x08006bee        0x2 
 .rodata.task_cfg_list
                0x08006bf0       0x3c ./app/src/app.o
                0x08006bf0                task_cfg_list
 .rodata._svfprintf_r.str1.1
                0x08006c2c       0x4e C:/ST/STM32CubeIDE_1.19.0/STM32CubeIDE/plugins/com.st.stm32cube.ide.mcu.externaltools.gnu-tools-for-stm32.13.3.rel1.win32_1.0.0.202411081344/tools/bin/../lib/gcc/arm-none-eabi/13.3.1/../../../../arm-none-eabi/lib/thumb/v7-m/nofp\libc_nano.a(libc_a-nano-svfprintf.o)
                                 0x11 (size before relaxing)
 .rodata.__ssvfscanf_r.str1.1
                0x08006c7a        0x4 C:/ST/STM32CubeIDE_1.19.0/STM32CubeIDE/plugins/com.st.stm32cube.ide.mcu.externaltools.gnu-tools-for-stm32.13.3.rel1.win32_1.0.0.202411081344/tools/bin/../lib/gcc/arm-none-eabi/13.3.1/../../../../arm-none-eabi/lib/thumb/v7-m/nofp\libc_nano.a(libc_a-nano-svfscanf.o)
 .rodata._printf_i.str1.1
                0x08006c7a       0x22 C:/ST/STM32CubeIDE_1.19.0/STM32CubeIDE/plugins/com.st.stm32cube.ide.mcu.externaltools.gnu-tools-for-stm32.13.3.rel1.win32_1.0.0.202411081344/tools/bin/../lib/gcc/arm-none-eabi/13.3.1/../../../../arm-none-eabi/lib/thumb/v7-m/nofp\libc_nano.a(libc_a-nano-vfprintf_i.o)
 .rodata._scanf_i.str1.1
                0x08006c7a       0x12 C:/ST/STM32CubeIDE_1.19.0/STM32CubeIDE/plugins/com.st.stm32cube.ide.mcu.externaltools.gnu-tools-for-stm32.13.3.rel1.win32_1.0.0.202411081344/tools/bin/../lib/gcc/arm-none-eabi/13.3.1/../../../../arm-none-eabi/lib/thumb/v7-m/nofp\libc_nano.a(libc_a-nano-vfscanf_i.o)
 .rodata.str1.1
                0x08006c7a        0x9 C:/ST/STM32CubeIDE_1.19.0/STM32CubeIDE/plugins/com.st.stm32cube.ide.mcu.externaltools.gnu-tools-for-stm32.13.3.rel1.win32_1.0.0.202411081344/tools/bin/../lib/gcc/arm-none-eabi/13.3.1/../../../../arm-none-eabi/lib/thumb/v7-m/nofp\libc_nano.a(libc_a-nano-vfscanf_i.o)
 .rodata._ctype_
                0x08006c7a      0x101 C:/ST/STM32CubeIDE_1.19.0/STM32CubeIDE/plugins/com.st.stm32cube.ide.mcu.externaltools.gnu-tools-for-stm32.13.3.rel1.win32_1.0.0.202411081344/tools/bin/../lib/gcc/arm-none-eabi/13.3.1/../../../../arm-none-eabi/lib/thumb/v7-m/nofp\libc_nano.a(libc_a-ctype_.o)
                0x08006c7a                _ctype_
                0x08006d7c                        . = ALIGN (0x4)
 *fill*         0x08006d7b        0x1 

.ARM.extab
 *(.ARM.extab* .gnu.linkonce.armextab.*)

.ARM            0x08006d7c        0x8
                0x08006d7c                        __exidx_start = .
 *(.ARM.exidx*)
 .ARM.exidx     0x08006d7c        0x8 C:/ST/STM32CubeIDE_1.19.0/STM32CubeIDE/plugins/com.st.stm32cube.ide.mcu.externaltools.gnu-tools-for-stm32.13.3.rel1.win32_1.0.0.202411081344/tools/bin/../lib/gcc/arm-none-eabi/13.3.1/../../../../arm-none-eabi/lib/thumb/v7-m/nofp\libc_nano.a(libc_a-strlen.o)
                0x08006d84                        __exidx_end = .

.rel.dyn        0x08006d84        0x0
 .rel.iplt      0x08006d84        0x0 C:/ST/STM32CubeIDE_1.19.0/STM32CubeIDE/plugins/com.st.stm32cube.ide.mcu.externaltools.gnu-tools-for-stm32.13.3.rel1.win32_1.0.0.202411081344/tools/bin/../lib/gcc/arm-none-eabi/13.3.1/thumb/v7-m/nofp/crtbegin.o

.preinit_array  0x08006d84        0x0
                0x08006d84                        PROVIDE (__preinit_array_start = .)
 *(.preinit_array*)
                0x08006d84                        PROVIDE (__preinit_array_end = .)

.init_array     0x08006d84        0x4
                0x08006d84                        PROVIDE (__init_array_start = .)
 *(SORT_BY_NAME(.init_array.*))
 *(.init_array*)
 .init_array    0x08006d84        0x4 C:/ST/STM32CubeIDE_1.19.0/STM32CubeIDE/plugins/com.st.stm32cube.ide.mcu.externaltools.gnu-tools-for-stm32.13.3.rel1.win32_1.0.0.202411081344/tools/bin/../lib/gcc/arm-none-eabi/13.3.1/thumb/v7-m/nofp/crtbegin.o
                0x08006d88                        PROVIDE (__init_array_end = .)

.fini_array     0x08006d88        0x4
                [!provide]                        PROVIDE (__fini_array_start = .)
 *(SORT_BY_NAME(.fini_array.*))
 *(.fini_array*)
 .fini_array    0x08006d88        0x4 C:/ST/STM32CubeIDE_1.19.0/STM32CubeIDE/plugins/com.st.stm32cube.ide.mcu.externaltools.gnu-tools-for-stm32.13.3.rel1.win32_1.0.0.202411081344/tools/bin/../lib/gcc/arm-none-eabi/13.3.1/thumb/v7-m/nofp/crtbegin.o
                [!provide]                        PROVIDE (__fini_array_end = .)
                0x08006d8c                        _sidata = LOADADDR (.data)

.data           0x20000000       0x70 load address 0x08006d8c
                0x20000000                        . = ALIGN (0x4)
                0x20000000                        _sdata = .
 *(.data)
 *(.data*)
 .data.SystemCoreClock
                0x20000000        0x4 ./Core/Src/system_stm32f1xx.o
                0x20000000                SystemCoreClock
 .data.uwTickPrio
                0x20000004        0x4 ./Drivers/STM32F1xx_HAL_Driver/Src/stm32f1xx_hal.o
                0x20000004                uwTickPrio
 .data.uwTickFreq
                0x20000008        0x1 ./Drivers/STM32F1xx_HAL_Driver/Src/stm32f1xx_hal.o
                0x20000008                uwTickFreq
 *fill*         0x20000009        0x3 
 .data.local_mod_th
                0x2000000c        0x4 ./app/src/task_display.o
 .data.local_crit_th
                0x20000010        0x4 ./app/src/task_display.o
 .data.wind_critical_th
                0x20000014        0x4 ./app/src/task_system_interface.o
 .data.wind_moderate_th
                0x20000018        0x4 ./app/src/task_system_interface.o
 .data.night_irrigation_inhibited
                0x2000001c        0x1 ./app/src/task_system_interface.o
 *fill*         0x2000001d        0x3 
 .data._impure_ptr
                0x20000020        0x4 C:/ST/STM32CubeIDE_1.19.0/STM32CubeIDE/plugins/com.st.stm32cube.ide.mcu.externaltools.gnu-tools-for-stm32.13.3.rel1.win32_1.0.0.202411081344/tools/bin/../lib/gcc/arm-none-eabi/13.3.1/../../../../arm-none-eabi/lib/thumb/v7-m/nofp\libc_nano.a(libc_a-impure.o)
                0x20000020                _impure_ptr
 .data._impure_data
                0x20000024       0x4c C:/ST/STM32CubeIDE_1.19.0/STM32CubeIDE/plugins/com.st.stm32cube.ide.mcu.externaltools.gnu-tools-for-stm32.13.3.rel1.win32_1.0.0.202411081344/tools/bin/../lib/gcc/arm-none-eabi/13.3.1/../../../../arm-none-eabi/lib/thumb/v7-m/nofp\libc_nano.a(libc_a-impure.o)
                0x20000024                _impure_data
 *(.RamFunc)
 *(.RamFunc*)
                0x20000070                        . = ALIGN (0x4)
                0x20000070                        _edata = .

.igot.plt       0x20000070        0x0 load address 0x08006dfc
 .igot.plt      0x20000070        0x0 C:/ST/STM32CubeIDE_1.19.0/STM32CubeIDE/plugins/com.st.stm32cube.ide.mcu.externaltools.gnu-tools-for-stm32.13.3.rel1.win32_1.0.0.202411081344/tools/bin/../lib/gcc/arm-none-eabi/13.3.1/thumb/v7-m/nofp/crtbegin.o
                0x20000070                        . = ALIGN (0x4)

.bss            0x20000070      0x388 load address 0x08006dfc
                0x20000070                        _sbss = .
                0x20000070                        __bss_start__ = _sbss
 *(.bss)
 .bss           0x20000070       0x1c C:/ST/STM32CubeIDE_1.19.0/STM32CubeIDE/plugins/com.st.stm32cube.ide.mcu.externaltools.gnu-tools-for-stm32.13.3.rel1.win32_1.0.0.202411081344/tools/bin/../lib/gcc/arm-none-eabi/13.3.1/thumb/v7-m/nofp/crtbegin.o
 *(.bss*)
 .bss.hadc1     0x2000008c       0x30 ./Core/Src/main.o
                0x2000008c                hadc1
 .bss.hdma_adc1
                0x200000bc       0x44 ./Core/Src/main.o
                0x200000bc                hdma_adc1
 .bss.hi2c1     0x20000100       0x54 ./Core/Src/main.o
                0x20000100                hi2c1
 .bss.huart2    0x20000154       0x48 ./Core/Src/main.o
                0x20000154                huart2
 .bss.heap_end.0
                0x2000019c        0x4 ./Core/Src/syscalls.o
 .bss.uwTick    0x200001a0        0x4 ./Drivers/STM32F1xx_HAL_Driver/Src/stm32f1xx_hal.o
                0x200001a0                uwTick
 .bss.g_app_tick_cnt
                0x200001a4        0x4 ./app/src/app.o
                0x200001a4                g_app_tick_cnt
 .bss.rx_char   0x200001a8        0x1 ./app/src/logger.o
 *fill*         0x200001a9        0x3 
 .bss.rx_buffer
                0x200001ac       0x20 ./app/src/logger.o
 .bss.rx_index  0x200001cc        0x1 ./app/src/logger.o
 .bss.msg_received
                0x200001cd        0x1 ./app/src/logger.o
 *fill*         0x200001ce        0x2 
 .bss.tx_buffer
                0x200001d0       0x40 ./app/src/logger.o
 .bss.telemetry_tick_stamp
                0x20000210        0x4 ./app/src/logger.o
 .bss.blink_tick_stamp
                0x20000214        0x4 ./app/src/task_actuator.o
 .bss.blink_state
                0x20000218        0x1 ./app/src/task_actuator.o
 *fill*         0x20000219        0x3 
 .bss.actuator_sectors
                0x2000021c        0x4 ./app/src/task_actuator_interface.o
                0x2000021c                actuator_sectors
 .bss.actuator_status_leds
                0x20000220        0x3 ./app/src/task_actuator_interface.o
                0x20000220                actuator_status_leds
 .bss.actuator_buzzer
                0x20000223        0x1 ./app/src/task_actuator_interface.o
                0x20000223                actuator_buzzer
 .bss.prev_sys_state
                0x20000224        0x1 ./app/src/task_display.o
 *fill*         0x20000225        0x3 
 .bss.last_update_tick
                0x20000228        0x4 ./app/src/task_display.o
 .bss.current_menu
                0x2000022c        0x1 ./app/src/task_display.o
 .bss.menu_dirty
                0x2000022d        0x1 ./app/src/task_display.o
 *fill*         0x2000022e        0x2 
 .bss.adc_raw_buffer
                0x20000230        0x6 ./app/src/task_sensor.o
 *fill*         0x20000236        0x2 
 .bss.wind_filter_buffer
                0x20000238       0x20 ./app/src/task_sensor.o
 .bss.wind_filter_index
                0x20000258        0x4 ./app/src/task_sensor.o
 .bss.wind_filter_sum
                0x2000025c        0x4 ./app/src/task_sensor.o
 .bss.filter_initialized
                0x20000260        0x1 ./app/src/task_sensor.o
 *fill*         0x20000261        0x3 
 .bss.buttons   0x20000264       0x30 ./app/src/task_sensor.o
 .bss.sensor_wind_speed
                0x20000294        0x4 ./app/src/task_sensor_interface.o
                0x20000294                sensor_wind_speed
 .bss.sensor_wind_dir
                0x20000298        0x4 ./app/src/task_sensor_interface.o
                0x20000298                sensor_wind_dir
 .bss.sensor_light
                0x2000029c        0x4 ./app/src/task_sensor_interface.o
                0x2000029c                sensor_light
 .bss.sensor_adc_error
                0x200002a0        0x1 ./app/src/task_sensor_interface.o
                0x200002a0                sensor_adc_error
 .bss.sensor_dip_switches
                0x200002a1        0x1 ./app/src/task_sensor_interface.o
                0x200002a1                sensor_dip_switches
 .bss.flag_btn_enter
                0x200002a2        0x1 ./app/src/task_sensor_interface.o
                0x200002a2                flag_btn_enter
 .bss.flag_btn_up
                0x200002a3        0x1 ./app/src/task_sensor_interface.o
                0x200002a3                flag_btn_up
 .bss.flag_btn_down
                0x200002a4        0x1 ./app/src/task_sensor_interface.o
                0x200002a4                flag_btn_down
 *fill*         0x200002a5        0x3 
 .bss.task_system_dta
                0x200002a8        0x3 ./app/src/task_system.o
 .bss.current_sys_state
                0x200002ab        0x1 ./app/src/task_system.o
                0x200002ab                current_sys_state
 .bss.task_system_event
                0x200002ac        0x1 ./app/src/task_system_interface.o
 .bss.b_task_system_event
                0x200002ad        0x1 ./app/src/task_system_interface.o
 *fill*         0x200002ae        0x2 
 .bss.__sf      0x200002b0      0x138 C:/ST/STM32CubeIDE_1.19.0/STM32CubeIDE/plugins/com.st.stm32cube.ide.mcu.externaltools.gnu-tools-for-stm32.13.3.rel1.win32_1.0.0.202411081344/tools/bin/../lib/gcc/arm-none-eabi/13.3.1/../../../../arm-none-eabi/lib/thumb/v7-m/nofp\libc_nano.a(libc_a-findfp.o)
                0x200002b0                __sf
 .bss.errno     0x200003e8        0x4 C:/ST/STM32CubeIDE_1.19.0/STM32CubeIDE/plugins/com.st.stm32cube.ide.mcu.externaltools.gnu-tools-for-stm32.13.3.rel1.win32_1.0.0.202411081344/tools/bin/../lib/gcc/arm-none-eabi/13.3.1/../../../../arm-none-eabi/lib/thumb/v7-m/nofp\libc_nano.a(libc_a-reent.o)
                0x200003e8                errno
 .bss.__lock___malloc_recursive_mutex
                0x200003ec        0x1 C:/ST/STM32CubeIDE_1.19.0/STM32CubeIDE/plugins/com.st.stm32cube.ide.mcu.externaltools.gnu-tools-for-stm32.13.3.rel1.win32_1.0.0.202411081344/tools/bin/../lib/gcc/arm-none-eabi/13.3.1/../../../../arm-none-eabi/lib/thumb/v7-m/nofp\libc_nano.a(libc_a-lock.o)
                0x200003ec                __lock___malloc_recursive_mutex
 *fill*         0x200003ed        0x3 
 .bss.__malloc_sbrk_start
                0x200003f0        0x4 C:/ST/STM32CubeIDE_1.19.0/STM32CubeIDE/plugins/com.st.stm32cube.ide.mcu.externaltools.gnu-tools-for-stm32.13.3.rel1.win32_1.0.0.202411081344/tools/bin/../lib/gcc/arm-none-eabi/13.3.1/../../../../arm-none-eabi/lib/thumb/v7-m/nofp\libc_nano.a(libc_a-mallocr.o)
                0x200003f0                __malloc_sbrk_start
 .bss.__malloc_free_list
                0x200003f4        0x4 C:/ST/STM32CubeIDE_1.19.0/STM32CubeIDE/plugins/com.st.stm32cube.ide.mcu.externaltools.gnu-tools-for-stm32.13.3.rel1.win32_1.0.0.202411081344/tools/bin/../lib/gcc/arm-none-eabi/13.3.1/../../../../arm-none-eabi/lib/thumb/v7-m/nofp\libc_nano.a(libc_a-mallocr.o)
                0x200003f4                __malloc_free_list
 *(COMMON)
                0x200003f8                        . = ALIGN (0x4)
                0x200003f8                        _ebss = .
                0x200003f8                        __bss_end__ = _ebss

._user_heap_stack
                0x200003f8      0x600 load address 0x08006dfc
                0x200003f8                        . = ALIGN (0x8)
                [!provide]                        PROVIDE (end = .)
                0x200003f8                        PROVIDE (_end = .)
                0x200005f8                        . = (. + _Min_Heap_Size)
 *fill*         0x200003f8      0x200 
                0x200009f8                        . = (. + _Min_Stack_Size)
 *fill*         0x200005f8      0x400 
                0x200009f8                        . = ALIGN (0x8)

/DISCARD/
 libc.a(*)
 libm.a(*)
 libgcc.a(*)

.ARM.attributes
                0x00000000       0x29
 *(.ARM.attributes)
 .ARM.attributes
                0x00000000       0x1d C:/ST/STM32CubeIDE_1.19.0/STM32CubeIDE/plugins/com.st.stm32cube.ide.mcu.externaltools.gnu-tools-for-stm32.13.3.rel1.win32_1.0.0.202411081344/tools/bin/../lib/gcc/arm-none-eabi/13.3.1/thumb/v7-m/nofp/crti.o
 .ARM.attributes
                0x0000001d       0x2d C:/ST/STM32CubeIDE_1.19.0/STM32CubeIDE/plugins/com.st.stm32cube.ide.mcu.externaltools.gnu-tools-for-stm32.13.3.rel1.win32_1.0.0.202411081344/tools/bin/../lib/gcc/arm-none-eabi/13.3.1/thumb/v7-m/nofp/crtbegin.o
 .ARM.attributes
                0x0000004a       0x2d ./Core/Src/main.o
 .ARM.attributes
                0x00000077       0x2d ./Core/Src/stm32f1xx_hal_msp.o
 .ARM.attributes
                0x000000a4       0x2d ./Core/Src/stm32f1xx_it.o
 .ARM.attributes
                0x000000d1       0x2d ./Core/Src/syscalls.o
 .ARM.attributes
                0x000000fe       0x2d ./Core/Src/system_stm32f1xx.o
 .ARM.attributes
                0x0000012b       0x21 ./Core/Startup/startup_stm32f103rbtx.o
 .ARM.attributes
                0x0000014c       0x2d ./Drivers/STM32F1xx_HAL_Driver/Src/stm32f1xx_hal.o
 .ARM.attributes
                0x00000179       0x2d ./Drivers/STM32F1xx_HAL_Driver/Src/stm32f1xx_hal_adc.o
 .ARM.attributes
                0x000001a6       0x2d ./Drivers/STM32F1xx_HAL_Driver/Src/stm32f1xx_hal_cortex.o
 .ARM.attributes
                0x000001d3       0x2d ./Drivers/STM32F1xx_HAL_Driver/Src/stm32f1xx_hal_dma.o
 .ARM.attributes
                0x00000200       0x2d ./Drivers/STM32F1xx_HAL_Driver/Src/stm32f1xx_hal_gpio.o
 .ARM.attributes
                0x0000022d       0x2d ./Drivers/STM32F1xx_HAL_Driver/Src/stm32f1xx_hal_i2c.o
 .ARM.attributes
                0x0000025a       0x2d ./Drivers/STM32F1xx_HAL_Driver/Src/stm32f1xx_hal_pwr.o
 .ARM.attributes
                0x00000287       0x2d ./Drivers/STM32F1xx_HAL_Driver/Src/stm32f1xx_hal_rcc.o
 .ARM.attributes
                0x000002b4       0x2d ./Drivers/STM32F1xx_HAL_Driver/Src/stm32f1xx_hal_rcc_ex.o
 .ARM.attributes
                0x000002e1       0x2d ./Drivers/STM32F1xx_HAL_Driver/Src/stm32f1xx_hal_uart.o
 .ARM.attributes
                0x0000030e       0x2d ./app/src/app.o
 .ARM.attributes
                0x0000033b       0x2d ./app/src/display.o
 .ARM.attributes
                0x00000368       0x2d ./app/src/eeprom.o
 .ARM.attributes
                0x00000395       0x2d ./app/src/logger.o
 .ARM.attributes
                0x000003c2       0x2d ./app/src/task_actuator.o
 .ARM.attributes
                0x000003ef       0x2d ./app/src/task_actuator_interface.o
 .ARM.attributes
                0x0000041c       0x2d ./app/src/task_display.o
 .ARM.attributes
                0x00000449       0x2d ./app/src/task_sensor.o
 .ARM.attributes
                0x00000476       0x2d ./app/src/task_sensor_interface.o
 .ARM.attributes
                0x000004a3       0x2d ./app/src/task_system.o
 .ARM.attributes
                0x000004d0       0x2d ./app/src/task_system_interface.o
 .ARM.attributes
                0x000004fd       0x2d C:/ST/STM32CubeIDE_1.19.0/STM32CubeIDE/plugins/com.st.stm32cube.ide.mcu.externaltools.gnu-tools-for-stm32.13.3.rel1.win32_1.0.0.202411081344/tools/bin/../lib/gcc/arm-none-eabi/13.3.1/../../../../arm-none-eabi/lib/thumb/v7-m/nofp\libc_nano.a(libc_a-findfp.o)
 .ARM.attributes
                0x0000052a       0x2d C:/ST/STM32CubeIDE_1.19.0/STM32CubeIDE/plugins/com.st.stm32cube.ide.mcu.externaltools.gnu-tools-for-stm32.13.3.rel1.win32_1.0.0.202411081344/tools/bin/../lib/gcc/arm-none-eabi/13.3.1/../../../../arm-none-eabi/lib/thumb/v7-m/nofp\libc_nano.a(libc_a-sprintf.o)
 .ARM.attributes
                0x00000557       0x2d C:/ST/STM32CubeIDE_1.19.0/STM32CubeIDE/plugins/com.st.stm32cube.ide.mcu.externaltools.gnu-tools-for-stm32.13.3.rel1.win32_1.0.0.202411081344/tools/bin/../lib/gcc/arm-none-eabi/13.3.1/../../../../arm-none-eabi/lib/thumb/v7-m/nofp\libc_nano.a(libc_a-sscanf.o)
 .ARM.attributes
                0x00000584       0x2d C:/ST/STM32CubeIDE_1.19.0/STM32CubeIDE/plugins/com.st.stm32cube.ide.mcu.externaltools.gnu-tools-for-stm32.13.3.rel1.win32_1.0.0.202411081344/tools/bin/../lib/gcc/arm-none-eabi/13.3.1/../../../../arm-none-eabi/lib/thumb/v7-m/nofp\libc_nano.a(libc_a-stdio.o)
 .ARM.attributes
                0x000005b1       0x2d C:/ST/STM32CubeIDE_1.19.0/STM32CubeIDE/plugins/com.st.stm32cube.ide.mcu.externaltools.gnu-tools-for-stm32.13.3.rel1.win32_1.0.0.202411081344/tools/bin/../lib/gcc/arm-none-eabi/13.3.1/../../../../arm-none-eabi/lib/thumb/v7-m/nofp\libc_nano.a(libc_a-memset.o)
 .ARM.attributes
                0x000005de       0x2d C:/ST/STM32CubeIDE_1.19.0/STM32CubeIDE/plugins/com.st.stm32cube.ide.mcu.externaltools.gnu-tools-for-stm32.13.3.rel1.win32_1.0.0.202411081344/tools/bin/../lib/gcc/arm-none-eabi/13.3.1/../../../../arm-none-eabi/lib/thumb/v7-m/nofp\libc_nano.a(libc_a-strncmp.o)
 .ARM.attributes
                0x0000060b       0x2d C:/ST/STM32CubeIDE_1.19.0/STM32CubeIDE/plugins/com.st.stm32cube.ide.mcu.externaltools.gnu-tools-for-stm32.13.3.rel1.win32_1.0.0.202411081344/tools/bin/../lib/gcc/arm-none-eabi/13.3.1/../../../../arm-none-eabi/lib/thumb/v7-m/nofp\libc_nano.a(libc_a-reent.o)
 .ARM.attributes
                0x00000638       0x2d C:/ST/STM32CubeIDE_1.19.0/STM32CubeIDE/plugins/com.st.stm32cube.ide.mcu.externaltools.gnu-tools-for-stm32.13.3.rel1.win32_1.0.0.202411081344/tools/bin/../lib/gcc/arm-none-eabi/13.3.1/../../../../arm-none-eabi/lib/thumb/v7-m/nofp\libc_nano.a(libc_a-impure.o)
 .ARM.attributes
                0x00000665       0x2d C:/ST/STM32CubeIDE_1.19.0/STM32CubeIDE/plugins/com.st.stm32cube.ide.mcu.externaltools.gnu-tools-for-stm32.13.3.rel1.win32_1.0.0.202411081344/tools/bin/../lib/gcc/arm-none-eabi/13.3.1/../../../../arm-none-eabi/lib/thumb/v7-m/nofp\libc_nano.a(libc_a-errno.o)
 .ARM.attributes
                0x00000692       0x2d C:/ST/STM32CubeIDE_1.19.0/STM32CubeIDE/plugins/com.st.stm32cube.ide.mcu.externaltools.gnu-tools-for-stm32.13.3.rel1.win32_1.0.0.202411081344/tools/bin/../lib/gcc/arm-none-eabi/13.3.1/../../../../arm-none-eabi/lib/thumb/v7-m/nofp\libc_nano.a(libc_a-init.o)
 .ARM.attributes
                0x000006bf       0x2d C:/ST/STM32CubeIDE_1.19.0/STM32CubeIDE/plugins/com.st.stm32cube.ide.mcu.externaltools.gnu-tools-for-stm32.13.3.rel1.win32_1.0.0.202411081344/tools/bin/../lib/gcc/arm-none-eabi/13.3.1/../../../../arm-none-eabi/lib/thumb/v7-m/nofp\libc_nano.a(libc_a-lock.o)
 .ARM.attributes
                0x000006ec       0x17 C:/ST/STM32CubeIDE_1.19.0/STM32CubeIDE/plugins/com.st.stm32cube.ide.mcu.externaltools.gnu-tools-for-stm32.13.3.rel1.win32_1.0.0.202411081344/tools/bin/../lib/gcc/arm-none-eabi/13.3.1/../../../../arm-none-eabi/lib/thumb/v7-m/nofp\libc_nano.a(libc_a-strlen.o)
 .ARM.attributes
                0x00000703       0x2d C:/ST/STM32CubeIDE_1.19.0/STM32CubeIDE/plugins/com.st.stm32cube.ide.mcu.externaltools.gnu-tools-for-stm32.13.3.rel1.win32_1.0.0.202411081344/tools/bin/../lib/gcc/arm-none-eabi/13.3.1/../../../../arm-none-eabi/lib/thumb/v7-m/nofp\libc_nano.a(libc_a-freer.o)
 .ARM.attributes
                0x00000730       0x2d C:/ST/STM32CubeIDE_1.19.0/STM32CubeIDE/plugins/com.st.stm32cube.ide.mcu.externaltools.gnu-tools-for-stm32.13.3.rel1.win32_1.0.0.202411081344/tools/bin/../lib/gcc/arm-none-eabi/13.3.1/../../../../arm-none-eabi/lib/thumb/v7-m/nofp\libc_nano.a(libc_a-mallocr.o)
 .ARM.attributes
                0x0000075d       0x2d C:/ST/STM32CubeIDE_1.19.0/STM32CubeIDE/plugins/com.st.stm32cube.ide.mcu.externaltools.gnu-tools-for-stm32.13.3.rel1.win32_1.0.0.202411081344/tools/bin/../lib/gcc/arm-none-eabi/13.3.1/../../../../arm-none-eabi/lib/thumb/v7-m/nofp\libc_nano.a(libc_a-mlock.o)
 .ARM.attributes
                0x0000078a       0x2d C:/ST/STM32CubeIDE_1.19.0/STM32CubeIDE/plugins/com.st.stm32cube.ide.mcu.externaltools.gnu-tools-for-stm32.13.3.rel1.win32_1.0.0.202411081344/tools/bin/../lib/gcc/arm-none-eabi/13.3.1/../../../../arm-none-eabi/lib/thumb/v7-m/nofp\libc_nano.a(libc_a-nano-svfprintf.o)
 .ARM.attributes
                0x000007b7       0x2d C:/ST/STM32CubeIDE_1.19.0/STM32CubeIDE/plugins/com.st.stm32cube.ide.mcu.externaltools.gnu-tools-for-stm32.13.3.rel1.win32_1.0.0.202411081344/tools/bin/../lib/gcc/arm-none-eabi/13.3.1/../../../../arm-none-eabi/lib/thumb/v7-m/nofp\libc_nano.a(libc_a-nano-svfscanf.o)
 .ARM.attributes
                0x000007e4       0x2d C:/ST/STM32CubeIDE_1.19.0/STM32CubeIDE/plugins/com.st.stm32cube.ide.mcu.externaltools.gnu-tools-for-stm32.13.3.rel1.win32_1.0.0.202411081344/tools/bin/../lib/gcc/arm-none-eabi/13.3.1/../../../../arm-none-eabi/lib/thumb/v7-m/nofp\libc_nano.a(libc_a-nano-vfprintf_i.o)
 .ARM.attributes
                0x00000811       0x2d C:/ST/STM32CubeIDE_1.19.0/STM32CubeIDE/plugins/com.st.stm32cube.ide.mcu.externaltools.gnu-tools-for-stm32.13.3.rel1.win32_1.0.0.202411081344/tools/bin/../lib/gcc/arm-none-eabi/13.3.1/../../../../arm-none-eabi/lib/thumb/v7-m/nofp\libc_nano.a(libc_a-nano-vfscanf_i.o)
 .ARM.attributes
                0x0000083e       0x2d C:/ST/STM32CubeIDE_1.19.0/STM32CubeIDE/plugins/com.st.stm32cube.ide.mcu.externaltools.gnu-tools-for-stm32.13.3.rel1.win32_1.0.0.202411081344/tools/bin/../lib/gcc/arm-none-eabi/13.3.1/../../../../arm-none-eabi/lib/thumb/v7-m/nofp\libc_nano.a(libc_a-sccl.o)
 .ARM.attributes
                0x0000086b       0x2d C:/ST/STM32CubeIDE_1.19.0/STM32CubeIDE/plugins/com.st.stm32cube.ide.mcu.externaltools.gnu-tools-for-stm32.13.3.rel1.win32_1.0.0.202411081344/tools/bin/../lib/gcc/arm-none-eabi/13.3.1/../../../../arm-none-eabi/lib/thumb/v7-m/nofp\libc_nano.a(libc_a-ungetc.o)
 .ARM.attributes
                0x00000898       0x2d C:/ST/STM32CubeIDE_1.19.0/STM32CubeIDE/plugins/com.st.stm32cube.ide.mcu.externaltools.gnu-tools-for-stm32.13.3.rel1.win32_1.0.0.202411081344/tools/bin/../lib/gcc/arm-none-eabi/13.3.1/../../../../arm-none-eabi/lib/thumb/v7-m/nofp\libc_nano.a(libc_a-memmove.o)
 .ARM.attributes
                0x000008c5       0x2d C:/ST/STM32CubeIDE_1.19.0/STM32CubeIDE/plugins/com.st.stm32cube.ide.mcu.externaltools.gnu-tools-for-stm32.13.3.rel1.win32_1.0.0.202411081344/tools/bin/../lib/gcc/arm-none-eabi/13.3.1/../../../../arm-none-eabi/lib/thumb/v7-m/nofp\libc_nano.a(libc_a-sbrkr.o)
 .ARM.attributes
                0x000008f2       0x2d C:/ST/STM32CubeIDE_1.19.0/STM32CubeIDE/plugins/com.st.stm32cube.ide.mcu.externaltools.gnu-tools-for-stm32.13.3.rel1.win32_1.0.0.202411081344/tools/bin/../lib/gcc/arm-none-eabi/13.3.1/../../../../arm-none-eabi/lib/thumb/v7-m/nofp\libc_nano.a(libc_a-memchr-stub.o)
 .ARM.attributes
                0x0000091f       0x2d C:/ST/STM32CubeIDE_1.19.0/STM32CubeIDE/plugins/com.st.stm32cube.ide.mcu.externaltools.gnu-tools-for-stm32.13.3.rel1.win32_1.0.0.202411081344/tools/bin/../lib/gcc/arm-none-eabi/13.3.1/../../../../arm-none-eabi/lib/thumb/v7-m/nofp\libc_nano.a(libc_a-memcpy-stub.o)
 .ARM.attributes
                0x0000094c       0x2d C:/ST/STM32CubeIDE_1.19.0/STM32CubeIDE/plugins/com.st.stm32cube.ide.mcu.externaltools.gnu-tools-for-stm32.13.3.rel1.win32_1.0.0.202411081344/tools/bin/../lib/gcc/arm-none-eabi/13.3.1/../../../../arm-none-eabi/lib/thumb/v7-m/nofp\libc_nano.a(libc_a-reallocr.o)
 .ARM.attributes
                0x00000979       0x2d C:/ST/STM32CubeIDE_1.19.0/STM32CubeIDE/plugins/com.st.stm32cube.ide.mcu.externaltools.gnu-tools-for-stm32.13.3.rel1.win32_1.0.0.202411081344/tools/bin/../lib/gcc/arm-none-eabi/13.3.1/../../../../arm-none-eabi/lib/thumb/v7-m/nofp\libc_nano.a(libc_a-strtol.o)
 .ARM.attributes
                0x000009a6       0x2d C:/ST/STM32CubeIDE_1.19.0/STM32CubeIDE/plugins/com.st.stm32cube.ide.mcu.externaltools.gnu-tools-for-stm32.13.3.rel1.win32_1.0.0.202411081344/tools/bin/../lib/gcc/arm-none-eabi/13.3.1/../../../../arm-none-eabi/lib/thumb/v7-m/nofp\libc_nano.a(libc_a-strtoul.o)
 .ARM.attributes
                0x000009d3       0x2d C:/ST/STM32CubeIDE_1.19.0/STM32CubeIDE/plugins/com.st.stm32cube.ide.mcu.externaltools.gnu-tools-for-stm32.13.3.rel1.win32_1.0.0.202411081344/tools/bin/../lib/gcc/arm-none-eabi/13.3.1/../../../../arm-none-eabi/lib/thumb/v7-m/nofp\libc_nano.a(libc_a-ctype_.o)
 .ARM.attributes
                0x00000a00       0x2d C:/ST/STM32CubeIDE_1.19.0/STM32CubeIDE/plugins/com.st.stm32cube.ide.mcu.externaltools.gnu-tools-for-stm32.13.3.rel1.win32_1.0.0.202411081344/tools/bin/../lib/gcc/arm-none-eabi/13.3.1/../../../../arm-none-eabi/lib/thumb/v7-m/nofp\libc_nano.a(libc_a-msizer.o)
 .ARM.attributes
                0x00000a2d       0x1d C:/ST/STM32CubeIDE_1.19.0/STM32CubeIDE/plugins/com.st.stm32cube.ide.mcu.externaltools.gnu-tools-for-stm32.13.3.rel1.win32_1.0.0.202411081344/tools/bin/../lib/gcc/arm-none-eabi/13.3.1/thumb/v7-m/nofp/crtn.o
OUTPUT(Trabajo-FINAL_tdse.elf elf32-littlearm)
LOAD linker stubs
LOAD C:/ST/STM32CubeIDE_1.19.0/STM32CubeIDE/plugins/com.st.stm32cube.ide.mcu.externaltools.gnu-tools-for-stm32.13.3.rel1.win32_1.0.0.202411081344/tools/bin/../lib/gcc/arm-none-eabi/13.3.1/../../../../arm-none-eabi/lib/thumb/v7-m/nofp\libc.a
LOAD C:/ST/STM32CubeIDE_1.19.0/STM32CubeIDE/plugins/com.st.stm32cube.ide.mcu.externaltools.gnu-tools-for-stm32.13.3.rel1.win32_1.0.0.202411081344/tools/bin/../lib/gcc/arm-none-eabi/13.3.1/../../../../arm-none-eabi/lib/thumb/v7-m/nofp\libm.a
LOAD C:/ST/STM32CubeIDE_1.19.0/STM32CubeIDE/plugins/com.st.stm32cube.ide.mcu.externaltools.gnu-tools-for-stm32.13.3.rel1.win32_1.0.0.202411081344/tools/bin/../lib/gcc/arm-none-eabi/13.3.1/thumb/v7-m/nofp\libgcc.a

.debug_info     0x00000000     0xf0e9
 .debug_info    0x00000000     0x119d ./Core/Src/main.o
 .debug_info    0x0000119d      0xfd7 ./Core/Src/stm32f1xx_hal_msp.o
 .debug_info    0x00002174      0x60d ./Core/Src/stm32f1xx_it.o
 .debug_info    0x00002781      0x6ff ./Core/Src/syscalls.o
 .debug_info    0x00002e80      0x222 ./Core/Src/system_stm32f1xx.o
 .debug_info    0x000030a2       0x30 ./Core/Startup/startup_stm32f103rbtx.o
 .debug_info    0x000030d2      0x704 ./Drivers/STM32F1xx_HAL_Driver/Src/stm32f1xx_hal.o
 .debug_info    0x000037d6      0xc50 ./Drivers/STM32F1xx_HAL_Driver/Src/stm32f1xx_hal_adc.o
 .debug_info    0x00004426      0xa87 ./Drivers/STM32F1xx_HAL_Driver/Src/stm32f1xx_hal_cortex.o
 .debug_info    0x00004ead      0x6d2 ./Drivers/STM32F1xx_HAL_Driver/Src/stm32f1xx_hal_dma.o
 .debug_info    0x0000557f      0x5ab ./Drivers/STM32F1xx_HAL_Driver/Src/stm32f1xx_hal_gpio.o
 .debug_info    0x00005b2a     0x2524 ./Drivers/STM32F1xx_HAL_Driver/Src/stm32f1xx_hal_i2c.o
 .debug_info    0x0000804e      0x628 ./Drivers/STM32F1xx_HAL_Driver/Src/stm32f1xx_hal_pwr.o
 .debug_info    0x00008676      0x7d5 ./Drivers/STM32F1xx_HAL_Driver/Src/stm32f1xx_hal_rcc.o
 .debug_info    0x00008e4b      0x3c0 ./Drivers/STM32F1xx_HAL_Driver/Src/stm32f1xx_hal_rcc_ex.o
 .debug_info    0x0000920b     0x2eed ./Drivers/STM32F1xx_HAL_Driver/Src/stm32f1xx_hal_uart.o
 .debug_info    0x0000c0f8      0x265 ./app/src/app.o
 .debug_info    0x0000c35d      0x271 ./app/src/display.o
 .debug_info    0x0000c5ce      0x78f ./app/src/eeprom.o
 .debug_info    0x0000cd5d      0x852 ./app/src/logger.o
 .debug_info    0x0000d5af      0x24f ./app/src/task_actuator.o
 .debug_info    0x0000d7fe      0x1c7 ./app/src/task_actuator_interface.o
 .debug_info    0x0000d9c5      0x4ca ./app/src/task_display.o
 .debug_info    0x0000de8f      0xad6 ./app/src/task_sensor.o
 .debug_info    0x0000e965      0x221 ./app/src/task_sensor_interface.o
 .debug_info    0x0000eb86      0x315 ./app/src/task_system.o
 .debug_info    0x0000ee9b      0x24e ./app/src/task_system_interface.o

.debug_abbrev   0x00000000     0x3161
 .debug_abbrev  0x00000000      0x2bf ./Core/Src/main.o
 .debug_abbrev  0x000002bf      0x235 ./Core/Src/stm32f1xx_hal_msp.o
 .debug_abbrev  0x000004f4      0x18b ./Core/Src/stm32f1xx_it.o
 .debug_abbrev  0x0000067f      0x1cf ./Core/Src/syscalls.o
 .debug_abbrev  0x0000084e      0x13f ./Core/Src/system_stm32f1xx.o
 .debug_abbrev  0x0000098d       0x24 ./Core/Startup/startup_stm32f103rbtx.o
 .debug_abbrev  0x000009b1      0x201 ./Drivers/STM32F1xx_HAL_Driver/Src/stm32f1xx_hal.o
 .debug_abbrev  0x00000bb2      0x225 ./Drivers/STM32F1xx_HAL_Driver/Src/stm32f1xx_hal_adc.o
 .debug_abbrev  0x00000dd7      0x2f8 ./Drivers/STM32F1xx_HAL_Driver/Src/stm32f1xx_hal_cortex.o
 .debug_abbrev  0x000010cf      0x20b ./Drivers/STM32F1xx_HAL_Driver/Src/stm32f1xx_hal_dma.o
 .debug_abbrev  0x000012da      0x1ca ./Drivers/STM32F1xx_HAL_Driver/Src/stm32f1xx_hal_gpio.o
 .debug_abbrev  0x000014a4      0x2a3 ./Drivers/STM32F1xx_HAL_Driver/Src/stm32f1xx_hal_i2c.o
 .debug_abbrev  0x00001747      0x1f6 ./Drivers/STM32F1xx_HAL_Driver/Src/stm32f1xx_hal_pwr.o
 .debug_abbrev  0x0000193d      0x2b3 ./Drivers/STM32F1xx_HAL_Driver/Src/stm32f1xx_hal_rcc.o
 .debug_abbrev  0x00001bf0      0x188 ./Drivers/STM32F1xx_HAL_Driver/Src/stm32f1xx_hal_rcc_ex.o
 .debug_abbrev  0x00001d78      0x2f8 ./Drivers/STM32F1xx_HAL_Driver/Src/stm32f1xx_hal_uart.o
 .debug_abbrev  0x00002070      0x13a ./app/src/app.o
 .debug_abbrev  0x000021aa      0x169 ./app/src/display.o
 .debug_abbrev  0x00002313      0x1e2 ./app/src/eeprom.o
 .debug_abbrev  0x000024f5      0x232 ./app/src/logger.o
 .debug_abbrev  0x00002727      0x17d ./app/src/task_actuator.o
 .debug_abbrev  0x000028a4       0xd0 ./app/src/task_actuator_interface.o
 .debug_abbrev  0x00002974      0x200 ./app/src/task_display.o
 .debug_abbrev  0x00002b74      0x2c1 ./app/src/task_sensor.o
 .debug_abbrev  0x00002e35       0xa4 ./app/src/task_sensor_interface.o
 .debug_abbrev  0x00002ed9      0x175 ./app/src/task_system.o
 .debug_abbrev  0x0000304e      0x113 ./app/src/task_system_interface.o

.debug_aranges  0x00000000      0xee0
 .debug_aranges
                0x00000000       0x58 ./Core/Src/main.o
 .debug_aranges
                0x00000058       0x50 ./Core/Src/stm32f1xx_hal_msp.o
 .debug_aranges
                0x000000a8       0x70 ./Core/Src/stm32f1xx_it.o
 .debug_aranges
                0x00000118       0xb0 ./Core/Src/syscalls.o
 .debug_aranges
                0x000001c8       0x28 ./Core/Src/system_stm32f1xx.o
 .debug_aranges
                0x000001f0       0x28 ./Core/Startup/startup_stm32f103rbtx.o
 .debug_aranges
                0x00000218       0xe0 ./Drivers/STM32F1xx_HAL_Driver/Src/stm32f1xx_hal.o
 .debug_aranges
                0x000002f8       0xf0 ./Drivers/STM32F1xx_HAL_Driver/Src/stm32f1xx_hal_adc.o
 .debug_aranges
                0x000003e8      0x100 ./Drivers/STM32F1xx_HAL_Driver/Src/stm32f1xx_hal_cortex.o
 .debug_aranges
                0x000004e8       0x80 ./Drivers/STM32F1xx_HAL_Driver/Src/stm32f1xx_hal_dma.o
 .debug_aranges
                0x00000568       0x58 ./Drivers/STM32F1xx_HAL_Driver/Src/stm32f1xx_hal_gpio.o
 .debug_aranges
                0x000005c0      0x2a8 ./Drivers/STM32F1xx_HAL_Driver/Src/stm32f1xx_hal_i2c.o
 .debug_aranges
                0x00000868       0xa8 ./Drivers/STM32F1xx_HAL_Driver/Src/stm32f1xx_hal_pwr.o
 .debug_aranges
                0x00000910       0x90 ./Drivers/STM32F1xx_HAL_Driver/Src/stm32f1xx_hal_rcc.o
 .debug_aranges
                0x000009a0       0x30 ./Drivers/STM32F1xx_HAL_Driver/Src/stm32f1xx_hal_rcc_ex.o
 .debug_aranges
                0x000009d0      0x208 ./Drivers/STM32F1xx_HAL_Driver/Src/stm32f1xx_hal_uart.o
 .debug_aranges
                0x00000bd8       0x30 ./app/src/app.o
 .debug_aranges
                0x00000c08       0x58 ./app/src/display.o
 .debug_aranges
                0x00000c60       0x38 ./app/src/eeprom.o
 .debug_aranges
                0x00000c98       0x48 ./app/src/logger.o
 .debug_aranges
                0x00000ce0       0x28 ./app/src/task_actuator.o
 .debug_aranges
                0x00000d08       0x40 ./app/src/task_actuator_interface.o
 .debug_aranges
                0x00000d48       0x50 ./app/src/task_display.o
 .debug_aranges
                0x00000d98       0x50 ./app/src/task_sensor.o
 .debug_aranges
                0x00000de8       0x58 ./app/src/task_sensor_interface.o
 .debug_aranges
                0x00000e40       0x38 ./app/src/task_system.o
 .debug_aranges
                0x00000e78       0x68 ./app/src/task_system_interface.o

.debug_rnglists
                0x00000000      0xb56
 .debug_rnglists
                0x00000000       0x40 ./Core/Src/main.o
 .debug_rnglists
                0x00000040       0x3a ./Core/Src/stm32f1xx_hal_msp.o
 .debug_rnglists
                0x0000007a       0x4f ./Core/Src/stm32f1xx_it.o
 .debug_rnglists
                0x000000c9       0x7f ./Core/Src/syscalls.o
 .debug_rnglists
                0x00000148       0x1a ./Core/Src/system_stm32f1xx.o
 .debug_rnglists
                0x00000162       0x19 ./Core/Startup/startup_stm32f103rbtx.o
 .debug_rnglists
                0x0000017b       0xa3 ./Drivers/STM32F1xx_HAL_Driver/Src/stm32f1xx_hal.o
 .debug_rnglists
                0x0000021e       0xbc ./Drivers/STM32F1xx_HAL_Driver/Src/stm32f1xx_hal_adc.o
 .debug_rnglists
                0x000002da       0xbb ./Drivers/STM32F1xx_HAL_Driver/Src/stm32f1xx_hal_cortex.o
 .debug_rnglists
                0x00000395       0x64 ./Drivers/STM32F1xx_HAL_Driver/Src/stm32f1xx_hal_dma.o
 .debug_rnglists
                0x000003f9       0x3f ./Drivers/STM32F1xx_HAL_Driver/Src/stm32f1xx_hal_gpio.o
 .debug_rnglists
                0x00000438      0x23c ./Drivers/STM32F1xx_HAL_Driver/Src/stm32f1xx_hal_i2c.o
 .debug_rnglists
                0x00000674       0x7a ./Drivers/STM32F1xx_HAL_Driver/Src/stm32f1xx_hal_pwr.o
 .debug_rnglists
                0x000006ee       0x6c ./Drivers/STM32F1xx_HAL_Driver/Src/stm32f1xx_hal_rcc.o
 .debug_rnglists
                0x0000075a       0x21 ./Drivers/STM32F1xx_HAL_Driver/Src/stm32f1xx_hal_rcc_ex.o
 .debug_rnglists
                0x0000077b      0x1bc ./Drivers/STM32F1xx_HAL_Driver/Src/stm32f1xx_hal_uart.o
 .debug_rnglists
                0x00000937       0x20 ./app/src/app.o
 .debug_rnglists
                0x00000957       0x3e ./app/src/display.o
 .debug_rnglists
                0x00000995       0x27 ./app/src/eeprom.o
 .debug_rnglists
                0x000009bc       0x33 ./app/src/logger.o
 .debug_rnglists
                0x000009ef       0x1b ./app/src/task_actuator.o
 .debug_rnglists
                0x00000a0a       0x2b ./app/src/task_actuator_interface.o
 .debug_rnglists
                0x00000a35       0x3a ./app/src/task_display.o
 .debug_rnglists
                0x00000a6f       0x3a ./app/src/task_sensor.o
 .debug_rnglists
                0x00000aa9       0x3d ./app/src/task_sensor_interface.o
 .debug_rnglists
                0x00000ae6       0x27 ./app/src/task_system.o
 .debug_rnglists
                0x00000b0d       0x49 ./app/src/task_system_interface.o

.debug_macro    0x00000000    0x1a1ee
 .debug_macro   0x00000000      0x1c5 ./Core/Src/main.o
 .debug_macro   0x000001c5      0xacc ./Core/Src/main.o
 .debug_macro   0x00000c91      0x227 ./Core/Src/main.o
 .debug_macro   0x00000eb8       0x2e ./Core/Src/main.o
 .debug_macro   0x00000ee6       0x22 ./Core/Src/main.o
 .debug_macro   0x00000f08       0x22 ./Core/Src/main.o
 .debug_macro   0x00000f2a       0x8e ./Core/Src/main.o
 .debug_macro   0x00000fb8       0x51 ./Core/Src/main.o
 .debug_macro   0x00001009      0x103 ./Core/Src/main.o
 .debug_macro   0x0000110c       0x6a ./Core/Src/main.o
 .debug_macro   0x00001176      0x1df ./Core/Src/main.o
 .debug_macro   0x00001355       0x1c ./Core/Src/main.o
 .debug_macro   0x00001371       0x22 ./Core/Src/main.o
 .debug_macro   0x00001393       0xbd ./Core/Src/main.o
 .debug_macro   0x00001450      0xd23 ./Core/Src/main.o
 .debug_macro   0x00002173     0xe09e ./Core/Src/main.o
 .debug_macro   0x00010211       0x6d ./Core/Src/main.o
 .debug_macro   0x0001027e     0x34a2 ./Core/Src/main.o
 .debug_macro   0x00013720      0x190 ./Core/Src/main.o
 .debug_macro   0x000138b0       0x5c ./Core/Src/main.o
 .debug_macro   0x0001390c      0x5bc ./Core/Src/main.o
 .debug_macro   0x00013ec8      0x289 ./Core/Src/main.o
 .debug_macro   0x00014151      0x1cb ./Core/Src/main.o
 .debug_macro   0x0001431c      0x114 ./Core/Src/main.o
 .debug_macro   0x00014430      0x1b2 ./Core/Src/main.o
 .debug_macro   0x000145e2       0x27 ./Core/Src/main.o
 .debug_macro   0x00014609      0x136 ./Core/Src/main.o
 .debug_macro   0x0001473f      0x1bc ./Core/Src/main.o
 .debug_macro   0x000148fb       0x34 ./Core/Src/main.o
 .debug_macro   0x0001492f       0x3c ./Core/Src/main.o
 .debug_macro   0x0001496b       0x57 ./Core/Src/main.o
 .debug_macro   0x000149c2      0x46a ./Core/Src/main.o
 .debug_macro   0x00014e2c      0x1b5 ./Core/Src/main.o
 .debug_macro   0x00014fe1       0x87 ./Core/Src/main.o
 .debug_macro   0x00015068      0x240 ./Core/Src/main.o
 .debug_macro   0x000152a8      0x287 ./Core/Src/main.o
 .debug_macro   0x0001552f      0x140 ./Core/Src/main.o
 .debug_macro   0x0001566f      0x28e ./Core/Src/main.o
 .debug_macro   0x000158fd       0x83 ./Core/Src/main.o
 .debug_macro   0x00015980      0x172 ./Core/Src/main.o
 .debug_macro   0x00015af2      0x1bb ./Core/Src/stm32f1xx_hal_msp.o
 .debug_macro   0x00015cad      0x1c5 ./Core/Src/stm32f1xx_it.o
 .debug_macro   0x00015e72      0x274 ./Core/Src/syscalls.o
 .debug_macro   0x000160e6       0x5b ./Core/Src/syscalls.o
 .debug_macro   0x00016141       0x24 ./Core/Src/syscalls.o
 .debug_macro   0x00016165       0x94 ./Core/Src/syscalls.o
 .debug_macro   0x000161f9       0x43 ./Core/Src/syscalls.o
 .debug_macro   0x0001623c       0x34 ./Core/Src/syscalls.o
 .debug_macro   0x00016270       0x57 ./Core/Src/syscalls.o
 .debug_macro   0x000162c7      0x370 ./Core/Src/syscalls.o
 .debug_macro   0x00016637       0x16 ./Core/Src/syscalls.o
 .debug_macro   0x0001664d       0x4a ./Core/Src/syscalls.o
 .debug_macro   0x00016697       0x34 ./Core/Src/syscalls.o
 .debug_macro   0x000166cb       0x10 ./Core/Src/syscalls.o
 .debug_macro   0x000166db       0x58 ./Core/Src/syscalls.o
 .debug_macro   0x00016733       0x8e ./Core/Src/syscalls.o
 .debug_macro   0x000167c1       0x1c ./Core/Src/syscalls.o
 .debug_macro   0x000167dd      0x185 ./Core/Src/syscalls.o
 .debug_macro   0x00016962       0x10 ./Core/Src/syscalls.o
 .debug_macro   0x00016972       0x3c ./Core/Src/syscalls.o
 .debug_macro   0x000169ae       0x10 ./Core/Src/syscalls.o
 .debug_macro   0x000169be       0x10 ./Core/Src/syscalls.o
 .debug_macro   0x000169ce       0x10 ./Core/Src/syscalls.o
 .debug_macro   0x000169de       0x1c ./Core/Src/syscalls.o
 .debug_macro   0x000169fa       0x52 ./Core/Src/syscalls.o
 .debug_macro   0x00016a4c       0x22 ./Core/Src/syscalls.o
 .debug_macro   0x00016a6e       0x10 ./Core/Src/syscalls.o
 .debug_macro   0x00016a7e       0x52 ./Core/Src/syscalls.o
 .debug_macro   0x00016ad0       0xcf ./Core/Src/syscalls.o
 .debug_macro   0x00016b9f       0x1c ./Core/Src/syscalls.o
 .debug_macro   0x00016bbb       0x3d ./Core/Src/syscalls.o
 .debug_macro   0x00016bf8       0x35 ./Core/Src/syscalls.o
 .debug_macro   0x00016c2d      0x12c ./Core/Src/syscalls.o
 .debug_macro   0x00016d59       0x16 ./Core/Src/syscalls.o
 .debug_macro   0x00016d6f       0x16 ./Core/Src/syscalls.o
 .debug_macro   0x00016d85       0x29 ./Core/Src/syscalls.o
 .debug_macro   0x00016dae       0x10 ./Core/Src/syscalls.o
 .debug_macro   0x00016dbe      0x242 ./Core/Src/syscalls.o
 .debug_macro   0x00017000       0x1c ./Core/Src/syscalls.o
 .debug_macro   0x0001701c       0x10 ./Core/Src/syscalls.o
 .debug_macro   0x0001702c       0x10 ./Core/Src/syscalls.o
 .debug_macro   0x0001703c       0x16 ./Core/Src/syscalls.o
 .debug_macro   0x00017052      0x146 ./Core/Src/syscalls.o
 .debug_macro   0x00017198      0x18a ./Core/Src/syscalls.o
 .debug_macro   0x00017322       0x16 ./Core/Src/syscalls.o
 .debug_macro   0x00017338       0xce ./Core/Src/syscalls.o
 .debug_macro   0x00017406      0x1ac ./Core/Src/system_stm32f1xx.o
 .debug_macro   0x000175b2      0x1d0 ./Drivers/STM32F1xx_HAL_Driver/Src/stm32f1xx_hal.o
 .debug_macro   0x00017782      0x1c9 ./Drivers/STM32F1xx_HAL_Driver/Src/stm32f1xx_hal_adc.o
 .debug_macro   0x0001794b      0x1ac ./Drivers/STM32F1xx_HAL_Driver/Src/stm32f1xx_hal_cortex.o
 .debug_macro   0x00017af7      0x1ac ./Drivers/STM32F1xx_HAL_Driver/Src/stm32f1xx_hal_dma.o
 .debug_macro   0x00017ca3      0x217 ./Drivers/STM32F1xx_HAL_Driver/Src/stm32f1xx_hal_gpio.o
 .debug_macro   0x00017eba      0x1fa ./Drivers/STM32F1xx_HAL_Driver/Src/stm32f1xx_hal_i2c.o
 .debug_macro   0x000180b4      0x20c ./Drivers/STM32F1xx_HAL_Driver/Src/stm32f1xx_hal_pwr.o
 .debug_macro   0x000182c0      0x1be ./Drivers/STM32F1xx_HAL_Driver/Src/stm32f1xx_hal_rcc.o
 .debug_macro   0x0001847e      0x1ac ./Drivers/STM32F1xx_HAL_Driver/Src/stm32f1xx_hal_rcc_ex.o
 .debug_macro   0x0001862a      0x1ad ./Drivers/STM32F1xx_HAL_Driver/Src/stm32f1xx_hal_uart.o
 .debug_macro   0x000187d7      0x203 ./app/src/app.o
 .debug_macro   0x000189da       0x22 ./app/src/app.o
 .debug_macro   0x000189fc       0x10 ./app/src/app.o
 .debug_macro   0x00018a0c       0x16 ./app/src/app.o
 .debug_macro   0x00018a22       0x3a ./app/src/app.o
 .debug_macro   0x00018a5c      0x1d7 ./app/src/display.o
 .debug_macro   0x00018c33      0x166 ./app/src/display.o
 .debug_macro   0x00018d99      0x1da ./app/src/eeprom.o
 .debug_macro   0x00018f73      0x30d ./app/src/logger.o
 .debug_macro   0x00019280       0x61 ./app/src/logger.o
 .debug_macro   0x000192e1       0x16 ./app/src/logger.o
 .debug_macro   0x000192f7       0x16 ./app/src/logger.o
 .debug_macro   0x0001930d       0x16 ./app/src/logger.o
 .debug_macro   0x00019323       0x20 ./app/src/logger.o
 .debug_macro   0x00019343       0x1c ./app/src/logger.o
 .debug_macro   0x0001935f      0x1fc ./app/src/task_actuator.o
 .debug_macro   0x0001955b       0x16 ./app/src/task_actuator.o
 .debug_macro   0x00019571      0x1d3 ./app/src/task_actuator_interface.o
 .debug_macro   0x00019744      0x2fc ./app/src/task_display.o
 .debug_macro   0x00019a40       0x10 ./app/src/task_display.o
 .debug_macro   0x00019a50      0x207 ./app/src/task_sensor.o
 .debug_macro   0x00019c57      0x1ce ./app/src/task_sensor_interface.o
 .debug_macro   0x00019e25      0x1ee ./app/src/task_system.o
 .debug_macro   0x0001a013      0x1db ./app/src/task_system_interface.o

.debug_line     0x00000000    0x14a31
 .debug_line    0x00000000      0x927 ./Core/Src/main.o
 .debug_line    0x00000927      0x819 ./Core/Src/stm32f1xx_hal_msp.o
 .debug_line    0x00001140      0x7f2 ./Core/Src/stm32f1xx_it.o
 .debug_line    0x00001932      0x8d1 ./Core/Src/syscalls.o
 .debug_line    0x00002203      0x792 ./Core/Src/system_stm32f1xx.o
 .debug_line    0x00002995       0x78 ./Core/Startup/startup_stm32f103rbtx.o
 .debug_line    0x00002a0d      0x9c3 ./Drivers/STM32F1xx_HAL_Driver/Src/stm32f1xx_hal.o
 .debug_line    0x000033d0      0xfe8 ./Drivers/STM32F1xx_HAL_Driver/Src/stm32f1xx_hal_adc.o
 .debug_line    0x000043b8      0xb8d ./Drivers/STM32F1xx_HAL_Driver/Src/stm32f1xx_hal_cortex.o
 .debug_line    0x00004f45      0xdcd ./Drivers/STM32F1xx_HAL_Driver/Src/stm32f1xx_hal_dma.o
 .debug_line    0x00005d12      0xa20 ./Drivers/STM32F1xx_HAL_Driver/Src/stm32f1xx_hal_gpio.o
 .debug_line    0x00006732     0x3bc0 ./Drivers/STM32F1xx_HAL_Driver/Src/stm32f1xx_hal_i2c.o